Product: MDK-ARM Standard 5.10
Component: ARM Compiler 5.04 update 1 (build 49)
Tool: armlink [5040049]

==============================================================================

Section Cross References

    main.o(.text) refers to _printf_percent.o(.ARM.Collect$$_printf_percent$$00000000) for _printf_percent
    main.o(.text) refers to _printf_f.o(.ARM.Collect$$_printf_percent$$00000003) for _printf_f
    main.o(.text) refers to printf1.o(x$fpl$printf1) for _printf_fp_dec
    main.o(.text) refers to _printf_d.o(.ARM.Collect$$_printf_percent$$00000009) for _printf_d
    main.o(.text) refers to _printf_dec.o(.text) for _printf_int_dec
    main.o(.text) refers to _printf_s.o(.ARM.Collect$$_printf_percent$$00000014) for _printf_s
    main.o(.text) refers to _printf_str.o(.text) for _printf_str
    main.o(.text) refers to pow.o(i.pow) for pow
    main.o(.text) refers to daddsub_clz.o(x$fpl$dsub) for __aeabi_dsub
    main.o(.text) refers to dmul.o(x$fpl$dmul) for __aeabi_dmul
    main.o(.text) refers to daddsub_clz.o(x$fpl$dadd) for __aeabi_dadd
    main.o(.text) refers to sqrt.o(i.sqrt) for sqrt
    main.o(.text) refers to ddiv.o(x$fpl$ddiv) for __aeabi_ddiv
    main.o(.text) refers to stm32f10x_rcc.o(.text) for RCC_APB1PeriphClockCmd
    main.o(.text) refers to stm32f10x_gpio.o(.text) for GPIO_Init
    main.o(.text) refers to stm32f10x_tim.o(.text) for TIM_TimeBaseInit
    main.o(.text) refers to main.o(.data) for Sound_velo
    main.o(.text) refers to main.o(.bss) for TIM4_ICInitStructure
    main.o(.text) refers to misc.o(.text) for NVIC_Init
    main.o(.text) refers to sys.o(.text) for NVIC_Configuration
    main.o(.text) refers to delay.o(.text) for delay_init
    main.o(.text) refers to usart.o(.text) for uart_init
    main.o(.text) refers to led.o(.text) for LED_Init
    main.o(.text) refers to ds18b20.o(.text) for DS18B20_Init
    main.o(.text) refers to dflt_clz.o(x$fpl$dflt) for __aeabi_i2d
    main.o(.text) refers to noretval__2printf.o(.text) for __2printf
    main.o(.text) refers to dleqf.o(x$fpl$dleqf) for __aeabi_cdcmple
    main.o(.text) refers to drleqf.o(x$fpl$drleqf) for __aeabi_cdrcmple
    main.o(.text) refers to usart.o(.data) for res
    main.o(.text) refers to atan.o(i.atan) for atan
    main.o(.text) refers to dfix.o(x$fpl$dfix) for __aeabi_d2iz
    main.o(.text) refers to noretval__2sprintf.o(.text) for __2sprintf
    system_stm32f10x.o(.text) refers to system_stm32f10x.o(.data) for SystemCoreClock
    led.o(.text) refers to stm32f10x_rcc.o(.text) for RCC_APB2PeriphClockCmd
    led.o(.text) refers to stm32f10x_gpio.o(.text) for GPIO_Init
    timer.o(.text) refers to stm32f10x_rcc.o(.text) for RCC_APB2PeriphClockCmd
    timer.o(.text) refers to stm32f10x_gpio.o(.text) for GPIO_Init
    timer.o(.text) refers to stm32f10x_tim.o(.text) for TIM_TimeBaseInit
    ds18b20.o(.text) refers to delay.o(.text) for delay_us
    ds18b20.o(.text) refers to stm32f10x_rcc.o(.text) for RCC_APB2PeriphClockCmd
    ds18b20.o(.text) refers to stm32f10x_gpio.o(.text) for GPIO_Init
    ds18b20.o(.text) refers to fflt_clz.o(x$fpl$fflt) for __aeabi_i2f
    ds18b20.o(.text) refers to f2d.o(x$fpl$f2d) for __aeabi_f2d
    ds18b20.o(.text) refers to dmul.o(x$fpl$dmul) for __aeabi_dmul
    ds18b20.o(.text) refers to dfix.o(x$fpl$dfix) for __aeabi_d2iz
    24l01.o(.text) refers to stm32f10x_rcc.o(.text) for RCC_APB2PeriphClockCmd
    24l01.o(.text) refers to stm32f10x_gpio.o(.text) for GPIO_Init
    24l01.o(.text) refers to spi.o(.text) for SPI1_Init
    24l01.o(.text) refers to stm32f10x_spi.o(.text) for SPI_Cmd
    24l01.o(.text) refers to 24l01.o(.constdata) for RX_ADDRESS
    spi.o(.text) refers to stm32f10x_spi.o(.text) for SPI_I2S_GetFlagStatus
    spi.o(.text) refers to stm32f10x_rcc.o(.text) for RCC_APB2PeriphClockCmd
    spi.o(.text) refers to stm32f10x_gpio.o(.text) for GPIO_Init
    spi.o(.text) refers to spi.o(.bss) for SPI_InitStructure
    delay.o(.text) refers to misc.o(.text) for SysTick_CLKSourceConfig
    delay.o(.text) refers to system_stm32f10x.o(.data) for SystemCoreClock
    delay.o(.text) refers to delay.o(.data) for fac_us
    sys.o(.text) refers to misc.o(.text) for NVIC_PriorityGroupConfig
    usart.o(.text) refers (Special) to use_no_semi_2.o(.text) for __use_no_semihosting
    usart.o(.text) refers to stm32f10x_rcc.o(.text) for RCC_APB2PeriphClockCmd
    usart.o(.text) refers to stm32f10x_gpio.o(.text) for GPIO_Init
    usart.o(.text) refers to stm32f10x_usart.o(.text) for USART_Init
    usart.o(.text) refers to misc.o(.text) for NVIC_PriorityGroupConfig
    usart.o(.text) refers to usart.o(.data) for res
    usart.o(.text) refers to usart.o(.bss) for USART3_RX_BUF
    usart.o(.bss) refers (Special) to use_no_semi_2.o(.text) for __use_no_semihosting
    usart.o(.data) refers (Special) to use_no_semi_2.o(.text) for __use_no_semihosting
    startup_stm32f10x_hd.o(STACK) refers (Special) to heapauxi.o(.text) for __use_two_region_memory
[...]
    ../clib/signal.c                         0x00000000   Number         0  defsig_abrt_inner.o ABSOLUTE
    ../clib/signal.c                         0x00000000   Number         0  defsig_general.o ABSOLUTE
    ../clib/signal.c                         0x00000000   Number         0  __raise.o ABSOLUTE
    ../clib/signal.s                         0x00000000   Number         0  defsig.o ABSOLUTE
    ../clib/stdio.c                          0x00000000   Number         0  ferror.o ABSOLUTE
    ../clib/stdio.c                          0x00000000   Number         0  ferror_locked.o ABSOLUTE
    ../clib/stdlib.c                         0x00000000   Number         0  exit.o ABSOLUTE
    ../fplib/daddsub.s                       0x00000000   Number         0  daddsub_clz.o ABSOLUTE
    ../fplib/dcheck1.s                       0x00000000   Number         0  dcheck1.o ABSOLUTE
    ../fplib/dcmpi.s                         0x00000000   Number         0  dcmpi.o ABSOLUTE
    ../fplib/ddiv.s                          0x00000000   Number         0  ddiv.o ABSOLUTE
    ../fplib/dfix.s                          0x00000000   Number         0  dfix.o ABSOLUTE
    ../fplib/dflt.s                          0x00000000   Number         0  dflt_clz.o ABSOLUTE
    ../fplib/dleqf.s                         0x00000000   Number         0  dleqf.o ABSOLUTE
    ../fplib/dmul.s                          0x00000000   Number         0  dmul.o ABSOLUTE
    ../fplib/dnaninf.s                       0x00000000   Number         0  dnaninf.o ABSOLUTE
    ../fplib/dretinf.s                       0x00000000   Number         0  dretinf.o ABSOLUTE
    ../fplib/drleqf.s                        0x00000000   Number         0  drleqf.o ABSOLUTE
    ../fplib/dsqrt.s                         0x00000000   Number         0  dsqrt_noumaal.o ABSOLUTE
    ../fplib/f2d.s                           0x00000000   Number         0  f2d.o ABSOLUTE
    ../fplib/fflt.s                          0x00000000   Number         0  fflt_clz.o ABSOLUTE
    ../fplib/fnaninf.s                       0x00000000   Number         0  fnaninf.o ABSOLUTE
    ../fplib/fpinit.s                        0x00000000   Number         0  fpinit.o ABSOLUTE
    ../fplib/istatus.s                       0x00000000   Number         0  istatus.o ABSOLUTE
    ../fplib/printf1.s                       0x00000000   Number         0  printf1.o ABSOLUTE
    ../fplib/retnan.s                        0x00000000   Number         0  retnan.o ABSOLUTE
    ../fplib/scalbn.s                        0x00000000   Number         0  scalbn.o ABSOLUTE
    ../fplib/trapv.s                         0x00000000   Number         0  trapv.o ABSOLUTE
    ../fplib/usenofp.s                       0x00000000   Number         0  usenofp.o ABSOLUTE
    ../mathlib/atan.c                        0x00000000   Number         0  atan_x.o ABSOLUTE
    ../mathlib/atan.c                        0x00000000   Number         0  atan.o ABSOLUTE
    ../mathlib/dunder.c                      0x00000000   Number         0  dunder.o ABSOLUTE
    ../mathlib/fpclassify.c                  0x00000000   Number         0  fpclassify.o ABSOLUTE
    ../mathlib/poly.c                        0x00000000   Number         0  poly.o ABSOLUTE
    ../mathlib/pow.c                         0x00000000   Number         0  pow.o ABSOLUTE
    ../mathlib/pow.c                         0x00000000   Number         0  pow_x.o ABSOLUTE
    ../mathlib/qnan.c                        0x00000000   Number         0  qnan.o ABSOLUTE
    ../mathlib/sqrt.c                        0x00000000   Number         0  sqrt.o ABSOLUTE
    ../mathlib/sqrt.c                        0x00000000   Number         0  sqrt_x.o ABSOLUTE
    ..\CORE\core_cm3.c                       0x00000000   Number         0  core_cm3.o ABSOLUTE
    ..\CORE\startup_stm32f10x_hd.s           0x00000000   Number         0  startup_stm32f10x_hd.o ABSOLUTE
    ..\HARDWARE\DS18B20\ds18b20.c            0x00000000   Number         0  ds18b20.o ABSOLUTE
    ..\HARDWARE\LED\led.c                    0x00000000   Number         0  led.o ABSOLUTE
    ..\HARDWARE\NRF24L01\24l01.c             0x00000000   Number         0  24l01.o ABSOLUTE
    ..\HARDWARE\SPI\spi.c                    0x00000000   Number         0  spi.o ABSOLUTE
    ..\HARDWARE\TIMER\timer.c                0x00000000   Number         0  timer.o ABSOLUTE
    ..\STM32F10x_FWLib\src\misc.c            0x00000000   Number         0  misc.o ABSOLUTE
    ..\STM32F10x_FWLib\src\stm32f10x_gpio.c  0x00000000   Number         0  stm32f10x_gpio.o ABSOLUTE
    ..\STM32F10x_FWLib\src\stm32f10x_rcc.c   0x00000000   Number         0  stm32f10x_rcc.o ABSOLUTE
    ..\STM32F10x_FWLib\src\stm32f10x_spi.c   0x00000000   Number         0  stm32f10x_spi.o ABSOLUTE
    ..\STM32F10x_FWLib\src\stm32f10x_tim.c   0x00000000   Number         0  stm32f10x_tim.o ABSOLUTE
    ..\STM32F10x_FWLib\src\stm32f10x_usart.c 0x00000000   Number         0  stm32f10x_usart.o ABSOLUTE
    ..\SYSTEM\delay\delay.c                  0x00000000   Number         0  delay.o ABSOLUTE
    ..\SYSTEM\sys\sys.c                      0x00000000   Number         0  sys.o ABSOLUTE
    ..\SYSTEM\usart\usart.c                  0x00000000   Number         0  usart.o ABSOLUTE
    ..\\CORE\\core_cm3.c                     0x00000000   Number         0  core_cm3.o ABSOLUTE
    dc.s                                     0x00000000   Number         0  dc.o ABSOLUTE
    main.c                                   0x00000000   Number         0  main.o ABSOLUTE
    stm32f10x_it.c                           0x00000000   Number         0  stm32f10x_it.o ABSOLUTE
    system_stm32f10x.c                       0x00000000   Number         0  system_stm32f10x.o ABSOLUTE
    RESET                                    0x08000000   Section      304  startup_stm32f10x_hd.o(RESET)
    !!!main                                  0x08000130   Section        8  __main.o(!!!main)
    !!!scatter                               0x08000138   Section       52  __scatter.o(!!!scatter)
    !!handler_copy                           0x0800016c   Section       26  __scatter_copy.o(!!handler_copy)
    !!handler_zi                             0x08000188   Section       28  __scatter_zi.o(!!handler_zi)
    .ARM.Collect$$_printf_percent$$00000000  0x080001a4   Section        0  _printf_percent.o(.ARM.Collect$$_printf_percent$$00000000)
    .ARM.Collect$$_printf_percent$$00000003  0x080001a4   Section        6  _printf_f.o(.ARM.Collect$$_printf_percent$$00000003)
    .ARM.Collect$$_printf_percent$$00000009  0x080001aa   Section        6  _printf_d.o(.ARM.Collect$$_printf_percent$$00000009)
    .ARM.Collect$$_printf_percent$$00000014  0x080001b0   Section        6  _printf_s.o(.ARM.Collect$$_printf_percent$$00000014)
    .ARM.Collect$$_printf_percent$$00000017  0x080001b6   Section        4  _printf_percent_end.o(.ARM.Collect$$_printf_percent$$00000017)
    .ARM.Collect$$libinit$$00000000          0x080001ba   Section        2  libinit.o(.ARM.Collect$$libinit$$00000000)
    .ARM.Collect$$libinit$$00000002          0x080001bc   Section        0  libinit2.o(.ARM.Collect$$libinit$$00000002)
    .ARM.Collect$$libinit$$00000008          0x080001bc   Section        0  libinit2.o(.ARM.Collect$$libinit$$00000008)
    .ARM.Collect$$libinit$$0000000A          0x080001bc   Section        0  libinit2.o(.ARM.Collect$$libinit$$0000000A)
    .ARM.Collect$$libinit$$0000000C          0x080001bc   Section        0  libinit2.o(.ARM.Collect$$libinit$$0000000C)
    .ARM.Collect$$libinit$$0000000D          0x080001bc   Section        6  libinit2.o(.ARM.Collect$$libinit$$0000000D)
    .ARM.Collect$$libinit$$0000000F          0x080001c2   Section        0  libinit2.o(.ARM.Collect$$libinit$$0000000F)
    .ARM.Collect$$libinit$$00000011          0x080001c2   Section        0  libinit2.o(.ARM.Collect$$libinit$$00000011)
    .ARM.Collect$$libinit$$00000013          0x080001c2   Section        0  libinit2.o(.ARM.Collect$$libinit$$00000013)
    .ARM.Collect$$libinit$$00000014          0x080001c2   Section       10  libinit2.o(.ARM.Collect$$libinit$$00000014)
    .ARM.Collect$$libinit$$00000015          0x080001cc   Section        0  libinit2.o(.ARM.Collect$$libinit$$00000015)
    .ARM.Collect$$libinit$$00000017          0x080001cc   Section        0  libinit2.o(.ARM.Collect$$libinit$$00000017)
    .ARM.Collect$$libinit$$00000019          0x080001cc   Section        0  libinit2.o(.ARM.Collect$$libinit$$00000019)
    .ARM.Collect$$libinit$$0000001B          0x080001cc   Section        0  libinit2.o(.ARM.Collect$$libinit$$0000001B)
    .ARM.Collect$$libinit$$0000001D          0x080001cc   Section        0  libinit2.o(.ARM.Collect$$libinit$$0000001D)
    .ARM.Collect$$libinit$$0000001F          0x080001cc   Section        0  libinit2.o(.ARM.Collect$$libinit$$0000001F)
    .ARM.Collect$$libinit$$00000021          0x080001cc   Section        0  libinit2.o(.ARM.Collect$$libinit$$00000021)
    .ARM.Collect$$libinit$$00000023          0x080001cc   Section        0  libinit2.o(.ARM.Collect$$libinit$$00000023)
    .ARM.Collect$$libinit$$0000002A          0x080001cc   Section        0  libinit2.o(.ARM.Collect$$libinit$$0000002A)
    .ARM.Collect$$libinit$$0000002C          0x080001cc   Section        0  libinit2.o(.ARM.Collect$$libinit$$0000002C)
    .ARM.Collect$$libinit$$0000002E          0x080001cc   Section        0  libinit2.o(.ARM.Collect$$libinit$$0000002E)
    .ARM.Collect$$libinit$$00000030          0x080001cc   Section        0  libinit2.o(.ARM.Collect$$libinit$$00000030)
    .ARM.Collect$$libinit$$00000031          0x080001cc   Section        2  libinit2.o(.ARM.Collect$$libinit$$00000031)
    .ARM.Collect$$libshutdown$$00000000      0x080001ce   Section        2  libshutdown.o(.ARM.Collect$$libshutdown$$00000000)
    .ARM.Collect$$libshutdown$$00000003      0x080001d0   Section        0  libshutdown2.o(.ARM.Collect$$libshutdown$$00000003)
    .ARM.Collect$$libshutdown$$00000006      0x080001d0   Section        0  libshutdown2.o(.ARM.Collect$$libshutdown$$00000006)
    .ARM.Collect$$libshutdown$$00000009      0x080001d0   Section        0  libshutdown2.o(.ARM.Collect$$libshutdown$$00000009)
    .ARM.Collect$$libshutdown$$0000000B      0x080001d0   Section        0  libshutdown2.o(.ARM.Collect$$libshutdown$$0000000B)
    .ARM.Collect$$libshutdown$$0000000E      0x080001d0   Section        0  libshutdown2.o(.ARM.Collect$$libshutdown$$0000000E)
    .ARM.Collect$$libshutdown$$0000000F      0x080001d0   Section        2  libshutdown2.o(.ARM.Collect$$libshutdown$$0000000F)
    .ARM.Collect$$rtentry$$00000000          0x080001d2   Section        0  rtentry.o(.ARM.Collect$$rtentry$$00000000)
    .ARM.Collect$$rtentry$$00000002          0x080001d2   Section        0  rtentry2.o(.ARM.Collect$$rtentry$$00000002)
    .ARM.Collect$$rtentry$$00000004          0x080001d2   Section        6  rtentry4.o(.ARM.Collect$$rtentry$$00000004)
    .ARM.Collect$$rtentry$$00000009          0x080001d8   Section        0  rtentry2.o(.ARM.Collect$$rtentry$$00000009)
    .ARM.Collect$$rtentry$$0000000A          0x080001d8   Section        4  rtentry2.o(.ARM.Collect$$rtentry$$0000000A)
    .ARM.Collect$$rtentry$$0000000C          0x080001dc   Section        0  rtentry2.o(.ARM.Collect$$rtentry$$0000000C)
    .ARM.Collect$$rtentry$$0000000D          0x080001dc   Section        8  rtentry2.o(.ARM.Collect$$rtentry$$0000000D)
    .ARM.Collect$$rtexit$$00000000           0x080001e4   Section        2  rtexit.o(.ARM.Collect$$rtexit$$00000000)
    .ARM.Collect$$rtexit$$00000002           0x080001e6   Section        0  rtexit2.o(.ARM.Collect$$rtexit$$00000002)
    .ARM.Collect$$rtexit$$00000003           0x080001e6   Section        4  rtexit2.o(.ARM.Collect$$rtexit$$00000003)
    .ARM.Collect$$rtexit$$00000004           0x080001ea   Section        6  rtexit2.o(.ARM.Collect$$rtexit$$00000004)
    .text                                    0x080001f0   Section        0  main.o(.text)
    .text                                    0x080025e8   Section        0  stm32f10x_it.o(.text)
    .text                                    0x08002604   Section        0  system_stm32f10x.o(.text)
    SetSysClockTo72                          0x08002605   Thumb Code   214  system_stm32f10x.o(.text)
    SetSysClock                              0x080026db   Thumb Code     8  system_stm32f10x.o(.text)
    .text                                    0x080027e4   Section        0  led.o(.text)
    .text                                    0x08002834   Section        0  ds18b20.o(.text)
    .text                                    0x08002a98   Section        0  delay.o(.text)
    .text                                    0x08002b6c   Section        0  sys.o(.text)
    .text                                    0x08002b78   Section        0  usart.o(.text)
    .text                                    0x08002e40   Section       64  startup_stm32f10x_hd.o(.text)
    .text                                    0x08002e80   Section        0  stm32f10x_gpio.o(.text)
    .text                                    0x080031dc   Section        0  stm32f10x_rcc.o(.text)
    .text                                    0x08003580   Section        0  stm32f10x_usart.o(.text)
    .text                                    0x08003988   Section        0  misc.o(.text)
    .text                                    0x08003a64   Section        0  stm32f10x_tim.o(.text)
    TI4_Config                               0x08003f0b   Thumb Code   130  stm32f10x_tim.o(.text)
    TI3_Config                               0x08003f9f   Thumb Code   122  stm32f10x_tim.o(.text)
    TI2_Config                               0x08004033   Thumb Code   130  stm32f10x_tim.o(.text)
    TI1_Config                               0x080040c7   Thumb Code   108  stm32f10x_tim.o(.text)
    .text                                    0x0800487e   Section        2  use_no_semi_2.o(.text)
    .text                                    0x08004880   Section        0  noretval__2printf.o(.text)
    .text                                    0x08004898   Section        0  noretval__2sprintf.o(.text)
    .text                                    0x080048c0   Section        0  __printf.o(.text)
    .text                                    0x08004928   Section        0  _printf_str.o(.text)
    .text                                    0x0800497c   Section        0  _printf_dec.o(.text)
    .text                                    0x080049f0   Section        0  heapauxi.o(.text)
    .text                                    0x080049f6   Section        2  use_no_semi.o(.text)
    .text                                    0x080049f8   Section        0  _rserrno.o(.text)
    .text                                    0x08004a0e   Section        0  _printf_intcommon.o(.text)
    .text                                    0x08004ac0   Section        0  _printf_fp_dec.o(.text)
    _fp_digits                               0x08004ac3   Thumb Code   428  _printf_fp_dec.o(.text)
    .text                                    0x08004ed8   Section        0  _printf_char_common.o(.text)
    _printf_input_char                       0x08004ed9   Thumb Code    10  _printf_char_common.o(.text)
    .text                                    0x08004f08   Section        0  _sputc.o(.text)
    .text                                    0x08004f12   Section        0  _printf_char.o(.text)
    .text                                    0x08004f40   Section        0  _printf_char_file.o(.text)
    .text                                    0x08004f64   Section        8  rt_locale_intlibspace.o(.text)
    .text                                    0x08004f6c   Section        8  rt_errno_addr_intlibspace.o(.text)
    .text                                    0x08004f74   Section      138  lludiv10.o(.text)
    .text                                    0x08005000   Section        0  _printf_fp_infnan.o(.text)
    .text                                    0x08005080   Section        0  bigflt0.o(.text)
    .text                                    0x08005158   Section        0  ferror.o(.text)
    .text                                    0x08005160   Section        8  libspace.o(.text)
    .text                                    0x08005168   Section       74  sys_stackheap_outer.o(.text)
    .text                                    0x080051b2   Section        0  exit.o(.text)
    .text                                    0x080051c0   Section      128  strcmpv7m.o(.text)
    CL$$btod_d2e                             0x08005240   Section       62  btod.o(CL$$btod_d2e)
    CL$$btod_d2e_denorm_low                  0x0800527e   Section       70  btod.o(CL$$btod_d2e_denorm_low)
    CL$$btod_d2e_norm_op1                    0x080052c4   Section       96  btod.o(CL$$btod_d2e_norm_op1)
    CL$$btod_div_common                      0x08005324   Section      824  btod.o(CL$$btod_div_common)
    CL$$btod_e2e                             0x0800565c   Section      198  btod.o(CL$$btod_e2e)
    CL$$btod_ediv                            0x08005722   Section       40  btod.o(CL$$btod_ediv)
    CL$$btod_emul                            0x0800574a   Section       40  btod.o(CL$$btod_emul)
    CL$$btod_mult_common                     0x08005772   Section      580  btod.o(CL$$btod_mult_common)
    i.__ARM_fpclassify                       0x080059b6   Section        0  fpclassify.o(i.__ARM_fpclassify)
    i.__kernel_poly                          0x080059de   Section        0  poly.o(i.__kernel_poly)
    i.__mathlib_dbl_underflow                0x08005a88   Section        0  dunder.o(i.__mathlib_dbl_underflow)
    i.atan                                   0x08005a98   Section        0  atan.o(i.atan)
    i.pow                                    0x08005cbc   Section        0  pow.o(i.pow)
    i.sqrt                                   0x0800669c   Section        0  sqrt.o(i.sqrt)
    locale$$code                             0x080066e8   Section       44  lc_numeric_c.o(locale$$code)
    x$fpl$dadd                               0x08006714   Section      336  daddsub_clz.o(x$fpl$dadd)
    _dadd1                                   0x08006725   Thumb Code     0  daddsub_clz.o(x$fpl$dadd)
    x$fpl$dcheck1                            0x08006864   Section       16  dcheck1.o(x$fpl$dcheck1)
    x$fpl$dcmpinf                            0x08006874   Section       24  dcmpi.o(x$fpl$dcmpinf)
    x$fpl$ddiv                               0x0800688c   Section      688  ddiv.o(x$fpl$ddiv)
    ddiv_entry                               0x08006893   Thumb Code     0  ddiv.o(x$fpl$ddiv)
    x$fpl$dfix                               0x08006b3c   Section       94  dfix.o(x$fpl$dfix)
    x$fpl$dflt                               0x08006b9a   Section       46  dflt_clz.o(x$fpl$dflt)
    x$fpl$dleqf                              0x08006bc8   Section      120  dleqf.o(x$fpl$dleqf)
    x$fpl$dmul                               0x08006c40   Section      340  dmul.o(x$fpl$dmul)
    x$fpl$dnaninf                            0x08006d94   Section      156  dnaninf.o(x$fpl$dnaninf)
    x$fpl$dretinf                            0x08006e30   Section       12  dretinf.o(x$fpl$dretinf)
    x$fpl$drleqf                             0x08006e3c   Section      108  drleqf.o(x$fpl$drleqf)
    x$fpl$drsb                               0x08006ea8   Section       22  daddsub_clz.o(x$fpl$drsb)
    x$fpl$dsqrt                              0x08006ec0   Section      460  dsqrt_noumaal.o(x$fpl$dsqrt)
    x$fpl$dsub                               0x0800708c   Section      468  daddsub_clz.o(x$fpl$dsub)
    _dsub1                                   0x0800709d   Thumb Code     0  daddsub_clz.o(x$fpl$dsub)
    x$fpl$f2d                                0x08007260   Section       86  f2d.o(x$fpl$f2d)
    x$fpl$fflt                               0x080072b8   Section       48  fflt_clz.o(x$fpl$fflt)
    x$fpl$fnaninf                            0x080072e8   Section      140  fnaninf.o(x$fpl$fnaninf)
    x$fpl$printf1                            0x08007374   Section        4  printf1.o(x$fpl$printf1)
    x$fpl$retnan                             0x08007378   Section      100  retnan.o(x$fpl$retnan)
    x$fpl$scalbn                             0x080073dc   Section       92  scalbn.o(x$fpl$scalbn)
    x$fpl$trapveneer                         0x08007438   Section       48  trapv.o(x$fpl$trapveneer)
    .constdata                               0x08007468   Section      152  atan.o(.constdata)
    x$fpl$usenofp                            0x08007468   Section        0  usenofp.o(x$fpl$usenofp)
    atanhi                                   0x08007468   Data          32  atan.o(.constdata)
    atanlo                                   0x08007488   Data          32  atan.o(.constdata)
    aTodd                                    0x080074a8   Data          40  atan.o(.constdata)
    aTeven                                   0x080074d0   Data          48  atan.o(.constdata)
    .constdata                               0x08007500   Section      136  pow.o(.constdata)
    bp                                       0x08007500   Data          16  pow.o(.constdata)
    dp_h                                     0x08007510   Data          16  pow.o(.constdata)
    dp_l                                     0x08007520   Data          16  pow.o(.constdata)
    L                                        0x08007530   Data          48  pow.o(.constdata)
    P                                        0x08007560   Data          40  pow.o(.constdata)
    .constdata                               0x08007588   Section        8  qnan.o(.constdata)
    .constdata                               0x08007590   Section      148  bigflt0.o(.constdata)
    tenpwrs_x                                0x08007590   Data          60  bigflt0.o(.constdata)
    tenpwrs_i                                0x080075cc   Data          64  bigflt0.o(.constdata)
    locale$$data                             0x08007644   Section       28  lc_numeric_c.o(locale$$data)
    __lcnum_c_name                           0x08007648   Data           2  lc_numeric_c.o(locale$$data)
    __lcnum_c_start                          0x08007650   Data           0  lc_numeric_c.o(locale$$data)
    __lcnum_c_point                          0x0800765c   Data           0  lc_numeric_c.o(locale$$data)
    __lcnum_c_thousands                      0x0800765e   Data           0  lc_numeric_c.o(locale$$data)
    __lcnum_c_grouping                       0x0800765f   Data           0  lc_numeric_c.o(locale$$data)
    __lcnum_c_end                            0x08007660   Data           0  lc_numeric_c.o(locale$$data)
    .data                                    0x20000000   Section       32  main.o(.data)
    .data                                    0x20000020   Section       20  system_stm32f10x.o(.data)
    .data                                    0x20000034   Section        4  delay.o(.data)
    fac_us                                   0x20000034   Data           1  delay.o(.data)
    fac_ms                                   0x20000036   Data           2  delay.o(.data)
    .data                                    0x20000038   Section       10  usart.o(.data)
    .data                                    0x20000042   Section       20  stm32f10x_rcc.o(.data)
    APBAHBPrescTable                         0x20000042   Data          16  stm32f10x_rcc.o(.data)
    ADCPrescTable                            0x20000052   Data           4  stm32f10x_rcc.o(.data)
    .bss                                     0x20000058   Section       10  main.o(.bss)
    .bss                                     0x20000062   Section      400  usart.o(.bss)
    .bss                                     0x200001f4   Section       96  libspace.o(.bss)
    HEAP                                     0x20000258   Section      512  startup_stm32f10x_hd.o(HEAP)
    Heap_Mem                                 0x20000258   Data         512  startup_stm32f10x_hd.o(HEAP)
    STACK                                    0x20000458   Section     1024  startup_stm32f10x_hd.o(STACK)
    Stack_Mem                                0x20000458   Data        1024  startup_stm32f10x_hd.o(STACK)
    __initial_sp                             0x20000858   Data           0  startup_stm32f10x_hd.o(STACK)

    Global Symbols

    Symbol Name                              Value     Ov Type        Size  Object(Section)

    BuildAttributes$$THM_ISAv4$P$D$K$B$S$PE$A:L22UL41UL21$X:L11$S22US41US21$IEEE1$IW$USESV6$~STKCKD$USESV7$~SHL$OTIME$ROPI$IEEEX$EBA8$UX$STANDARDLIB$REQ8$PRES8$EABIv2 0x00000000   Number         0  anon$$obj.o ABSOLUTE
    __ARM_use_no_argv                        0x00000000   Number         0  main.o ABSOLUTE
    __ARM_exceptions_init                     - Undefined Weak Reference
    __alloca_initialize                       - Undefined Weak Reference
    __cpp_initialize__aeabi_                  - Undefined Weak Reference
    __cxa_finalize                            - Undefined Weak Reference
    __sigvec_lookup                           - Undefined Weak Reference
    _atexit_init                              - Undefined Weak Reference
    _call_atexit_fns                          - Undefined Weak Reference
    _clock_init                               - Undefined Weak Reference
    _fp_trap_init                             - Undefined Weak Reference
    _fp_trap_shutdown                         - Undefined Weak Reference
    _get_lc_collate                           - Undefined Weak Reference
    _get_lc_ctype                             - Undefined Weak Reference
    _get_lc_monetary                          - Undefined Weak Reference
    _get_lc_time                              - Undefined Weak Reference
    _getenv_init                              - Undefined Weak Reference
    _handle_redirection                       - Undefined Weak Reference
    _init_alloc                               - Undefined Weak Reference
    _init_user_alloc                          - Undefined Weak Reference
    _initio                                   - Undefined Weak Reference
    _mutex_acquire                            - Undefined Weak Reference
    _mutex_release                            - Undefined Weak Reference
    _printf_mbtowc                            - Undefined Weak Reference
    _printf_post_padding                      - Undefined Weak Reference
    _printf_pre_padding                       - Undefined Weak Reference
    _printf_truncate_signed                   - Undefined Weak Reference
    _printf_truncate_unsigned                 - Undefined Weak Reference
    _rand_init                                - Undefined Weak Reference
    _signal_finish                            - Undefined Weak Reference
    _signal_init                              - Undefined Weak Reference
    _terminate_alloc                          - Undefined Weak Reference
    _terminate_user_alloc                     - Undefined Weak Reference
    _terminateio                              - Undefined Weak Reference
    __Vectors_Size                           0x00000130   Number         0  startup_stm32f10x_hd.o ABSOLUTE
    __Vectors                                0x08000000   Data           4  startup_stm32f10x_hd.o(RESET)
    __Vectors_End                            0x08000130   Data           0  startup_stm32f10x_hd.o(RESET)
    __main                                   0x08000131   Thumb Code     8  __main.o(!!!main)
    __scatterload                            0x08000139   Thumb Code     0  __scatter.o(!!!scatter)
    __scatterload_rt2                        0x08000139   Thumb Code    44  __scatter.o(!!!scatter)
    __scatterload_rt2_thumb_only             0x08000139   Thumb Code     0  __scatter.o(!!!scatter)
    __scatterload_null                       0x08000147   Thumb Code     0  __scatter.o(!!!scatter)
    __scatterload_copy                       0x0800016d   Thumb Code    26  __scatter_copy.o(!!handler_copy)
    __scatterload_zeroinit                   0x08000189   Thumb Code    28  __scatter_zi.o(!!handler_zi)
    _printf_f                                0x080001a5   Thumb Code     0  _printf_f.o(.ARM.Collect$$_printf_percent$$00000003)
    _printf_percent                          0x080001a5   Thumb Code     0  _printf_percent.o(.ARM.Collect$$_printf_percent$$00000000)
    _printf_d                                0x080001ab   Thumb Code     0  _printf_d.o(.ARM.Collect$$_printf_percent$$00000009)
    _printf_s                                0x080001b1   Thumb Code     0  _printf_s.o(.ARM.Collect$$_printf_percent$$00000014)
    _printf_percent_end                      0x080001b7   Thumb Code     0  _printf_percent_end.o(.ARM.Collect$$_printf_percent$$00000017)
    __rt_lib_init                            0x080001bb   Thumb Code     0  libinit.o(.ARM.Collect$$libinit$$00000000)
    __rt_lib_init_fp_1                       0x080001bd   Thumb Code     0  libinit2.o(.ARM.Collect$$libinit$$00000002)
    __rt_lib_init_heap_1                     0x080001bd   Thumb Code     0  libinit2.o(.ARM.Collect$$libinit$$00000008)
    __rt_lib_init_lc_common                  0x080001bd   Thumb Code     0  libinit2.o(.ARM.Collect$$libinit$$0000000D)
    __rt_lib_init_rand_1                     0x080001bd   Thumb Code     0  libinit2.o(.ARM.Collect$$libinit$$0000000C)
    __rt_lib_init_user_alloc_1               0x080001bd   Thumb Code     0  libinit2.o(.ARM.Collect$$libinit$$0000000A)
    __rt_lib_init_lc_collate_1               0x080001c3   Thumb Code     0  libinit2.o(.ARM.Collect$$libinit$$0000000F)
    __rt_lib_init_lc_ctype_1                 0x080001c3   Thumb Code     0  libinit2.o(.ARM.Collect$$libinit$$00000011)
    __rt_lib_init_lc_monetary_1              0x080001c3   Thumb Code     0  libinit2.o(.ARM.Collect$$libinit$$00000013)
    __rt_lib_init_lc_numeric_2               0x080001c3   Thumb Code     0  libinit2.o(.ARM.Collect$$libinit$$00000014)
    __rt_lib_init_alloca_1                   0x080001cd   Thumb Code     0  libinit2.o(.ARM.Collect$$libinit$$0000002C)
    __rt_lib_init_argv_1                     0x080001cd   Thumb Code     0  libinit2.o(.ARM.Collect$$libinit$$0000002A)
    __rt_lib_init_atexit_1                   0x080001cd   Thumb Code     0  libinit2.o(.ARM.Collect$$libinit$$00000019)
    __rt_lib_init_clock_1                    0x080001cd   Thumb Code     0  libinit2.o(.ARM.Collect$$libinit$$0000001F)
    __rt_lib_init_cpp_1                      0x080001cd   Thumb Code     0  libinit2.o(.ARM.Collect$$libinit$$00000030)
    __rt_lib_init_exceptions_1               0x080001cd   Thumb Code     0  libinit2.o(.ARM.Collect$$libinit$$0000002E)
    __rt_lib_init_fp_trap_1                  0x080001cd   Thumb Code     0  libinit2.o(.ARM.Collect$$libinit$$0000001D)
    __rt_lib_init_getenv_1                   0x080001cd   Thumb Code     0  libinit2.o(.ARM.Collect$$libinit$$00000021)
    __rt_lib_init_lc_numeric_1               0x080001cd   Thumb Code     0  libinit2.o(.ARM.Collect$$libinit$$00000015)
    __rt_lib_init_lc_time_1                  0x080001cd   Thumb Code     0  libinit2.o(.ARM.Collect$$libinit$$00000017)
    __rt_lib_init_return                     0x080001cd   Thumb Code     0  libinit2.o(.ARM.Collect$$libinit$$00000031)
    __rt_lib_init_signal_1                   0x080001cd   Thumb Code     0  libinit2.o(.ARM.Collect$$libinit$$0000001B)
    __rt_lib_init_stdio_1                    0x080001cd   Thumb Code     0  libinit2.o(.ARM.Collect$$libinit$$00000023)
    __rt_lib_shutdown                        0x080001cf   Thumb Code     0  libshutdown.o(.ARM.Collect$$libshutdown$$00000000)
    __rt_lib_shutdown_fp_trap_1              0x080001d1   Thumb Code     0  libshutdown2.o(.ARM.Collect$$libshutdown$$00000006)
    __rt_lib_shutdown_heap_1                 0x080001d1   Thumb Code     0  libshutdown2.o(.ARM.Collect$$libshutdown$$0000000E)
    __rt_lib_shutdown_return                 0x080001d1   Thumb Code     0  libshutdown2.o(.ARM.Collect$$libshutdown$$0000000F)
    __rt_lib_shutdown_signal_1               0x080001d1   Thumb Code     0  libshutdown2.o(.ARM.Collect$$libshutdown$$00000009)
    __rt_lib_shutdown_stdio_1                0x080001d1   Thumb Code     0  libshutdown2.o(.ARM.Collect$$libshutdown$$00000003)
    __rt_lib_shutdown_user_alloc_1           0x080001d1   Thumb Code     0  libshutdown2.o(.ARM.Collect$$libshutdown$$0000000B)
    __rt_entry                               0x080001d3   Thumb Code     0  rtentry.o(.ARM.Collect$$rtentry$$00000000)
    __rt_entry_presh_1                       0x080001d3   Thumb Code     0  rtentry2.o(.ARM.Collect$$rtentry$$00000002)
    __rt_entry_sh                            0x080001d3   Thumb Code     0  rtentry4.o(.ARM.Collect$$rtentry$$00000004)
    __rt_entry_li                            0x080001d9   Thumb Code     0  rtentry2.o(.ARM.Collect$$rtentry$$0000000A)
    __rt_entry_postsh_1                      0x080001d9   Thumb Code     0  rtentry2.o(.ARM.Collect$$rtentry$$00000009)
    __rt_entry_main                          0x080001dd   Thumb Code     0  rtentry2.o(.ARM.Collect$$rtentry$$0000000D)
    __rt_entry_postli_1                      0x080001dd   Thumb Code     0  rtentry2.o(.ARM.Collect$$rtentry$$0000000C)
    __rt_exit                                0x080001e5   Thumb Code     0  rtexit.o(.ARM.Collect$$rtexit$$00000000)
    __rt_exit_ls                             0x080001e7   Thumb Code     0  rtexit2.o(.ARM.Collect$$rtexit$$00000003)
    __rt_exit_prels_1                        0x080001e7   Thumb Code     0  rtexit2.o(.ARM.Collect$$rtexit$$00000002)
    __rt_exit_exit                           0x080001eb   Thumb Code     0  rtexit2.o(.ARM.Collect$$rtexit$$00000004)
    delay_xms                                0x080001f1   Thumb Code    32  main.o(.text)
    get_position                             0x08000211   Thumb Code   940  main.o(.text)
    TIM4_Cap_Init                            0x080005bd   Thumb Code   268  main.o(.text)
    main                                     0x080006c9   Thumb Code  7586  main.o(.text)
    TIM4_IRQHandler                          0x0800246b   Thumb Code   382  main.o(.text)
    NMI_Handler                              0x080025e9   Thumb Code     2  stm32f10x_it.o(.text)
    HardFault_Handler                        0x080025eb   Thumb Code     4  stm32f10x_it.o(.text)
    MemManage_Handler                        0x080025ef   Thumb Code     4  stm32f10x_it.o(.text)
    BusFault_Handler                         0x080025f3   Thumb Code     4  stm32f10x_it.o(.text)
    UsageFault_Handler                       0x080025f7   Thumb Code     4  stm32f10x_it.o(.text)
    SVC_Handler                              0x080025fb   Thumb Code     2  stm32f10x_it.o(.text)
    DebugMon_Handler                         0x080025fd   Thumb Code     2  stm32f10x_it.o(.text)
    PendSV_Handler                           0x080025ff   Thumb Code     2  stm32f10x_it.o(.text)
    SysTick_Handler                          0x08002601   Thumb Code     2  stm32f10x_it.o(.text)
    SystemInit                               0x080026e3   Thumb Code    78  system_stm32f10x.o(.text)
    SystemCoreClockUpdate                    0x08002731   Thumb Code   142  system_stm32f10x.o(.text)
    LED_Init                                 0x080027e5   Thumb Code    72  led.o(.text)
    DS18B20_Rst                              0x08002835   Thumb Code    54  ds18b20.o(.text)
    DS18B20_Check                            0x0800286b   Thumb Code    96  ds18b20.o(.text)
    DS18B20_Read_Bit                         0x080028cb   Thumb Code    96  ds18b20.o(.text)
    DS18B20_Read_Byte                        0x0800292b   Thumb Code    34  ds18b20.o(.text)
    DS18B20_Write_Byte                       0x0800294d   Thumb Code   102  ds18b20.o(.text)
    DS18B20_Start                            0x080029b3   Thumb Code    24  ds18b20.o(.text)
    DS18B20_Init                             0x080029cb   Thumb Code    54  ds18b20.o(.text)
    DS18B20_Get_Temp                         0x08002a01   Thumb Code   136  ds18b20.o(.text)
    delay_init                               0x08002a99   Thumb Code    50  delay.o(.text)
    delay_us                                 0x08002acb   Thumb Code    72  delay.o(.text)
    delay_ms                                 0x08002b13   Thumb Code    72  delay.o(.text)
    NVIC_Configuration                       0x08002b6d   Thumb Code    12  sys.o(.text)
    USART3_Configuration                     0x08002b79   Thumb Code   166  usart.o(.text)
    USART3_Send_Byte                         0x08002c1f   Thumb Code    28  usart.o(.text)
    USART3_Send_String                       0x08002c3b   Thumb Code    22  usart.o(.text)
    USART3_IRQHandler                        0x08002c51   Thumb Code   148  usart.o(.text)
    _sys_exit                                0x08002ce5   Thumb Code     6  usart.o(.text)
    fputc                                    0x08002ceb   Thumb Code    24  usart.o(.text)
    uart_init                                0x08002d03   Thumb Code   158  usart.o(.text)
    USART1_IRQHandler                        0x08002da1   Thumb Code   122  usart.o(.text)
    Reset_Handler                            0x08002e41   Thumb Code     8  startup_stm32f10x_hd.o(.text)
    ADC1_2_IRQHandler                        0x08002e5b   Thumb Code     0  startup_stm32f10x_hd.o(.text)
    ADC3_IRQHandler                          0x08002e5b   Thumb Code     0  startup_stm32f10x_hd.o(.text)
    CAN1_RX1_IRQHandler                      0x08002e5b   Thumb Code     0  startup_stm32f10x_hd.o(.text)
    CAN1_SCE_IRQHandler                      0x08002e5b   Thumb Code     0  startup_stm32f10x_hd.o(.text)
    DMA1_Channel1_IRQHandler                 0x08002e5b   Thumb Code     0  startup_stm32f10x_hd.o(.text)
    DMA1_Channel2_IRQHandler                 0x08002e5b   Thumb Code     0  startup_stm32f10x_hd.o(.text)
    DMA1_Channel3_IRQHandler                 0x08002e5b   Thumb Code     0  startup_stm32f10x_hd.o(.text)
    DMA1_Channel4_IRQHandler                 0x08002e5b   Thumb Code     0  startup_stm32f10x_hd.o(.text)
    DMA1_Channel5_IRQHandler                 0x08002e5b   Thumb Code     0  startup_stm32f10x_hd.o(.text)
    DMA1_Channel6_IRQHandler                 0x08002e5b   Thumb Code     0  startup_stm32f10x_hd.o(.text)
    DMA1_Channel7_IRQHandler                 0x08002e5b   Thumb Code     0  startup_stm32f10x_hd.o(.text)
    DMA2_Channel1_IRQHandler                 0x08002e5b   Thumb Code     0  startup_stm32f10x_hd.o(.text)
    DMA2_Channel2_IRQHandler                 0x08002e5b   Thumb Code     0  startup_stm32f10x_hd.o(.text)
    DMA2_Channel3_IRQHandler                 0x08002e5b   Thumb Code     0  startup_stm32f10x_hd.o(.text)
    DMA2_Channel4_5_IRQHandler               0x08002e5b   Thumb Code     0  startup_stm32f10x_hd.o(.text)
    EXTI0_IRQHandler                         0x08002e5b   Thumb Code     0  startup_stm32f10x_hd.o(.text)
    EXTI15_10_IRQHandler                     0x08002e5b   Thumb Code     0  startup_stm32f10x_hd.o(.text)
    EXTI1_IRQHandler                         0x08002e5b   Thumb Code     0  startup_stm32f10x_hd.o(.text)
    EXTI2_IRQHandler                         0x08002e5b   Thumb Code     0  startup_stm32f10x_hd.o(.text)
    EXTI3_IRQHandler                         0x08002e5b   Thumb Code     0  startup_stm32f10x_hd.o(.text)
    EXTI4_IRQHandler                         0x08002e5b   Thumb Code     0  startup_stm32f10x_hd.o(.text)
    EXTI9_5_IRQHandler                       0x08002e5b   Thumb Code     0  startup_stm32f10x_hd.o(.text)
    FLASH_IRQHandler                         0x08002e5b   Thumb Code     0  startup_stm32f10x_hd.o(.text)
    FSMC_IRQHandler                          0x08002e5b   Thumb Code     0  startup_stm32f10x_hd.o(.text)
    I2C1_ER_IRQHandler                       0x08002e5b   Thumb Code     0  startup_stm32f10x_hd.o(.text)
    I2C1_EV_IRQHandler                       0x08002e5b   Thumb Code     0  startup_stm32f10x_hd.o(.text)
    I2C2_ER_IRQHandler                       0x08002e5b   Thumb Code     0  startup_stm32f10x_hd.o(.text)
    I2C2_EV_IRQHandler                       0x08002e5b   Thumb Code     0  startup_stm32f10x_hd.o(.text)
    PVD_IRQHandler                           0x08002e5b   Thumb Code     0  startup_stm32f10x_hd.o(.text)
    RCC_IRQHandler                           0x08002e5b   Thumb Code     0  startup_stm32f10x_hd.o(.text)
    RTCAlarm_IRQHandler                      0x08002e5b   Thumb Code     0  startup_stm32f10x_hd.o(.text)
    RTC_IRQHandler                           0x08002e5b   Thumb Code     0  startup_stm32f10x_hd.o(.text)
    SDIO_IRQHandler                          0x08002e5b   Thumb Code     0  startup_stm32f10x_hd.o(.text)
    SPI1_IRQHandler                          0x08002e5b   Thumb Code     0  startup_stm32f10x_hd.o(.text)
    SPI2_IRQHandler                          0x08002e5b   Thumb Code     0  startup_stm32f10x_hd.o(.text)
    SPI3_IRQHandler                          0x08002e5b   Thumb Code     0  startup_stm32f10x_hd.o(.text)
    TAMPER_IRQHandler                        0x08002e5b   Thumb Code     0  startup_stm32f10x_hd.o(.text)
    TIM1_BRK_IRQHandler                      0x08002e5b   Thumb Code     0  startup_stm32f10x_hd.o(.text)
    TIM1_CC_IRQHandler                       0x08002e5b   Thumb Code     0  startup_stm32f10x_hd.o(.text)
    TIM1_TRG_COM_IRQHandler                  0x08002e5b   Thumb Code     0  startup_stm32f10x_hd.o(.text)
    TIM1_UP_IRQHandler                       0x08002e5b   Thumb Code     0  startup_stm32f10x_hd.o(.text)
    TIM2_IRQHandler                          0x08002e5b   Thumb Code     0  startup_stm32f10x_hd.o(.text)
    TIM3_IRQHandler                          0x08002e5b   Thumb Code     0  startup_stm32f10x_hd.o(.text)
    TIM5_IRQHandler                          0x08002e5b   Thumb Code     0  startup_stm32f10x_hd.o(.text)
    TIM6_IRQHandler                          0x08002e5b   Thumb Code     0  startup_stm32f10x_hd.o(.text)
    TIM7_IRQHandler                          0x08002e5b   Thumb Code     0  startup_stm32f10x_hd.o(.text)
    TIM8_BRK_IRQHandler                      0x08002e5b   Thumb Code     0  startup_stm32f10x_hd.o(.text)
    TIM8_CC_IRQHandler                       0x08002e5b   Thumb Code     0  startup_stm32f10x_hd.o(.text)
    TIM8_TRG_COM_IRQHandler                  0x08002e5b   Thumb Code     0  startup_stm32f10x_hd.o(.text)
    TIM8_UP_IRQHandler                       0x08002e5b   Thumb Code     0  startup_stm32f10x_hd.o(.text)
    UART4_IRQHandler                         0x08002e5b   Thumb Code     0  startup_stm32f10x_hd.o(.text)
    UART5_IRQHandler                         0x08002e5b   Thumb Code     0  startup_stm32f10x_hd.o(.text)
    USART2_IRQHandler                        0x08002e5b   Thumb Code     0  startup_stm32f10x_hd.o(.text)
    USBWakeUp_IRQHandler                     0x08002e5b   Thumb Code     0  startup_stm32f10x_hd.o(.text)
    USB_HP_CAN1_TX_IRQHandler                0x08002e5b   Thumb Code     0  startup_stm32f10x_hd.o(.text)
    USB_LP_CAN1_RX0_IRQHandler               0x08002e5b   Thumb Code     0  startup_stm32f10x_hd.o(.text)
    WWDG_IRQHandler                          0x08002e5b   Thumb Code     0  startup_stm32f10x_hd.o(.text)
    __user_initial_stackheap                 0x08002e5d   Thumb Code     0  startup_stm32f10x_hd.o(.text)
    GPIO_DeInit                              0x08002e81   Thumb Code   172  stm32f10x_gpio.o(.text)
    GPIO_AFIODeInit                          0x08002f2d   Thumb Code    20  stm32f10x_gpio.o(.text)
    GPIO_Init                                0x08002f41   Thumb Code   278  stm32f10x_gpio.o(.text)
    GPIO_StructInit                          0x08003057   Thumb Code    16  stm32f10x_gpio.o(.text)
    GPIO_ReadInputDataBit                    0x08003067   Thumb Code    18  stm32f10x_gpio.o(.text)
    GPIO_ReadInputData                       0x08003079   Thumb Code     8  stm32f10x_gpio.o(.text)
    GPIO_ReadOutputDataBit                   0x08003081   Thumb Code    18  stm32f10x_gpio.o(.text)
    GPIO_ReadOutputData                      0x08003093   Thumb Code     8  stm32f10x_gpio.o(.text)
    GPIO_SetBits                             0x0800309b   Thumb Code     4  stm32f10x_gpio.o(.text)
    GPIO_ResetBits                           0x0800309f   Thumb Code     4  stm32f10x_gpio.o(.text)
    GPIO_WriteBit                            0x080030a3   Thumb Code    10  stm32f10x_gpio.o(.text)
    GPIO_Write                               0x080030ad   Thumb Code     4  stm32f10x_gpio.o(.text)
    GPIO_PinLockConfig                       0x080030b1   Thumb Code    18  stm32f10x_gpio.o(.text)
    GPIO_EventOutputConfig                   0x080030c3   Thumb Code    26  stm32f10x_gpio.o(.text)
    GPIO_EventOutputCmd                      0x080030dd   Thumb Code     6  stm32f10x_gpio.o(.text)
    GPIO_PinRemapConfig                      0x080030e3   Thumb Code   138  stm32f10x_gpio.o(.text)
    GPIO_EXTILineConfig                      0x0800316d   Thumb Code    66  stm32f10x_gpio.o(.text)
    GPIO_ETH_MediaInterfaceConfig            0x080031af   Thumb Code     8  stm32f10x_gpio.o(.text)
    RCC_DeInit                               0x080031dd   Thumb Code    64  stm32f10x_rcc.o(.text)
    RCC_HSEConfig                            0x0800321d   Thumb Code    70  stm32f10x_rcc.o(.text)
    RCC_GetFlagStatus                        0x08003263   Thumb Code    56  stm32f10x_rcc.o(.text)
    RCC_WaitForHSEStartUp                    0x0800329b   Thumb Code    56  stm32f10x_rcc.o(.text)
    RCC_AdjustHSICalibrationValue            0x080032d3   Thumb Code    20  stm32f10x_rcc.o(.text)
    RCC_HSICmd                               0x080032e7   Thumb Code     6  stm32f10x_rcc.o(.text)
    RCC_PLLConfig                            0x080032ed   Thumb Code    24  stm32f10x_rcc.o(.text)
    RCC_PLLCmd                               0x08003305   Thumb Code     6  stm32f10x_rcc.o(.text)
    RCC_SYSCLKConfig                         0x0800330b   Thumb Code    18  stm32f10x_rcc.o(.text)
    RCC_GetSYSCLKSource                      0x0800331d   Thumb Code    10  stm32f10x_rcc.o(.text)
    RCC_HCLKConfig                           0x08003327   Thumb Code    18  stm32f10x_rcc.o(.text)
    RCC_PCLK1Config                          0x08003339   Thumb Code    18  stm32f10x_rcc.o(.text)
    RCC_PCLK2Config                          0x0800334b   Thumb Code    20  stm32f10x_rcc.o(.text)
    RCC_ITConfig                             0x0800335f   Thumb Code    26  stm32f10x_rcc.o(.text)
    RCC_USBCLKConfig                         0x08003379   Thumb Code     8  stm32f10x_rcc.o(.text)
    RCC_ADCCLKConfig                         0x08003381   Thumb Code    18  stm32f10x_rcc.o(.text)
    RCC_LSEConfig                            0x08003393   Thumb Code    50  stm32f10x_rcc.o(.text)
    RCC_LSICmd                               0x080033c5   Thumb Code     6  stm32f10x_rcc.o(.text)
    RCC_RTCCLKConfig                         0x080033cb   Thumb Code    12  stm32f10x_rcc.o(.text)
    RCC_RTCCLKCmd                            0x080033d7   Thumb Code     8  stm32f10x_rcc.o(.text)
    RCC_GetClocksFreq                        0x080033df   Thumb Code   192  stm32f10x_rcc.o(.text)
    RCC_AHBPeriphClockCmd                    0x0800349f   Thumb Code    26  stm32f10x_rcc.o(.text)
    RCC_APB2PeriphClockCmd                   0x080034b9   Thumb Code    26  stm32f10x_rcc.o(.text)
    RCC_APB1PeriphClockCmd                   0x080034d3   Thumb Code    26  stm32f10x_rcc.o(.text)
    RCC_APB2PeriphResetCmd                   0x080034ed   Thumb Code    26  stm32f10x_rcc.o(.text)
    RCC_APB1PeriphResetCmd                   0x08003507   Thumb Code    26  stm32f10x_rcc.o(.text)
    RCC_BackupResetCmd                       0x08003521   Thumb Code     8  stm32f10x_rcc.o(.text)
    RCC_ClockSecuritySystemCmd               0x08003529   Thumb Code     6  stm32f10x_rcc.o(.text)
    RCC_MCOConfig                            0x0800352f   Thumb Code     6  stm32f10x_rcc.o(.text)
    RCC_ClearFlag                            0x08003535   Thumb Code    14  stm32f10x_rcc.o(.text)
    RCC_GetITStatus                          0x08003543   Thumb Code    20  stm32f10x_rcc.o(.text)
    RCC_ClearITPendingBit                    0x08003557   Thumb Code     6  stm32f10x_rcc.o(.text)
    USART_DeInit                             0x08003581   Thumb Code   134  stm32f10x_usart.o(.text)
    USART_Init                               0x08003607   Thumb Code   210  stm32f10x_usart.o(.text)
    USART_StructInit                         0x080036d9   Thumb Code    24  stm32f10x_usart.o(.text)
    USART_ClockInit                          0x080036f1   Thumb Code    34  stm32f10x_usart.o(.text)
    USART_ClockStructInit                    0x08003713   Thumb Code    12  stm32f10x_usart.o(.text)
    USART_Cmd                                0x0800371f   Thumb Code    24  stm32f10x_usart.o(.text)
    USART_ITConfig                           0x08003737   Thumb Code    74  stm32f10x_usart.o(.text)
    USART_DMACmd                             0x08003781   Thumb Code    18  stm32f10x_usart.o(.text)
    USART_SetAddress                         0x08003793   Thumb Code    18  stm32f10x_usart.o(.text)
    USART_WakeUpConfig                       0x080037a5   Thumb Code    18  stm32f10x_usart.o(.text)
    USART_ReceiverWakeUpCmd                  0x080037b7   Thumb Code    24  stm32f10x_usart.o(.text)
    USART_LINBreakDetectLengthConfig         0x080037cf   Thumb Code    18  stm32f10x_usart.o(.text)
    USART_LINCmd                             0x080037e1   Thumb Code    24  stm32f10x_usart.o(.text)
    USART_SendData                           0x080037f9   Thumb Code     8  stm32f10x_usart.o(.text)
    USART_ReceiveData                        0x08003801   Thumb Code    10  stm32f10x_usart.o(.text)
    USART_SendBreak                          0x0800380b   Thumb Code    10  stm32f10x_usart.o(.text)
    USART_SetGuardTime                       0x08003815   Thumb Code    16  stm32f10x_usart.o(.text)
    USART_SetPrescaler                       0x08003825   Thumb Code    16  stm32f10x_usart.o(.text)
    USART_SmartCardCmd                       0x08003835   Thumb Code    24  stm32f10x_usart.o(.text)
    USART_SmartCardNACKCmd                   0x0800384d   Thumb Code    24  stm32f10x_usart.o(.text)
    USART_HalfDuplexCmd                      0x08003865   Thumb Code    24  stm32f10x_usart.o(.text)
    USART_OverSampling8Cmd                   0x0800387d   Thumb Code    22  stm32f10x_usart.o(.text)
    USART_OneBitMethodCmd                    0x08003893   Thumb Code    24  stm32f10x_usart.o(.text)
    USART_IrDAConfig                         0x080038ab   Thumb Code    18  stm32f10x_usart.o(.text)
    USART_IrDACmd                            0x080038bd   Thumb Code    24  stm32f10x_usart.o(.text)
    USART_GetFlagStatus                      0x080038d5   Thumb Code    26  stm32f10x_usart.o(.text)
    USART_ClearFlag                          0x080038ef   Thumb Code    18  stm32f10x_usart.o(.text)
    USART_GetITStatus                        0x08003901   Thumb Code    84  stm32f10x_usart.o(.text)
    USART_ClearITPendingBit                  0x08003955   Thumb Code    52  stm32f10x_usart.o(.text)
    NVIC_PriorityGroupConfig                 0x08003989   Thumb Code    10  misc.o(.text)
    NVIC_Init                                0x08003993   Thumb Code   100  misc.o(.text)
    NVIC_SetVectorTable                      0x080039f7   Thumb Code    14  misc.o(.text)
    NVIC_SystemLPConfig                      0x08003a05   Thumb Code    34  misc.o(.text)
    SysTick_CLKSourceConfig                  0x08003a27   Thumb Code    40  misc.o(.text)
    TIM_DeInit                               0x08003a65   Thumb Code   424  stm32f10x_tim.o(.text)
    TIM_TimeBaseInit                         0x08003c0d   Thumb Code   122  stm32f10x_tim.o(.text)
    TIM_OC1Init                              0x08003c87   Thumb Code   132  stm32f10x_tim.o(.text)
    TIM_OC2Init                              0x08003d0b   Thumb Code   154  stm32f10x_tim.o(.text)
    TIM_OC3Init                              0x08003da5   Thumb Code   150  stm32f10x_tim.o(.text)
    TIM_OC4Init                              0x08003e3b   Thumb Code   182  stm32f10x_tim.o(.text)
    TIM_SetIC4Prescaler                      0x08003ef1   Thumb Code    26  stm32f10x_tim.o(.text)
    TIM_SetIC3Prescaler                      0x08003f8d   Thumb Code    18  stm32f10x_tim.o(.text)
    TIM_SetIC2Prescaler                      0x08004019   Thumb Code    26  stm32f10x_tim.o(.text)
    TIM_SetIC1Prescaler                      0x080040b5   Thumb Code    18  stm32f10x_tim.o(.text)
    TIM_ICInit                               0x08004133   Thumb Code   150  stm32f10x_tim.o(.text)
    TIM_PWMIConfig                           0x080041c9   Thumb Code   124  stm32f10x_tim.o(.text)
    TIM_BDTRConfig                           0x08004245   Thumb Code    32  stm32f10x_tim.o(.text)
    TIM_TimeBaseStructInit                   0x08004265   Thumb Code    18  stm32f10x_tim.o(.text)
    TIM_OCStructInit                         0x08004277   Thumb Code    20  stm32f10x_tim.o(.text)
    TIM_ICStructInit                         0x0800428b   Thumb Code    18  stm32f10x_tim.o(.text)
    TIM_BDTRStructInit                       0x0800429d   Thumb Code    40  stm32f10x_tim.o(.text)
    TIM_Cmd                                  0x080042c5   Thumb Code    24  stm32f10x_tim.o(.text)
    TIM_CtrlPWMOutputs                       0x080042dd   Thumb Code    30  stm32f10x_tim.o(.text)
    TIM_ITConfig                             0x080042fb   Thumb Code    18  stm32f10x_tim.o(.text)
    TIM_GenerateEvent                        0x0800430d   Thumb Code     4  stm32f10x_tim.o(.text)
    TIM_DMAConfig                            0x08004311   Thumb Code    10  stm32f10x_tim.o(.text)
    TIM_DMACmd                               0x0800431b   Thumb Code    18  stm32f10x_tim.o(.text)
    TIM_InternalClockConfig                  0x0800432d   Thumb Code    12  stm32f10x_tim.o(.text)
    TIM_SelectInputTrigger                   0x08004339   Thumb Code    18  stm32f10x_tim.o(.text)
    TIM_ITRxExternalClockConfig              0x0800434b   Thumb Code    24  stm32f10x_tim.o(.text)
    TIM_TIxExternalClockConfig               0x08004363   Thumb Code    62  stm32f10x_tim.o(.text)
    TIM_ETRConfig                            0x080043a1   Thumb Code    28  stm32f10x_tim.o(.text)
    TIM_ETRClockMode1Config                  0x080043bd   Thumb Code    54  stm32f10x_tim.o(.text)
    TIM_ETRClockMode2Config                  0x080043f3   Thumb Code    32  stm32f10x_tim.o(.text)
    TIM_PrescalerConfig                      0x08004413   Thumb Code     6  stm32f10x_tim.o(.text)
    TIM_CounterModeConfig                    0x08004419   Thumb Code    18  stm32f10x_tim.o(.text)
    TIM_EncoderInterfaceConfig               0x0800442b   Thumb Code    66  stm32f10x_tim.o(.text)
    TIM_ForcedOC1Config                      0x0800446d   Thumb Code    18  stm32f10x_tim.o(.text)
    TIM_ForcedOC2Config                      0x0800447f   Thumb Code    26  stm32f10x_tim.o(.text)
    TIM_ForcedOC3Config                      0x08004499   Thumb Code    18  stm32f10x_tim.o(.text)
    TIM_ForcedOC4Config                      0x080044ab   Thumb Code    26  stm32f10x_tim.o(.text)
    TIM_ARRPreloadConfig                     0x080044c5   Thumb Code    24  stm32f10x_tim.o(.text)
    TIM_SelectCOM                            0x080044dd   Thumb Code    24  stm32f10x_tim.o(.text)
    TIM_SelectCCDMA                          0x080044f5   Thumb Code    24  stm32f10x_tim.o(.text)
    TIM_CCPreloadControl                     0x0800450d   Thumb Code    24  stm32f10x_tim.o(.text)
    TIM_OC1PreloadConfig                     0x08004525   Thumb Code    18  stm32f10x_tim.o(.text)
    TIM_OC2PreloadConfig                     0x08004537   Thumb Code    26  stm32f10x_tim.o(.text)
    TIM_OC3PreloadConfig                     0x08004551   Thumb Code    18  stm32f10x_tim.o(.text)
    TIM_OC4PreloadConfig                     0x08004563   Thumb Code    26  stm32f10x_tim.o(.text)
    TIM_OC1FastConfig                        0x0800457d   Thumb Code    18  stm32f10x_tim.o(.text)
    TIM_OC2FastConfig                        0x0800458f   Thumb Code    26  stm32f10x_tim.o(.text)
    TIM_OC3FastConfig                        0x080045a9   Thumb Code    18  stm32f10x_tim.o(.text)
    TIM_OC4FastConfig                        0x080045bb   Thumb Code    26  stm32f10x_tim.o(.text)
    TIM_ClearOC1Ref                          0x080045d5   Thumb Code    18  stm32f10x_tim.o(.text)
    TIM_ClearOC2Ref                          0x080045e7   Thumb Code    24  stm32f10x_tim.o(.text)
    TIM_ClearOC3Ref                          0x080045ff   Thumb Code    18  stm32f10x_tim.o(.text)
    TIM_ClearOC4Ref                          0x08004611   Thumb Code    24  stm32f10x_tim.o(.text)
    TIM_OC1PolarityConfig                    0x08004629   Thumb Code    18  stm32f10x_tim.o(.text)
    TIM_OC1NPolarityConfig                   0x0800463b   Thumb Code    18  stm32f10x_tim.o(.text)
    TIM_OC2PolarityConfig                    0x0800464d   Thumb Code    26  stm32f10x_tim.o(.text)
    TIM_OC2NPolarityConfig                   0x08004667   Thumb Code    26  stm32f10x_tim.o(.text)
    TIM_OC3PolarityConfig                    0x08004681   Thumb Code    26  stm32f10x_tim.o(.text)
    TIM_OC3NPolarityConfig                   0x0800469b   Thumb Code    26  stm32f10x_tim.o(.text)
    TIM_OC4PolarityConfig                    0x080046b5   Thumb Code    26  stm32f10x_tim.o(.text)
    TIM_CCxCmd                               0x080046cf   Thumb Code    30  stm32f10x_tim.o(.text)
    TIM_CCxNCmd                              0x080046ed   Thumb Code    30  stm32f10x_tim.o(.text)
    TIM_SelectOCxM                           0x0800470b   Thumb Code    82  stm32f10x_tim.o(.text)
    TIM_UpdateDisableConfig                  0x0800475d   Thumb Code    24  stm32f10x_tim.o(.text)
    TIM_UpdateRequestConfig                  0x08004775   Thumb Code    24  stm32f10x_tim.o(.text)
    TIM_SelectHallSensor                     0x0800478d   Thumb Code    24  stm32f10x_tim.o(.text)
    TIM_SelectOnePulseMode                   0x080047a5   Thumb Code    18  stm32f10x_tim.o(.text)
    TIM_SelectOutputTrigger                  0x080047b7   Thumb Code    18  stm32f10x_tim.o(.text)
    TIM_SelectSlaveMode                      0x080047c9   Thumb Code    18  stm32f10x_tim.o(.text)
    TIM_SelectMasterSlaveMode                0x080047db   Thumb Code    18  stm32f10x_tim.o(.text)
    TIM_SetCounter                           0x080047ed   Thumb Code     4  stm32f10x_tim.o(.text)
    TIM_SetAutoreload                        0x080047f1   Thumb Code     4  stm32f10x_tim.o(.text)
    TIM_SetCompare1                          0x080047f5   Thumb Code     4  stm32f10x_tim.o(.text)
    TIM_SetCompare2                          0x080047f9   Thumb Code     4  stm32f10x_tim.o(.text)
    TIM_SetCompare3                          0x080047fd   Thumb Code     4  stm32f10x_tim.o(.text)
    TIM_SetCompare4                          0x08004801   Thumb Code     6  stm32f10x_tim.o(.text)
    TIM_SetClockDivision                     0x08004807   Thumb Code    18  stm32f10x_tim.o(.text)
    TIM_GetCapture1                          0x08004819   Thumb Code     6  stm32f10x_tim.o(.text)
    TIM_GetCapture2                          0x0800481f   Thumb Code     6  stm32f10x_tim.o(.text)
    TIM_GetCapture3                          0x08004825   Thumb Code     6  stm32f10x_tim.o(.text)
    TIM_GetCapture4                          0x0800482b   Thumb Code     8  stm32f10x_tim.o(.text)
    TIM_GetCounter                           0x08004833   Thumb Code     6  stm32f10x_tim.o(.text)
    TIM_GetPrescaler                         0x08004839   Thumb Code     6  stm32f10x_tim.o(.text)
    TIM_GetFlagStatus                        0x0800483f   Thumb Code    18  stm32f10x_tim.o(.text)
    TIM_ClearFlag                            0x08004851   Thumb Code     6  stm32f10x_tim.o(.text)
    TIM_GetITStatus                          0x08004857   Thumb Code    34  stm32f10x_tim.o(.text)
    TIM_ClearITPendingBit                    0x08004879   Thumb Code     6  stm32f10x_tim.o(.text)
    __use_no_semihosting                     0x0800487f   Thumb Code     2  use_no_semi_2.o(.text)
    __2printf                                0x08004881   Thumb Code    20  noretval__2printf.o(.text)
    __2sprintf                               0x08004899   Thumb Code    34  noretval__2sprintf.o(.text)
    __printf                                 0x080048c1   Thumb Code   104  __printf.o(.text)
    _printf_str                              0x08004929   Thumb Code    82  _printf_str.o(.text)
    _printf_int_dec                          0x0800497d   Thumb Code   100  _printf_dec.o(.text)
    __use_two_region_memory                  0x080049f1   Thumb Code     2  heapauxi.o(.text)
    __rt_heap_escrow$2region                 0x080049f3   Thumb Code     2  heapauxi.o(.text)
    __rt_heap_expand$2region                 0x080049f5   Thumb Code     2  heapauxi.o(.text)
    __I$use$semihosting                      0x080049f7   Thumb Code     0  use_no_semi.o(.text)
    __use_no_semihosting_swi                 0x080049f7   Thumb Code     2  use_no_semi.o(.text)
    __read_errno                             0x080049f9   Thumb Code    10  _rserrno.o(.text)
    __set_errno                              0x08004a03   Thumb Code    12  _rserrno.o(.text)
    _printf_int_common                       0x08004a0f   Thumb Code   178  _printf_intcommon.o(.text)
    __lib_sel_fp_printf                      0x08004ac1   Thumb Code     2  _printf_fp_dec.o(.text)
    _printf_fp_dec_real                      0x08004c6f   Thumb Code   616  _printf_fp_dec.o(.text)
    _printf_char_common                      0x08004ee3   Thumb Code    32  _printf_char_common.o(.text)
    _sputc                                   0x08004f09   Thumb Code    10  _sputc.o(.text)
    _printf_cs_common                        0x08004f13   Thumb Code    20  _printf_char.o(.text)
    _printf_char                             0x08004f27   Thumb Code    16  _printf_char.o(.text)
    _printf_string                           0x08004f37   Thumb Code     8  _printf_char.o(.text)
    _printf_char_file                        0x08004f41   Thumb Code    32  _printf_char_file.o(.text)
    __rt_locale                              0x08004f65   Thumb Code     8  rt_locale_intlibspace.o(.text)
    __aeabi_errno_addr                       0x08004f6d   Thumb Code     8  rt_errno_addr_intlibspace.o(.text)
    __errno$intlibspace                      0x08004f6d   Thumb Code     0  rt_errno_addr_intlibspace.o(.text)
    __rt_errno_addr$intlibspace              0x08004f6d   Thumb Code     0  rt_errno_addr_intlibspace.o(.text)
    _ll_udiv10                               0x08004f75   Thumb Code   138  lludiv10.o(.text)
    _printf_fp_infnan                        0x08005001   Thumb Code   112  _printf_fp_infnan.o(.text)
    _btod_etento                             0x08005081   Thumb Code   212  bigflt0.o(.text)
    ferror                                   0x08005159   Thumb Code     8  ferror.o(.text)
    __user_libspace                          0x08005161   Thumb Code     8  libspace.o(.text)
    __user_perproc_libspace                  0x08005161   Thumb Code     0  libspace.o(.text)
    __user_perthread_libspace                0x08005161   Thumb Code     0  libspace.o(.text)
    __user_setup_stackheap                   0x08005169   Thumb Code    74  sys_stackheap_outer.o(.text)
    exit                                     0x080051b3   Thumb Code    12  exit.o(.text)
    strcmp                                   0x080051c1   Thumb Code   128  strcmpv7m.o(.text)
    _btod_d2e                                0x08005241   Thumb Code    62  btod.o(CL$$btod_d2e)
    _d2e_denorm_low                          0x0800527f   Thumb Code    70  btod.o(CL$$btod_d2e_denorm_low)
    _d2e_norm_op1                            0x080052c5   Thumb Code    96  btod.o(CL$$btod_d2e_norm_op1)
    __btod_div_common                        0x08005325   Thumb Code   696  btod.o(CL$$btod_div_common)
    _e2e                                     0x0800565d   Thumb Code   198  btod.o(CL$$btod_e2e)
    _btod_ediv                               0x08005723   Thumb Code    40  btod.o(CL$$btod_ediv)
    _btod_emul                               0x0800574b   Thumb Code    40  btod.o(CL$$btod_emul)
    __btod_mult_common                       0x08005773   Thumb Code   580  btod.o(CL$$btod_mult_common)
    __ARM_fpclassify                         0x080059b7   Thumb Code    40  fpclassify.o(i.__ARM_fpclassify)
    __kernel_poly                            0x080059df   Thumb Code   170  poly.o(i.__kernel_poly)
    __mathlib_dbl_underflow                  0x08005a89   Thumb Code    10  dunder.o(i.__mathlib_dbl_underflow)
    atan                                     0x08005a99   Thumb Code   478  atan.o(i.atan)
    pow                                      0x08005cbd   Thumb Code  2510  pow.o(i.pow)
    sqrt                                     0x0800669d   Thumb Code    76  sqrt.o(i.sqrt)
    _get_lc_numeric                          0x080066e9   Thumb Code    44  lc_numeric_c.o(locale$$code)
    __aeabi_dadd                             0x08006715   Thumb Code     0  daddsub_clz.o(x$fpl$dadd)
    _dadd                                    0x08006715   Thumb Code   332  daddsub_clz.o(x$fpl$dadd)
    __fpl_dcheck_NaN1                        0x08006865   Thumb Code    10  dcheck1.o(x$fpl$dcheck1)
    __fpl_dcmp_Inf                           0x08006875   Thumb Code    24  dcmpi.o(x$fpl$dcmpinf)
    __aeabi_ddiv                             0x0800688d   Thumb Code     0  ddiv.o(x$fpl$ddiv)
    _ddiv                                    0x0800688d   Thumb Code   552  ddiv.o(x$fpl$ddiv)
    __aeabi_d2iz                             0x08006b3d   Thumb Code     0  dfix.o(x$fpl$dfix)
    _dfix                                    0x08006b3d   Thumb Code    94  dfix.o(x$fpl$dfix)
    __aeabi_i2d                              0x08006b9b   Thumb Code     0  dflt_clz.o(x$fpl$dflt)
    _dflt                                    0x08006b9b   Thumb Code    46  dflt_clz.o(x$fpl$dflt)
    __aeabi_cdcmple                          0x08006bc9   Thumb Code     0  dleqf.o(x$fpl$dleqf)
    _dcmple                                  0x08006bc9   Thumb Code   120  dleqf.o(x$fpl$dleqf)
    __fpl_dcmple_InfNaN                      0x08006c2b   Thumb Code     0  dleqf.o(x$fpl$dleqf)
    __aeabi_dmul                             0x08006c41   Thumb Code     0  dmul.o(x$fpl$dmul)
    _dmul                                    0x08006c41   Thumb Code   332  dmul.o(x$fpl$dmul)
    __fpl_dnaninf                            0x08006d95   Thumb Code   156  dnaninf.o(x$fpl$dnaninf)
    __fpl_dretinf                            0x08006e31   Thumb Code    12  dretinf.o(x$fpl$dretinf)
    __aeabi_cdrcmple                         0x08006e3d   Thumb Code     0  drleqf.o(x$fpl$drleqf)
    _drcmple                                 0x08006e3d   Thumb Code   108  drleqf.o(x$fpl$drleqf)
    __aeabi_drsub                            0x08006ea9   Thumb Code     0  daddsub_clz.o(x$fpl$drsb)
    _drsb                                    0x08006ea9   Thumb Code    22  daddsub_clz.o(x$fpl$drsb)
    _dsqrt                                   0x08006ec1   Thumb Code   456  dsqrt_noumaal.o(x$fpl$dsqrt)
    __aeabi_dsub                             0x0800708d   Thumb Code     0  daddsub_clz.o(x$fpl$dsub)
    _dsub                                    0x0800708d   Thumb Code   464  daddsub_clz.o(x$fpl$dsub)
    __aeabi_f2d                              0x08007261   Thumb Code     0  f2d.o(x$fpl$f2d)
    _f2d                                     0x08007261   Thumb Code    86  f2d.o(x$fpl$f2d)
    __aeabi_i2f                              0x080072b9   Thumb Code     0  fflt_clz.o(x$fpl$fflt)
    _fflt                                    0x080072b9   Thumb Code    48  fflt_clz.o(x$fpl$fflt)
    __fpl_fnaninf                            0x080072e9   Thumb Code   140  fnaninf.o(x$fpl$fnaninf)
    _printf_fp_dec                           0x08007375   Thumb Code     4  printf1.o(x$fpl$printf1)
    __fpl_return_NaN                         0x08007379   Thumb Code   100  retnan.o(x$fpl$retnan)
    __ARM_scalbn                             0x080073dd   Thumb Code    92  scalbn.o(x$fpl$scalbn)
    __fpl_cmpreturn                          0x08007439   Thumb Code    48  trapv.o(x$fpl$trapveneer)
    __I$use$fp                               0x08007468   Number         0  usenofp.o(x$fpl$usenofp)
    __mathlib_zero                           0x08007588   Data           8  qnan.o(.constdata)
    Region$$Table$$Base                      0x08007624   Number         0  anon$$obj.o(Region$$Table)
    Region$$Table$$Limit                     0x08007644   Number         0  anon$$obj.o(Region$$Table)
    Sound_velo                               0x20000000   Data           8  main.o(.data)
    TIM4CH_CAPTURE_VAL                       0x20000008   Data           6  main.o(.data)
    count                                    0x2000000e   Data           1  main.o(.data)
    position_x_f                             0x20000010   Data           8  main.o(.data)
    position_y_f                             0x20000018   Data           8  main.o(.data)
    SystemCoreClock                          0x20000020   Data           4  system_stm32f10x.o(.data)
    AHBPrescTable                            0x20000024   Data          16  system_stm32f10x.o(.data)
    res                                      0x20000038   Data           1  usart.o(.data)
    USART3_RX_STA                            0x2000003a   Data           2  usart.o(.data)
    __stdout                                 0x2000003c   Data           4  usart.o(.data)
    USART_RX_STA                             0x20000040   Data           2  usart.o(.data)
    TIM4_ICInitStructure                     0x20000058   Data          10  main.o(.bss)
    USART3_RX_BUF                            0x20000062   Data         200  usart.o(.bss)
    USART_RX_BUF                             0x2000012a   Data         200  usart.o(.bss)
    __libspace_start                         0x200001f4   Data          96  libspace.o(.bss)
    __temporary_stack_top$libspace           0x20000254   Data           0  libspace.o(.bss)



==============================================================================

Memory Map of the image

  Image Entry point : 0x08000131

  Load Region LR_IROM1 (Base: 0x08000000, Size: 0x000076b8, Max: 0x00040000, ABSOLUTE)

    Execution Region ER_IROM1 (Base: 0x08000000, Size: 0x00007660, Max: 0x00040000, ABSOLUTE)

    Base Addr    Size         Type   Attr      Idx    E Section Name        Object

    0x08000000   0x00000130   Data   RO          325    RESET               startup_stm32f10x_hd.o
    0x08000130   0x00000008   Code   RO          448  * !!!main             c_w.l(__main.o)
    0x08000138   0x00000034   Code   RO          757    !!!scatter          c_w.l(__scatter.o)
    0x0800016c   0x0000001a   Code   RO          759    !!handler_copy      c_w.l(__scatter_copy.o)
    0x08000186   0x00000002   PAD
    0x08000188   0x0000001c   Code   RO          761    !!handler_zi        c_w.l(__scatter_zi.o)
    0x080001a4   0x00000000   Code   RO          445    .ARM.Collect$$_printf_percent$$00000000  c_w.l(_printf_percent.o)
    0x080001a4   0x00000006   Code   RO          444    .ARM.Collect$$_printf_percent$$00000003  c_w.l(_printf_f.o)
    0x080001aa   0x00000006   Code   RO          443    .ARM.Collect$$_printf_percent$$00000009  c_w.l(_printf_d.o)
    0x080001b0   0x00000006   Code   RO          442    .ARM.Collect$$_printf_percent$$00000014  c_w.l(_printf_s.o)
    0x080001b6   0x00000004   Code   RO          531    .ARM.Collect$$_printf_percent$$00000017  c_w.l(_printf_percent_end.o)
    0x080001ba   0x00000002   Code   RO          633    .ARM.Collect$$libinit$$00000000  c_w.l(libinit.o)
    0x080001bc   0x00000000   Code   RO          635    .ARM.Collect$$libinit$$00000002  c_w.l(libinit2.o)
    0x080001bc   0x00000000   Code   RO          638    .ARM.Collect$$libinit$$00000008  c_w.l(libinit2.o)
    0x080001bc   0x00000000   Code   RO          640    .ARM.Collect$$libinit$$0000000A  c_w.l(libinit2.o)
    0x080001bc   0x00000000   Code   RO          642    .ARM.Collect$$libinit$$0000000C  c_w.l(libinit2.o)
    0x080001bc   0x00000006   Code   RO          643    .ARM.Collect$$libinit$$0000000D  c_w.l(libinit2.o)
    0x080001c2   0x00000000   Code   RO          645    .ARM.Collect$$libinit$$0000000F  c_w.l(libinit2.o)
    0x080001c2   0x00000000   Code   RO          647    .ARM.Collect$$libinit$$00000011  c_w.l(libinit2.o)
    0x080001c2   0x00000000   Code   RO          649    .ARM.Collect$$libinit$$00000013  c_w.l(libinit2.o)
    0x080001c2   0x0000000a   Code   RO          650    .ARM.Collect$$libinit$$00000014  c_w.l(libinit2.o)
    0x080001cc   0x00000000   Code   RO          651    .ARM.Collect$$libinit$$00000015  c_w.l(libinit2.o)
    0x080001cc   0x00000000   Code   RO          653    .ARM.Collect$$libinit$$00000017  c_w.l(libinit2.o)
    0x080001cc   0x00000000   Code   RO          655    .ARM.Collect$$libinit$$00000019  c_w.l(libinit2.o)
    0x080001cc   0x00000000   Code   RO          657    .ARM.Collect$$libinit$$0000001B  c_w.l(libinit2.o)
    0x080001cc   0x00000000   Code   RO          659    .ARM.Collect$$libinit$$0000001D  c_w.l(libinit2.o)
    0x080001cc   0x00000000   Code   RO          661    .ARM.Collect$$libinit$$0000001F  c_w.l(libinit2.o)
    0x080001cc   0x00000000   Code   RO          663    .ARM.Collect$$libinit$$00000021  c_w.l(libinit2.o)
    0x080001cc   0x00000000   Code   RO          665    .ARM.Collect$$libinit$$00000023  c_w.l(libinit2.o)
    0x080001cc   0x00000000   Code   RO          669    .ARM.Collect$$libinit$$0000002A  c_w.l(libinit2.o)
    0x080001cc   0x00000000   Code   RO          671    .ARM.Collect$$libinit$$0000002C  c_w.l(libinit2.o)
    0x080001cc   0x00000000   Code   RO          673    .ARM.Collect$$libinit$$0000002E  c_w.l(libinit2.o)
    0x080001cc   0x00000000   Code   RO          675    .ARM.Collect$$libinit$$00000030  c_w.l(libinit2.o)
    0x080001cc   0x00000002   Code   RO          676    .ARM.Collect$$libinit$$00000031  c_w.l(libinit2.o)
    0x080001ce   0x00000002   Code   RO          708    .ARM.Collect$$libshutdown$$00000000  c_w.l(libshutdown.o)
    0x080001d0   0x00000000   Code   RO          718    .ARM.Collect$$libshutdown$$00000003  c_w.l(libshutdown2.o)
    0x080001d0   0x00000000   Code   RO          721    .ARM.Collect$$libshutdown$$00000006  c_w.l(libshutdown2.o)
    0x080001d0   0x00000000   Code   RO          724    .ARM.Collect$$libshutdown$$00000009  c_w.l(libshutdown2.o)
    0x080001d0   0x00000000   Code   RO          726    .ARM.Collect$$libshutdown$$0000000B  c_w.l(libshutdown2.o)
    0x080001d0   0x00000000   Code   RO          729    .ARM.Collect$$libshutdown$$0000000E  c_w.l(libshutdown2.o)
    0x080001d0   0x00000002   Code   RO          730    .ARM.Collect$$libshutdown$$0000000F  c_w.l(libshutdown2.o)
    0x080001d2   0x00000000   Code   RO          516    .ARM.Collect$$rtentry$$00000000  c_w.l(rtentry.o)
    0x080001d2   0x00000000   Code   RO          553    .ARM.Collect$$rtentry$$00000002  c_w.l(rtentry2.o)
    0x080001d2   0x00000006   Code   RO          565    .ARM.Collect$$rtentry$$00000004  c_w.l(rtentry4.o)
    0x080001d8   0x00000000   Code   RO          555    .ARM.Collect$$rtentry$$00000009  c_w.l(rtentry2.o)
    0x080001d8   0x00000004   Code   RO          556    .ARM.Collect$$rtentry$$0000000A  c_w.l(rtentry2.o)
    0x080001dc   0x00000000   Code   RO          558    .ARM.Collect$$rtentry$$0000000C  c_w.l(rtentry2.o)
    0x080001dc   0x00000008   Code   RO          559    .ARM.Collect$$rtentry$$0000000D  c_w.l(rtentry2.o)
    0x080001e4   0x00000002   Code   RO          679    .ARM.Collect$$rtexit$$00000000  c_w.l(rtexit.o)
    0x080001e6   0x00000000   Code   RO          688    .ARM.Collect$$rtexit$$00000002  c_w.l(rtexit2.o)
    0x080001e6   0x00000004   Code   RO          689    .ARM.Collect$$rtexit$$00000003  c_w.l(rtexit2.o)
    0x080001ea   0x00000006   Code   RO          690    .ARM.Collect$$rtexit$$00000004  c_w.l(rtexit2.o)
    0x080001f0   0x000023f8   Code   RO            1    .text               main.o
    0x080025e8   0x0000001a   Code   RO           90    .text               stm32f10x_it.o
    0x08002602   0x00000002   PAD
    0x08002604   0x000001e0   Code   RO          137    .text               system_stm32f10x.o
    0x080027e4   0x00000050   Code   RO          155    .text               led.o
    0x08002834   0x00000264   Code   RO          212    .text               ds18b20.o
    0x08002a98   0x000000d4   Code   RO          263    .text               delay.o
    0x08002b6c   0x0000000c   Code   RO          277    .text               sys.o
    0x08002b78   0x000002c8   Code   RO          289    .text               usart.o
    0x08002e40   0x00000040   Code   RO          326    .text               startup_stm32f10x_hd.o
    0x08002e80   0x0000035c   Code   RO          330    .text               stm32f10x_gpio.o
    0x080031dc   0x000003a4   Code   RO          342    .text               stm32f10x_rcc.o
    0x08003580   0x00000408   Code   RO          356    .text               stm32f10x_usart.o
    0x08003988   0x000000dc   Code   RO          368    .text               misc.o
    0x08003a64   0x00000e1a   Code   RO          380    .text               stm32f10x_tim.o
    0x0800487e   0x00000002   Code   RO          406    .text               c_w.l(use_no_semi_2.o)
    0x08004880   0x00000018   Code   RO          412    .text               c_w.l(noretval__2printf.o)
    0x08004898   0x00000028   Code   RO          414    .text               c_w.l(noretval__2sprintf.o)
    0x080048c0   0x00000068   Code   RO          416    .text               c_w.l(__printf.o)
    0x08004928   0x00000052   Code   RO          418    .text               c_w.l(_printf_str.o)
    0x0800497a   0x00000002   PAD
    0x0800497c   0x00000074   Code   RO          420    .text               c_w.l(_printf_dec.o)
    0x080049f0   0x00000006   Code   RO          446    .text               c_w.l(heapauxi.o)
    0x080049f6   0x00000002   Code   RO          514    .text               c_w.l(use_no_semi.o)
    0x080049f8   0x00000016   Code   RO          517    .text               c_w.l(_rserrno.o)
    0x08004a0e   0x000000b2   Code   RO          519    .text               c_w.l(_printf_intcommon.o)
    0x08004ac0   0x00000416   Code   RO          521    .text               c_w.l(_printf_fp_dec.o)
    0x08004ed6   0x00000002   PAD
    0x08004ed8   0x00000030   Code   RO          523    .text               c_w.l(_printf_char_common.o)
    0x08004f08   0x0000000a   Code   RO          525    .text               c_w.l(_sputc.o)
    0x08004f12   0x0000002c   Code   RO          527    .text               c_w.l(_printf_char.o)
    0x08004f3e   0x00000002   PAD
    0x08004f40   0x00000024   Code   RO          529    .text               c_w.l(_printf_char_file.o)
    0x08004f64   0x00000008   Code   RO          570    .text               c_w.l(rt_locale_intlibspace.o)
    0x08004f6c   0x00000008   Code   RO          575    .text               c_w.l(rt_errno_addr_intlibspace.o)
    0x08004f74   0x0000008a   Code   RO          577    .text               c_w.l(lludiv10.o)
    0x08004ffe   0x00000002   PAD
    0x08005000   0x00000080   Code   RO          579    .text               c_w.l(_printf_fp_infnan.o)
    0x08005080   0x000000d8   Code   RO          583    .text               c_w.l(bigflt0.o)
    0x08005158   0x00000008   Code   RO          608    .text               c_w.l(ferror.o)
    0x08005160   0x00000008   Code   RO          619    .text               c_w.l(libspace.o)
    0x08005168   0x0000004a   Code   RO          622    .text               c_w.l(sys_stackheap_outer.o)
    0x080051b2   0x0000000c   Code   RO          624    .text               c_w.l(exit.o)
    0x080051be   0x00000002   PAD
    0x080051c0   0x00000080   Code   RO          626    .text               c_w.l(strcmpv7m.o)
    0x08005240   0x0000003e   Code   RO          586    CL$$btod_d2e        c_w.l(btod.o)
    0x0800527e   0x00000046   Code   RO          588    CL$$btod_d2e_denorm_low  c_w.l(btod.o)
    0x080052c4   0x00000060   Code   RO          587    CL$$btod_d2e_norm_op1  c_w.l(btod.o)
    0x08005324   0x00000338   Code   RO          596    CL$$btod_div_common  c_w.l(btod.o)
    0x0800565c   0x000000c6   Code   RO          593    CL$$btod_e2e        c_w.l(btod.o)
    0x08005722   0x00000028   Code   RO          590    CL$$btod_ediv       c_w.l(btod.o)
    0x0800574a   0x00000028   Code   RO          589    CL$$btod_emul       c_w.l(btod.o)
    0x08005772   0x00000244   Code   RO          595    CL$$btod_mult_common  c_w.l(btod.o)
    0x080059b6   0x00000028   Code   RO          547    i.__ARM_fpclassify  m_ws.l(fpclassify.o)
    0x080059de   0x000000aa   Code   RO          549    i.__kernel_poly     m_ws.l(poly.o)
    0x08005a88   0x00000010   Code   RO          545    i.__mathlib_dbl_underflow  m_ws.l(dunder.o)
    0x08005a98   0x00000224   Code   RO          487    i.atan              m_ws.l(atan.o)
    0x08005cbc   0x000009e0   Code   RO          497    i.pow               m_ws.l(pow.o)
    0x0800669c   0x0000004c   Code   RO          507    i.sqrt              m_ws.l(sqrt.o)
    0x080066e8   0x0000002c   Code   RO          613    locale$$code        c_w.l(lc_numeric_c.o)
    0x08006714   0x00000150   Code   RO          450    x$fpl$dadd          fz_ws.l(daddsub_clz.o)
    0x08006864   0x00000010   Code   RO          615    x$fpl$dcheck1       fz_ws.l(dcheck1.o)
    0x08006874   0x00000018   Code   RO          532    x$fpl$dcmpinf       fz_ws.l(dcmpi.o)
    0x0800688c   0x000002b0   Code   RO          457    x$fpl$ddiv          fz_ws.l(ddiv.o)
    0x08006b3c   0x0000005e   Code   RO          460    x$fpl$dfix          fz_ws.l(dfix.o)
    0x08006b9a   0x0000002e   Code   RO          465    x$fpl$dflt          fz_ws.l(dflt_clz.o)
    0x08006bc8   0x00000078   Code   RO          470    x$fpl$dleqf         fz_ws.l(dleqf.o)
    0x08006c40   0x00000154   Code   RO          472    x$fpl$dmul          fz_ws.l(dmul.o)
    0x08006d94   0x0000009c   Code   RO          534    x$fpl$dnaninf       fz_ws.l(dnaninf.o)
    0x08006e30   0x0000000c   Code   RO          536    x$fpl$dretinf       fz_ws.l(dretinf.o)
    0x08006e3c   0x0000006c   Code   RO          474    x$fpl$drleqf        fz_ws.l(drleqf.o)
    0x08006ea8   0x00000016   Code   RO          451    x$fpl$drsb          fz_ws.l(daddsub_clz.o)
    0x08006ebe   0x00000002   PAD
    0x08006ec0   0x000001cc   Code   RO          538    x$fpl$dsqrt         fz_ws.l(dsqrt_noumaal.o)
    0x0800708c   0x000001d4   Code   RO          452    x$fpl$dsub          fz_ws.l(daddsub_clz.o)
    0x08007260   0x00000056   Code   RO          476    x$fpl$f2d           fz_ws.l(f2d.o)
    0x080072b6   0x00000002   PAD
    0x080072b8   0x00000030   Code   RO          479    x$fpl$fflt          fz_ws.l(fflt_clz.o)
    0x080072e8   0x0000008c   Code   RO          540    x$fpl$fnaninf       fz_ws.l(fnaninf.o)
    0x08007374   0x00000004   Code   RO          484    x$fpl$printf1       fz_ws.l(printf1.o)
    0x08007378   0x00000064   Code   RO          677    x$fpl$retnan        fz_ws.l(retnan.o)
    0x080073dc   0x0000005c   Code   RO          542    x$fpl$scalbn        fz_ws.l(scalbn.o)
    0x08007438   0x00000030   Code   RO          685    x$fpl$trapveneer    fz_ws.l(trapv.o)
    0x08007468   0x00000000   Code   RO          544    x$fpl$usenofp       fz_ws.l(usenofp.o)
    0x08007468   0x00000098   Data   RO          488    .constdata          m_ws.l(atan.o)
    0x08007500   0x00000088   Data   RO          498    .constdata          m_ws.l(pow.o)
    0x08007588   0x00000008   Data   RO          551    .constdata          m_ws.l(qnan.o)
    0x08007590   0x00000094   Data   RO          584    .constdata          c_w.l(bigflt0.o)
    0x08007624   0x00000020   Data   RO          755    Region$$Table       anon$$obj.o
    0x08007644   0x0000001c   Data   RO          612    locale$$data        c_w.l(lc_numeric_c.o)


    Execution Region RW_IRAM1 (Base: 0x20000000, Size: 0x00000858, Max: 0x0000c000, ABSOLUTE)

    Base Addr    Size         Type   Attr      Idx    E Section Name        Object

    0x20000000   0x00000020   Data   RW            3    .data               main.o
    0x20000020   0x00000014   Data   RW          138    .data               system_stm32f10x.o
    0x20000034   0x00000004   Data   RW          264    .data               delay.o
    0x20000038   0x0000000a   Data   RW          291    .data               usart.o
    0x20000042   0x00000014   Data   RW          343    .data               stm32f10x_rcc.o
    0x20000056   0x00000002   PAD
    0x20000058   0x0000000a   Zero   RW            2    .bss                main.o
    0x20000062   0x00000190   Zero   RW          290    .bss                usart.o
    0x200001f2   0x00000002   PAD
    0x200001f4   0x00000060   Zero   RW          620    .bss                c_w.l(libspace.o)
    0x20000254   0x00000004   PAD
    0x20000258   0x00000200   Zero   RW          324    HEAP                startup_stm32f10x_hd.o
    0x20000458   0x00000400   Zero   RW          323    STACK               startup_stm32f10x_hd.o


==============================================================================

Image component sizes


      Code (inc. data)   RO Data    RW Data    ZI Data      Debug   Object Name

         0          0          0          0          0         32   core_cm3.o
       212         18          0          4          0       1039   delay.o
       612         16          0          0          0       2222   ds18b20.o
        80          8          0          0          0     205315   led.o
      9208        768          0         32         10     246053   main.o
       220         22          0          0          0       1825   misc.o
        64         26        304          0       1536        796   startup_stm32f10x_hd.o
       860         38          0          0          0       5669   stm32f10x_gpio.o
        26          0          0          0          0      44754   stm32f10x_it.o
       932         36          0         20          0       8852   stm32f10x_rcc.o
      3610         88          0          0          0      22152   stm32f10x_tim.o
      1032         22          0          0          0       8396   stm32f10x_usart.o
        12          0          0          0          0        465   sys.o
       480         38          0         20          0       1779   system_stm32f10x.o
       712         38          0         10        400       4261   usart.o

    ----------------------------------------------------------------------
     18062       1118        336         88       1948     553610   Object Totals
         0          0         32          0          0          0   (incl. Generated)
         2          0          0          2          2          0   (incl. Padding)

    ----------------------------------------------------------------------

      Code (inc. data)   RO Data    RW Data    ZI Data      Debug   Library Member Name

         8          0          0          0          0         68   __main.o
       104          0          0          0          0         84   __printf.o
        52          8          0          0          0          0   __scatter.o
        26          0          0          0          0          0   __scatter_copy.o
        28          0          0          0          0          0   __scatter_zi.o
        44          0          0          0          0        108   _printf_char.o
        48          6          0          0          0         96   _printf_char_common.o
        36          4          0          0          0         80   _printf_char_file.o
         6          0          0          0          0          0   _printf_d.o
       116         16          0          0          0         92   _printf_dec.o
         6          0          0          0          0          0   _printf_f.o
      1046          0          0          0          0        216   _printf_fp_dec.o
       128         16          0          0          0         84   _printf_fp_infnan.o
       178          0          0          0          0         88   _printf_intcommon.o
         0          0          0          0          0          0   _printf_percent.o
         4          0          0          0          0          0   _printf_percent_end.o
         6          0          0          0          0          0   _printf_s.o
        82          0          0          0          0         80   _printf_str.o
        22          0          0          0          0        100   _rserrno.o
        10          0          0          0          0         68   _sputc.o
       216          4        148          0          0         96   bigflt0.o
      1910        128          0          0          0        672   btod.o
        12          0          0          0          0         72   exit.o
         8          0          0          0          0         68   ferror.o
         6          0          0          0          0        152   heapauxi.o
        44         10         28          0          0         76   lc_numeric_c.o
         2          0          0          0          0          0   libinit.o
        18          0          0          0          0          0   libinit2.o
         2          0          0          0          0          0   libshutdown.o
         2          0          0          0          0          0   libshutdown2.o
         8          4          0          0         96         68   libspace.o
       138          0          0          0          0         80   lludiv10.o
        24          4          0          0          0         84   noretval__2printf.o
        40          6          0          0          0         84   noretval__2sprintf.o
         8          4          0          0          0         68   rt_errno_addr_intlibspace.o
         8          4          0          0          0         68   rt_locale_intlibspace.o
         0          0          0          0          0          0   rtentry.o
        12          0          0          0          0          0   rtentry2.o
         6          0          0          0          0          0   rtentry4.o
         2          0          0          0          0          0   rtexit.o
        10          0          0          0          0          0   rtexit2.o
       128          0          0          0          0         68   strcmpv7m.o
        74          0          0          0          0         80   sys_stackheap_outer.o
         2          0          0          0          0         68   use_no_semi.o
         2          0          0          0          0         68   use_no_semi_2.o
       826         16          0          0          0        348   daddsub_clz.o
        16          4          0          0          0         68   dcheck1.o
        24          0          0          0          0         68   dcmpi.o
       688        140          0          0          0        208   ddiv.o
        94          4          0          0          0         92   dfix.o
        46          0          0          0          0         68   dflt_clz.o
       120          4          0          0          0         92   dleqf.o
       340         12          0          0          0        104   dmul.o
       156          4          0          0          0         92   dnaninf.o
        12          0          0          0          0         68   dretinf.o
       108          0          0          0          0         80   drleqf.o
       460         56          0          0          0        120   dsqrt_noumaal.o
        86          4          0          0          0         84   f2d.o
        48          0          0          0          0         68   fflt_clz.o
       140          4          0          0          0         84   fnaninf.o
         4          0          0          0          0         68   printf1.o
       100          0          0          0          0         68   retnan.o
        92          0          0          0          0         68   scalbn.o
        48          0          0          0          0         68   trapv.o
         0          0          0          0          0          0   usenofp.o
       548         70        152          0          0        124   atan.o
        16          6          0          0          0         68   dunder.o
        40          0          0          0          0         68   fpclassify.o
       170          0          0          0          0         96   poly.o
      2528        190        136          0          0        332   pow.o
         0          0          8          0          0          0   qnan.o
        76          0          0          0          0         84   sqrt.o

    ----------------------------------------------------------------------
     11434        728        472          0        100       5724   Library Totals
        16          0          0          0          4          0   (incl. Padding)

    ----------------------------------------------------------------------

      Code (inc. data)   RO Data    RW Data    ZI Data      Debug   Library Name

      4632        214        176          0         96       3036   c_w.l
      3408        248          0          0          0       1916   fz_ws.l
      3378        266        296          0          0        772   m_ws.l

    ----------------------------------------------------------------------
     11434        728        472          0        100       5724   Library Totals

    ----------------------------------------------------------------------

==============================================================================


      Code (inc. data)   RO Data    RW Data    ZI Data      Debug   

     29496       1846        808         88       2048     555274   Grand Totals
     29496       1846        808         88       2048     555274   ELF Image Totals
     29496       1846        808         88          0          0   ROM Totals

==============================================================================

    Total RO  Size (Code + RO Data)                30304 (  29.59kB)
    Total RW  Size (RW Data + ZI Data)              2136 (   2.09kB)
    Total ROM Size (Code + RO Data + RW Data)      30392 (  29.68kB)

==============================================================================

