Product: MDK-ARM Standard 5.10
Component: ARM Compiler 5.04 update 1 (build 49)
Tool: armlink [5040049]

==============================================================================

Section Cross References

    main.o(.text) refers to _printf_percent.o(.ARM.Collect$$_printf_percent$$00000000) for _printf_percent
    main.o(.text) refers to _printf_f.o(.ARM.Collect$$_printf_percent$$00000003) for _printf_f
    main.o(.text) refers to printf1.o(x$fpl$printf1) for _printf_fp_dec
    main.o(.text) refers to delay.o(.text) for delay_init
    main.o(.text) refers to usart.o(.text) for uart_init
    main.o(.text) refers to lcd.o(.text) for LCD_Init
    main.o(.text) refers to adc.o(.text) for Adc_Init
    main.o(.text) refers to stm32f10x_rcc.o(.text) for RCC_AHBPeriphClockCmd
    main.o(.text) refers to stm32f10x_dma.o(.text) for DMA_DeInit
    main.o(.text) refers to fflt_clz.o(x$fpl$ffltu) for __aeabi_ui2f
    main.o(.text) refers to f2d.o(x$fpl$f2d) for __aeabi_f2d
    main.o(.text) refers to dmul.o(x$fpl$dmul) for __aeabi_dmul
    main.o(.text) refers to d2f.o(x$fpl$d2f) for __aeabi_d2f
    main.o(.text) refers to noretval__2printf.o(.text) for __2printf
    main.o(.text) refers to daddsub_clz.o(x$fpl$drsb) for __aeabi_drsub
    main.o(.text) refers to ddiv.o(x$fpl$ddiv) for __aeabi_ddiv
    main.o(.text) refers to daddsub_clz.o(x$fpl$dadd) for __aeabi_dadd
    main.o(.text) refers to main.o(.bss) for DMA_InitStructure
    main.o(.text) refers to main.o(.data) for AD_Value
    system_stm32f10x.o(.text) refers to system_stm32f10x.o(.data) for SystemCoreClock
    led.o(.text) refers to stm32f10x_rcc.o(.text) for RCC_APB2PeriphClockCmd
    led.o(.text) refers to stm32f10x_gpio.o(.text) for GPIO_Init
    lcd.o(.text) refers to _printf_percent.o(.ARM.Collect$$_printf_percent$$00000000) for _printf_percent
    lcd.o(.text) refers to _printf_x.o(.ARM.Collect$$_printf_percent$$0000000C) for _printf_x
    lcd.o(.text) refers to _printf_hex_int.o(.text) for _printf_longlong_hex
    lcd.o(.text) refers to stm32f10x_gpio.o(.text) for GPIO_ResetBits
    lcd.o(.text) refers to delay.o(.text) for delay_us
    lcd.o(.text) refers to lcd.o(.bss) for lcddev
    lcd.o(.text) refers to lcd.o(.data) for POINT_COLOR
    lcd.o(.text) refers to stm32f10x_rcc.o(.text) for RCC_APB2PeriphClockCmd
    lcd.o(.text) refers to noretval__2printf.o(.text) for __2printf
    lcd.o(.text) refers to lcd.o(.constdata) for asc2_1206
    adc.o(.text) refers to stm32f10x_rcc.o(.text) for RCC_APB2PeriphClockCmd
    adc.o(.text) refers to stm32f10x_gpio.o(.text) for GPIO_Init
    adc.o(.text) refers to stm32f10x_adc.o(.text) for ADC_DeInit
    adc.o(.text) refers to delay.o(.text) for delay_ms
    delay.o(.text) refers to misc.o(.text) for SysTick_CLKSourceConfig
    delay.o(.text) refers to system_stm32f10x.o(.data) for SystemCoreClock
    delay.o(.text) refers to delay.o(.data) for fac_us
    sys.o(.text) refers to misc.o(.text) for NVIC_PriorityGroupConfig
    usart.o(.text) refers (Special) to use_no_semi_2.o(.text) for __use_no_semihosting
    usart.o(.text) refers to stm32f10x_rcc.o(.text) for RCC_APB2PeriphClockCmd
    usart.o(.text) refers to stm32f10x_usart.o(.text) for USART_DeInit
    usart.o(.text) refers to stm32f10x_gpio.o(.text) for GPIO_Init
    usart.o(.text) refers to misc.o(.text) for NVIC_Init
    usart.o(.text) refers to usart.o(.data) for USART_RX_STA
    usart.o(.text) refers to usart.o(.bss) for USART_RX_BUF
    usart.o(.bss) refers (Special) to use_no_semi_2.o(.text) for __use_no_semihosting
    usart.o(.data) refers (Special) to use_no_semi_2.o(.text) for __use_no_semihosting
    startup_stm32f10x_hd.o(STACK) refers (Special) to heapauxi.o(.text) for __use_two_region_memory
    startup_stm32f10x_hd.o(HEAP) refers (Special) to heapauxi.o(.text) for __use_two_region_memory
    startup_stm32f10x_hd.o(RESET) refers (Special) to heapauxi.o(.text) for __use_two_region_memory
    startup_stm32f10x_hd.o(RESET) refers to startup_stm32f10x_hd.o(STACK) for __initial_sp
    startup_stm32f10x_hd.o(RESET) refers to startup_stm32f10x_hd.o(.text) for Reset_Handler
    startup_stm32f10x_hd.o(RESET) refers to stm32f10x_it.o(.text) for NMI_Handler
    startup_stm32f10x_hd.o(RESET) refers to usart.o(.text) for USART1_IRQHandler
    startup_stm32f10x_hd.o(.text) refers (Special) to heapauxi.o(.text) for __use_two_region_memory
    startup_stm32f10x_hd.o(.text) refers to system_stm32f10x.o(.text) for SystemInit
    startup_stm32f10x_hd.o(.text) refers to __main.o(!!!main) for __main
    startup_stm32f10x_hd.o(.text) refers to startup_stm32f10x_hd.o(HEAP) for Heap_Mem
    startup_stm32f10x_hd.o(.text) refers to startup_stm32f10x_hd.o(STACK) for Stack_Mem
    stm32f10x_gpio.o(.text) refers to stm32f10x_rcc.o(.text) for RCC_APB2PeriphResetCmd
    stm32f10x_rcc.o(.text) refers to stm32f10x_rcc.o(.data) for APBAHBPrescTable
    stm32f10x_usart.o(.text) refers to stm32f10x_rcc.o(.text) for RCC_APB2PeriphResetCmd
[...]
    libinit2.o(.ARM.Collect$$libinit$$0000000D) refers (Weak) to rt_locale_intlibspace.o(.text) for __rt_locale
    libinit2.o(.ARM.Collect$$libinit$$0000000E) refers to libinit2.o(.ARM.Collect$$libinit$$0000000D) for .ARM.Collect$$libinit$$0000000D
    libinit2.o(.ARM.Collect$$libinit$$00000010) refers to libinit2.o(.ARM.Collect$$libinit$$0000000D) for .ARM.Collect$$libinit$$0000000D
    libinit2.o(.ARM.Collect$$libinit$$00000012) refers to libinit2.o(.ARM.Collect$$libinit$$0000000D) for .ARM.Collect$$libinit$$0000000D
    libinit2.o(.ARM.Collect$$libinit$$00000014) refers to libinit2.o(.ARM.Collect$$libinit$$0000000D) for .ARM.Collect$$libinit$$0000000D
    libinit2.o(.ARM.Collect$$libinit$$00000014) refers (Weak) to lc_numeric_c.o(locale$$code) for _get_lc_numeric
    libinit2.o(.ARM.Collect$$libinit$$00000016) refers to libinit2.o(.ARM.Collect$$libinit$$0000000D) for .ARM.Collect$$libinit$$0000000D
    libinit2.o(.ARM.Collect$$libinit$$00000024) refers to argv_veneer.o(.emb_text) for __ARM_argv_veneer
    libinit2.o(.ARM.Collect$$libinit$$00000025) refers to argv_veneer.o(.emb_text) for __ARM_argv_veneer
    rtexit.o(.ARM.Collect$$rtexit$$00000000) refers (Special) to rtexit2.o(.ARM.Collect$$rtexit$$00000004) for __rt_exit_exit
    rtexit.o(.ARM.Collect$$rtexit$$00000000) refers (Special) to rtexit2.o(.ARM.Collect$$rtexit$$00000003) for __rt_exit_ls
    rtexit.o(.ARM.Collect$$rtexit$$00000000) refers (Special) to rtexit2.o(.ARM.Collect$$rtexit$$00000002) for __rt_exit_prels_1
    rtexit.o(.ARM.exidx) refers (Special) to rtexit2.o(.ARM.Collect$$rtexit$$00000004) for __rt_exit_exit
    rtexit.o(.ARM.exidx) refers (Special) to rtexit2.o(.ARM.Collect$$rtexit$$00000003) for __rt_exit_ls
    rtexit.o(.ARM.exidx) refers (Special) to rtexit2.o(.ARM.Collect$$rtexit$$00000002) for __rt_exit_prels_1
    rtexit.o(.ARM.exidx) refers to rtexit.o(.ARM.Collect$$rtexit$$00000000) for .ARM.Collect$$rtexit$$00000000
    argv_veneer.o(.emb_text) refers to no_argv.o(.text) for __ARM_get_argv
    rtexit2.o(.ARM.Collect$$rtexit$$00000003) refers to libshutdown.o(.ARM.Collect$$libshutdown$$00000000) for __rt_lib_shutdown
    rtexit2.o(.ARM.Collect$$rtexit$$00000004) refers to usart.o(.text) for _sys_exit
    rtexit2.o(.ARM.exidx) refers to rtexit2.o(.ARM.Collect$$rtexit$$00000001) for .ARM.Collect$$rtexit$$00000001
    rtexit2.o(.ARM.exidx) refers to rtexit2.o(.ARM.Collect$$rtexit$$00000003) for .ARM.Collect$$rtexit$$00000003
    rtexit2.o(.ARM.exidx) refers to rtexit2.o(.ARM.Collect$$rtexit$$00000004) for .ARM.Collect$$rtexit$$00000004
    _get_argv_nomalloc.o(.text) refers (Special) to hrguard.o(.text) for __heap_region$guard
    _get_argv_nomalloc.o(.text) refers to defsig_rtmem_outer.o(.text) for __rt_SIGRTMEM
    _get_argv_nomalloc.o(.text) refers to sys_command.o(.text) for _sys_command_string
    sys_command.o(.text) refers (Special) to use_no_semi.o(.text) for __I$use$semihosting
    sys_command.o(.text) refers (Special) to indicate_semi.o(.text) for __semihosting_library_function
    defsig_rtmem_outer.o(.text) refers to defsig_rtmem_inner.o(.text) for __rt_SIGRTMEM_inner
    defsig_rtmem_outer.o(.text) refers to defsig_exit.o(.text) for __sig_exit
    defsig_rtmem_formal.o(.text) refers to rt_raise.o(.text) for __rt_raise
    libshutdown.o(.ARM.Collect$$libshutdown$$00000000) refers (Special) to libshutdown2.o(.ARM.Collect$$libshutdown$$00000006) for __rt_lib_shutdown_fp_trap_1
    libshutdown.o(.ARM.Collect$$libshutdown$$00000000) refers (Special) to libshutdown2.o(.ARM.Collect$$libshutdown$$0000000E) for __rt_lib_shutdown_heap_1
    libshutdown.o(.ARM.Collect$$libshutdown$$00000000) refers (Special) to libshutdown2.o(.ARM.Collect$$libshutdown$$0000000F) for __rt_lib_shutdown_return
    libshutdown.o(.ARM.Collect$$libshutdown$$00000000) refers (Special) to libshutdown2.o(.ARM.Collect$$libshutdown$$00000009) for __rt_lib_shutdown_signal_1
    libshutdown.o(.ARM.Collect$$libshutdown$$00000000) refers (Special) to libshutdown2.o(.ARM.Collect$$libshutdown$$00000003) for __rt_lib_shutdown_stdio_1
    libshutdown.o(.ARM.Collect$$libshutdown$$00000000) refers (Special) to libshutdown2.o(.ARM.Collect$$libshutdown$$0000000B) for __rt_lib_shutdown_user_alloc_1
    rt_raise.o(.text) refers to __raise.o(.text) for __raise
    rt_raise.o(.text) refers to usart.o(.text) for _sys_exit
    defsig_exit.o(.text) refers to usart.o(.text) for _sys_exit
    defsig_rtmem_inner.o(.text) refers to defsig_general.o(.text) for __default_signal_display
    __raise.o(.text) refers to defsig.o(CL$$defsig) for __default_signal_handler
    defsig_general.o(.text) refers to sys_wrch.o(.text) for _ttywrch
    sys_wrch.o(.text) refers (Special) to use_no_semi.o(.text) for __I$use$semihosting
    sys_wrch.o(.text) refers (Special) to indicate_semi.o(.text) for __semihosting_library_function
    defsig.o(CL$$defsig) refers to defsig_rtmem_inner.o(.text) for __rt_SIGRTMEM_inner
    defsig_abrt_inner.o(.text) refers to defsig_general.o(.text) for __default_signal_display
    defsig_fpe_inner.o(.text) refers to defsig_general.o(.text) for __default_signal_display
    defsig_rtred_inner.o(.text) refers to defsig_general.o(.text) for __default_signal_display
    defsig_stak_inner.o(.text) refers to defsig_general.o(.text) for __default_signal_display
    defsig_pvfn_inner.o(.text) refers to defsig_general.o(.text) for __default_signal_display
    defsig_cppl_inner.o(.text) refers to defsig_general.o(.text) for __default_signal_display
    defsig_segv_inner.o(.text) refers to defsig_general.o(.text) for __default_signal_display
    defsig_other.o(.text) refers to defsig_general.o(.text) for __default_signal_display


==============================================================================

Removing Unused input sections from the image.

    Removing led.o(.text), (80 bytes).
    Removing sys.o(.text), (12 bytes).
    Removing core_cm3.o(.emb_text), (32 bytes).

3 unused section(s) (total 124 bytes) removed from the image.

==============================================================================

Image Symbol Table

    Local Symbols

    Symbol Name                              Value     Ov Type        Size  Object(Section)

    ../clib/angel/boardlib.s                 0x00000000   Number         0  boardshut.o ABSOLUTE
    ../clib/angel/boardlib.s                 0x00000000   Number         0  boardinit2.o ABSOLUTE
    ../clib/angel/boardlib.s                 0x00000000   Number         0  boardinit1.o ABSOLUTE
    ../clib/angel/boardlib.s                 0x00000000   Number         0  boardinit3.o ABSOLUTE
    ../clib/angel/handlers.s                 0x00000000   Number         0  __scatter_copy.o ABSOLUTE
    ../clib/angel/handlers.s                 0x00000000   Number         0  __scatter_zi.o ABSOLUTE
    ../clib/angel/kernel.s                   0x00000000   Number         0  rtexit.o ABSOLUTE
    ../clib/angel/kernel.s                   0x00000000   Number         0  rtexit2.o ABSOLUTE
    ../clib/angel/kernel.s                   0x00000000   Number         0  rtentry2.o ABSOLUTE
    ../clib/angel/kernel.s                   0x00000000   Number         0  rtentry4.o ABSOLUTE
    ../clib/angel/kernel.s                   0x00000000   Number         0  rtentry.o ABSOLUTE
    ../clib/angel/rt.s                       0x00000000   Number         0  rt_locale_intlibspace.o ABSOLUTE
    ../clib/angel/rt.s                       0x00000000   Number         0  rt_locale.o ABSOLUTE
    ../clib/angel/rt.s                       0x00000000   Number         0  rt_raise.o ABSOLUTE
    ../clib/angel/scatter.s                  0x00000000   Number         0  __scatter.o ABSOLUTE
    ../clib/angel/startup.s                  0x00000000   Number         0  __main.o ABSOLUTE
    ../clib/angel/sys.s                      0x00000000   Number         0  sys_stackheap_outer.o ABSOLUTE
    ../clib/angel/sys.s                      0x00000000   Number         0  libspace.o ABSOLUTE
    ../clib/angel/sys.s                      0x00000000   Number         0  indicate_semi.o ABSOLUTE
    ../clib/angel/sys.s                      0x00000000   Number         0  use_no_semi_2.o ABSOLUTE
    ../clib/angel/sys.s                      0x00000000   Number         0  use_no_semi.o ABSOLUTE
    ../clib/angel/sysapp.c                   0x00000000   Number         0  sys_wrch.o ABSOLUTE
    ../clib/angel/sysapp.c                   0x00000000   Number         0  sys_command.o ABSOLUTE
    ../clib/armsys.c                         0x00000000   Number         0  _get_argv_nomalloc.o ABSOLUTE
    ../clib/armsys.c                         0x00000000   Number         0  argv_veneer.o ABSOLUTE
    ../clib/armsys.c                         0x00000000   Number         0  argv_veneer.o ABSOLUTE
    ../clib/armsys.c                         0x00000000   Number         0  no_argv.o ABSOLUTE
    ../clib/bigflt.c                         0x00000000   Number         0  bigflt0.o ABSOLUTE
    ../clib/btod.s                           0x00000000   Number         0  btod.o ABSOLUTE
    ../clib/heapalloc.c                      0x00000000   Number         0  hrguard.o ABSOLUTE
    ../clib/heapaux.c                        0x00000000   Number         0  heapauxi.o ABSOLUTE
    ../clib/libinit.s                        0x00000000   Number         0  libinit.o ABSOLUTE
    ../clib/libinit.s                        0x00000000   Number         0  libinit2.o ABSOLUTE
    ../clib/libinit.s                        0x00000000   Number         0  libshutdown.o ABSOLUTE
    ../clib/libinit.s                        0x00000000   Number         0  libshutdown2.o ABSOLUTE
    ../clib/locale.s                         0x00000000   Number         0  lc_numeric_c.o ABSOLUTE
    ../clib/longlong.s                       0x00000000   Number         0  lludiv10.o ABSOLUTE
    ../clib/memcpset.s                       0x00000000   Number         0  strcmpv7m.o ABSOLUTE
    ../clib/printf.c                         0x00000000   Number         0  __printf_wp.o ABSOLUTE
    ../clib/printf.c                         0x00000000   Number         0  _printf_hex_int_ll.o ABSOLUTE
    ../clib/printf.c                         0x00000000   Number         0  __printf_flags_wp.o ABSOLUTE
    ../clib/printf.c                         0x00000000   Number         0  _printf_intcommon.o ABSOLUTE
    ../clib/printf.c                         0x00000000   Number         0  __printf_nopercent.o ABSOLUTE
    ../clib/printf.c                         0x00000000   Number         0  __printf_flags_ss_wp.o ABSOLUTE
    ../clib/printf.c                         0x00000000   Number         0  __printf_flags.o ABSOLUTE
    ../clib/printf.c                         0x00000000   Number         0  _printf_hex_int_ll_ptr.o ABSOLUTE
    ../clib/printf.c                         0x00000000   Number         0  _printf_hex_ll_ptr.o ABSOLUTE
    ../clib/printf.c                         0x00000000   Number         0  _printf_hex_int_ptr.o ABSOLUTE
    ../clib/printf.c                         0x00000000   Number         0  __printf_ss.o ABSOLUTE
    ../clib/printf.c                         0x00000000   Number         0  __2printf.o ABSOLUTE
    ../clib/printf.c                         0x00000000   Number         0  noretval__2printf.o ABSOLUTE
    ../clib/printf.c                         0x00000000   Number         0  __printf.o ABSOLUTE
    ../clib/printf.c                         0x00000000   Number         0  _printf_hex_ll.o ABSOLUTE
    ../clib/printf.c                         0x00000000   Number         0  _printf_char_file.o ABSOLUTE
    ../clib/printf.c                         0x00000000   Number         0  _printf_fp_dec.o ABSOLUTE
    ../clib/printf.c                         0x00000000   Number         0  __printf_flags_ss.o ABSOLUTE
    ../clib/printf.c                         0x00000000   Number         0  __printf_ss_wp.o ABSOLUTE
    ../clib/printf.c                         0x00000000   Number         0  _printf_fp_infnan.o ABSOLUTE
    ../clib/printf.c                         0x00000000   Number         0  _printf_char_common.o ABSOLUTE
    ../clib/printf.c                         0x00000000   Number         0  _printf_hex_ptr.o ABSOLUTE
    ../clib/printf.c                         0x00000000   Number         0  _printf_hex_int.o ABSOLUTE
    ../clib/printf_percent.s                 0x00000000   Number         0  _printf_f.o ABSOLUTE
    ../clib/printf_percent.s                 0x00000000   Number         0  _printf_percent.o ABSOLUTE
    ../clib/printf_percent.s                 0x00000000   Number         0  _printf_percent_end.o ABSOLUTE
    ../clib/printf_percent.s                 0x00000000   Number         0  _printf_x.o ABSOLUTE
    ../clib/signal.c                         0x00000000   Number         0  defsig_fpe_inner.o ABSOLUTE
    ../clib/signal.c                         0x00000000   Number         0  defsig_general.o ABSOLUTE
    ../clib/signal.c                         0x00000000   Number         0  __raise.o ABSOLUTE
    ../clib/signal.c                         0x00000000   Number         0  defsig_rtmem_inner.o ABSOLUTE
    ../clib/signal.c                         0x00000000   Number         0  defsig_exit.o ABSOLUTE
    ../clib/signal.c                         0x00000000   Number         0  defsig_rtmem_formal.o ABSOLUTE
    ../clib/signal.c                         0x00000000   Number         0  defsig_abrt_inner.o ABSOLUTE
    ../clib/signal.c                         0x00000000   Number         0  defsig_rtred_inner.o ABSOLUTE
    ../clib/signal.c                         0x00000000   Number         0  defsig_stak_inner.o ABSOLUTE
    ../clib/signal.c                         0x00000000   Number         0  defsig_pvfn_inner.o ABSOLUTE
    ../clib/signal.c                         0x00000000   Number         0  defsig_cppl_inner.o ABSOLUTE
    ../clib/signal.c                         0x00000000   Number         0  defsig_segv_inner.o ABSOLUTE
    ../clib/signal.c                         0x00000000   Number         0  defsig_other.o ABSOLUTE
    ../clib/signal.c                         0x00000000   Number         0  defsig_rtmem_outer.o ABSOLUTE
    ../clib/signal.s                         0x00000000   Number         0  defsig.o ABSOLUTE
    ../clib/stdio.c                          0x00000000   Number         0  ferror.o ABSOLUTE
    ../clib/stdio.c                          0x00000000   Number         0  ferror_locked.o ABSOLUTE
    ../clib/stdlib.c                         0x00000000   Number         0  exit.o ABSOLUTE
    ../fplib/d2f.s                           0x00000000   Number         0  d2f.o ABSOLUTE
    ../fplib/daddsub.s                       0x00000000   Number         0  daddsub_clz.o ABSOLUTE
    ../fplib/ddiv.s                          0x00000000   Number         0  ddiv.o ABSOLUTE
    ../fplib/dmul.s                          0x00000000   Number         0  dmul.o ABSOLUTE
    ../fplib/dnaninf.s                       0x00000000   Number         0  dnaninf.o ABSOLUTE
    ../fplib/dretinf.s                       0x00000000   Number         0  dretinf.o ABSOLUTE
    ../fplib/f2d.s                           0x00000000   Number         0  f2d.o ABSOLUTE
    ../fplib/fflt.s                          0x00000000   Number         0  fflt_clz.o ABSOLUTE
    ../fplib/fnaninf.s                       0x00000000   Number         0  fnaninf.o ABSOLUTE
    ../fplib/fpinit.s                        0x00000000   Number         0  fpinit.o ABSOLUTE
    ../fplib/fretinf.s                       0x00000000   Number         0  fretinf.o ABSOLUTE
    ../fplib/istatus.s                       0x00000000   Number         0  istatus.o ABSOLUTE
    ../fplib/printf1.s                       0x00000000   Number         0  printf1.o ABSOLUTE
    ../fplib/usenofp.s                       0x00000000   Number         0  usenofp.o ABSOLUTE
    ../mathlib/fpclassify.c                  0x00000000   Number         0  fpclassify.o ABSOLUTE
    ..\CORE\core_cm3.c                       0x00000000   Number         0  core_cm3.o ABSOLUTE
    ..\CORE\startup_stm32f10x_hd.s           0x00000000   Number         0  startup_stm32f10x_hd.o ABSOLUTE
    ..\HARDWARE\ADC\adc.c                    0x00000000   Number         0  adc.o ABSOLUTE
    ..\HARDWARE\LCD\lcd.c                    0x00000000   Number         0  lcd.o ABSOLUTE
    ..\HARDWARE\LED\led.c                    0x00000000   Number         0  led.o ABSOLUTE
    ..\STM32F10x_FWLib\src\misc.c            0x00000000   Number         0  misc.o ABSOLUTE
    ..\STM32F10x_FWLib\src\stm32f10x_adc.c   0x00000000   Number         0  stm32f10x_adc.o ABSOLUTE
    ..\STM32F10x_FWLib\src\stm32f10x_dma.c   0x00000000   Number         0  stm32f10x_dma.o ABSOLUTE
    ..\STM32F10x_FWLib\src\stm32f10x_gpio.c  0x00000000   Number         0  stm32f10x_gpio.o ABSOLUTE
    ..\STM32F10x_FWLib\src\stm32f10x_rcc.c   0x00000000   Number         0  stm32f10x_rcc.o ABSOLUTE
    ..\STM32F10x_FWLib\src\stm32f10x_usart.c 0x00000000   Number         0  stm32f10x_usart.o ABSOLUTE
    ..\SYSTEM\delay\delay.c                  0x00000000   Number         0  delay.o ABSOLUTE
    ..\SYSTEM\sys\sys.c                      0x00000000   Number         0  sys.o ABSOLUTE
    ..\SYSTEM\usart\usart.c                  0x00000000   Number         0  usart.o ABSOLUTE
    ..\\CORE\\core_cm3.c                     0x00000000   Number         0  core_cm3.o ABSOLUTE
    dc.s                                     0x00000000   Number         0  dc.o ABSOLUTE
    main.c                                   0x00000000   Number         0  main.o ABSOLUTE
    stm32f10x_it.c                           0x00000000   Number         0  stm32f10x_it.o ABSOLUTE
    system_stm32f10x.c                       0x00000000   Number         0  system_stm32f10x.o ABSOLUTE
    RESET                                    0x08000000   Section      304  startup_stm32f10x_hd.o(RESET)
    !!!main                                  0x08000130   Section        8  __main.o(!!!main)
    !!!scatter                               0x08000138   Section       52  __scatter.o(!!!scatter)
    !!handler_copy                           0x0800016c   Section       26  __scatter_copy.o(!!handler_copy)
    !!handler_zi                             0x08000188   Section       28  __scatter_zi.o(!!handler_zi)
    .ARM.Collect$$_printf_percent$$00000000  0x080001a4   Section        0  _printf_percent.o(.ARM.Collect$$_printf_percent$$00000000)
    .ARM.Collect$$_printf_percent$$00000003  0x080001a4   Section        6  _printf_f.o(.ARM.Collect$$_printf_percent$$00000003)
    .ARM.Collect$$_printf_percent$$0000000C  0x080001aa   Section        6  _printf_x.o(.ARM.Collect$$_printf_percent$$0000000C)
    .ARM.Collect$$_printf_percent$$00000017  0x080001b0   Section        4  _printf_percent_end.o(.ARM.Collect$$_printf_percent$$00000017)
    .ARM.Collect$$libinit$$00000000          0x080001b4   Section        2  libinit.o(.ARM.Collect$$libinit$$00000000)
    .ARM.Collect$$libinit$$00000002          0x080001b6   Section        0  libinit2.o(.ARM.Collect$$libinit$$00000002)
    .ARM.Collect$$libinit$$00000008          0x080001b6   Section        0  libinit2.o(.ARM.Collect$$libinit$$00000008)
    .ARM.Collect$$libinit$$0000000A          0x080001b6   Section        0  libinit2.o(.ARM.Collect$$libinit$$0000000A)
    .ARM.Collect$$libinit$$0000000C          0x080001b6   Section        0  libinit2.o(.ARM.Collect$$libinit$$0000000C)
    .ARM.Collect$$libinit$$0000000D          0x080001b6   Section        6  libinit2.o(.ARM.Collect$$libinit$$0000000D)
    .ARM.Collect$$libinit$$0000000F          0x080001bc   Section        0  libinit2.o(.ARM.Collect$$libinit$$0000000F)
    .ARM.Collect$$libinit$$00000011          0x080001bc   Section        0  libinit2.o(.ARM.Collect$$libinit$$00000011)
    .ARM.Collect$$libinit$$00000013          0x080001bc   Section        0  libinit2.o(.ARM.Collect$$libinit$$00000013)
    .ARM.Collect$$libinit$$00000014          0x080001bc   Section       10  libinit2.o(.ARM.Collect$$libinit$$00000014)
    .ARM.Collect$$libinit$$00000015          0x080001c6   Section        0  libinit2.o(.ARM.Collect$$libinit$$00000015)
    .ARM.Collect$$libinit$$00000017          0x080001c6   Section        0  libinit2.o(.ARM.Collect$$libinit$$00000017)
    .ARM.Collect$$libinit$$00000019          0x080001c6   Section        0  libinit2.o(.ARM.Collect$$libinit$$00000019)
    .ARM.Collect$$libinit$$0000001B          0x080001c6   Section        0  libinit2.o(.ARM.Collect$$libinit$$0000001B)
    .ARM.Collect$$libinit$$0000001D          0x080001c6   Section        0  libinit2.o(.ARM.Collect$$libinit$$0000001D)
    .ARM.Collect$$libinit$$0000001F          0x080001c6   Section        0  libinit2.o(.ARM.Collect$$libinit$$0000001F)
    .ARM.Collect$$libinit$$00000021          0x080001c6   Section        0  libinit2.o(.ARM.Collect$$libinit$$00000021)
    .ARM.Collect$$libinit$$00000023          0x080001c6   Section        0  libinit2.o(.ARM.Collect$$libinit$$00000023)
    .ARM.Collect$$libinit$$0000002A          0x080001c6   Section        0  libinit2.o(.ARM.Collect$$libinit$$0000002A)
    .ARM.Collect$$libinit$$0000002C          0x080001c6   Section        0  libinit2.o(.ARM.Collect$$libinit$$0000002C)
    .ARM.Collect$$libinit$$0000002E          0x080001c6   Section        0  libinit2.o(.ARM.Collect$$libinit$$0000002E)
    .ARM.Collect$$libinit$$00000030          0x080001c6   Section        0  libinit2.o(.ARM.Collect$$libinit$$00000030)
    .ARM.Collect$$libinit$$00000031          0x080001c6   Section        2  libinit2.o(.ARM.Collect$$libinit$$00000031)
    .ARM.Collect$$libshutdown$$00000000      0x080001c8   Section        2  libshutdown.o(.ARM.Collect$$libshutdown$$00000000)
    .ARM.Collect$$libshutdown$$00000003      0x080001ca   Section        0  libshutdown2.o(.ARM.Collect$$libshutdown$$00000003)
    .ARM.Collect$$libshutdown$$00000006      0x080001ca   Section        0  libshutdown2.o(.ARM.Collect$$libshutdown$$00000006)
    .ARM.Collect$$libshutdown$$00000009      0x080001ca   Section        0  libshutdown2.o(.ARM.Collect$$libshutdown$$00000009)
    .ARM.Collect$$libshutdown$$0000000B      0x080001ca   Section        0  libshutdown2.o(.ARM.Collect$$libshutdown$$0000000B)
    .ARM.Collect$$libshutdown$$0000000E      0x080001ca   Section        0  libshutdown2.o(.ARM.Collect$$libshutdown$$0000000E)
    .ARM.Collect$$libshutdown$$0000000F      0x080001ca   Section        2  libshutdown2.o(.ARM.Collect$$libshutdown$$0000000F)
    .ARM.Collect$$rtentry$$00000000          0x080001cc   Section        0  rtentry.o(.ARM.Collect$$rtentry$$00000000)
    .ARM.Collect$$rtentry$$00000002          0x080001cc   Section        0  rtentry2.o(.ARM.Collect$$rtentry$$00000002)
    .ARM.Collect$$rtentry$$00000004          0x080001cc   Section        6  rtentry4.o(.ARM.Collect$$rtentry$$00000004)
    .ARM.Collect$$rtentry$$00000009          0x080001d2   Section        0  rtentry2.o(.ARM.Collect$$rtentry$$00000009)
    .ARM.Collect$$rtentry$$0000000A          0x080001d2   Section        4  rtentry2.o(.ARM.Collect$$rtentry$$0000000A)
    .ARM.Collect$$rtentry$$0000000C          0x080001d6   Section        0  rtentry2.o(.ARM.Collect$$rtentry$$0000000C)
    .ARM.Collect$$rtentry$$0000000D          0x080001d6   Section        8  rtentry2.o(.ARM.Collect$$rtentry$$0000000D)
    .ARM.Collect$$rtexit$$00000000           0x080001de   Section        2  rtexit.o(.ARM.Collect$$rtexit$$00000000)
    .ARM.Collect$$rtexit$$00000002           0x080001e0   Section        0  rtexit2.o(.ARM.Collect$$rtexit$$00000002)
    .ARM.Collect$$rtexit$$00000003           0x080001e0   Section        4  rtexit2.o(.ARM.Collect$$rtexit$$00000003)
    .ARM.Collect$$rtexit$$00000004           0x080001e4   Section        6  rtexit2.o(.ARM.Collect$$rtexit$$00000004)
    .text                                    0x080001ec   Section        0  main.o(.text)
    .text                                    0x08000330   Section        0  stm32f10x_it.o(.text)
    .text                                    0x0800034c   Section        0  system_stm32f10x.o(.text)
    SetSysClockTo72                          0x0800034d   Thumb Code   214  system_stm32f10x.o(.text)
    SetSysClock                              0x08000423   Thumb Code     8  system_stm32f10x.o(.text)
    .text                                    0x0800052c   Section        0  lcd.o(.text)
    .text                                    0x08005dd0   Section        0  adc.o(.text)
    .text                                    0x08005f00   Section        0  delay.o(.text)
    .text                                    0x08005fd4   Section        0  usart.o(.text)
    .text                                    0x0800611c   Section       64  startup_stm32f10x_hd.o(.text)
    .text                                    0x0800615c   Section        0  stm32f10x_gpio.o(.text)
    .text                                    0x080064b8   Section        0  stm32f10x_rcc.o(.text)
    .text                                    0x0800685c   Section        0  stm32f10x_usart.o(.text)
    .text                                    0x08006c64   Section        0  misc.o(.text)
    .text                                    0x08006d40   Section        0  stm32f10x_adc.o(.text)
    .text                                    0x08007190   Section        0  stm32f10x_dma.o(.text)
    .text                                    0x080073e4   Section        2  use_no_semi_2.o(.text)
    .text                                    0x080073e8   Section        0  noretval__2printf.o(.text)
    .text                                    0x08007400   Section        0  __printf.o(.text)
    .text                                    0x08007468   Section        0  _printf_hex_int.o(.text)
    .text                                    0x080074c0   Section        0  heapauxi.o(.text)
    .text                                    0x080074c6   Section        2  use_no_semi.o(.text)
    .text                                    0x080074c8   Section        0  _printf_intcommon.o(.text)
    .text                                    0x0800757a   Section        0  _printf_fp_dec.o(.text)
    _fp_digits                               0x0800757d   Thumb Code   428  _printf_fp_dec.o(.text)
    .text                                    0x08007990   Section        0  _printf_char_file.o(.text)
    .text                                    0x080079b4   Section        8  rt_locale_intlibspace.o(.text)
    .text                                    0x080079bc   Section      138  lludiv10.o(.text)
    .text                                    0x08007a48   Section        0  _printf_char_common.o(.text)
    _printf_input_char                       0x08007a49   Thumb Code    10  _printf_char_common.o(.text)
    .text                                    0x08007a78   Section        0  _printf_fp_infnan.o(.text)
    .text                                    0x08007af8   Section        0  bigflt0.o(.text)
    .text                                    0x08007bd0   Section        0  ferror.o(.text)
    .text                                    0x08007bd8   Section        8  libspace.o(.text)
    .text                                    0x08007be0   Section       74  sys_stackheap_outer.o(.text)
    .text                                    0x08007c2a   Section        0  exit.o(.text)
    .text                                    0x08007c38   Section      128  strcmpv7m.o(.text)
    CL$$btod_d2e                             0x08007cb8   Section       62  btod.o(CL$$btod_d2e)
    CL$$btod_d2e_denorm_low                  0x08007cf6   Section       70  btod.o(CL$$btod_d2e_denorm_low)
    CL$$btod_d2e_norm_op1                    0x08007d3c   Section       96  btod.o(CL$$btod_d2e_norm_op1)
    CL$$btod_div_common                      0x08007d9c   Section      824  btod.o(CL$$btod_div_common)
    CL$$btod_e2e                             0x080080d4   Section      198  btod.o(CL$$btod_e2e)
    CL$$btod_ediv                            0x0800819a   Section       40  btod.o(CL$$btod_ediv)
    CL$$btod_emul                            0x080081c2   Section       40  btod.o(CL$$btod_emul)
    CL$$btod_mult_common                     0x080081ea   Section      580  btod.o(CL$$btod_mult_common)
    i.__ARM_fpclassify                       0x0800842e   Section        0  fpclassify.o(i.__ARM_fpclassify)
    locale$$code                             0x08008458   Section       44  lc_numeric_c.o(locale$$code)
    x$fpl$d2f                                0x08008484   Section       98  d2f.o(x$fpl$d2f)
    x$fpl$dadd                               0x080084e8   Section      336  daddsub_clz.o(x$fpl$dadd)
    _dadd1                                   0x080084f9   Thumb Code     0  daddsub_clz.o(x$fpl$dadd)
    x$fpl$ddiv                               0x08008638   Section      688  ddiv.o(x$fpl$ddiv)
    ddiv_entry                               0x0800863f   Thumb Code     0  ddiv.o(x$fpl$ddiv)
    x$fpl$dmul                               0x080088e8   Section      340  dmul.o(x$fpl$dmul)
    x$fpl$dnaninf                            0x08008a3c   Section      156  dnaninf.o(x$fpl$dnaninf)
    x$fpl$dretinf                            0x08008ad8   Section       12  dretinf.o(x$fpl$dretinf)
    x$fpl$drsb                               0x08008ae4   Section       22  daddsub_clz.o(x$fpl$drsb)
    x$fpl$dsub                               0x08008afc   Section      468  daddsub_clz.o(x$fpl$dsub)
    _dsub1                                   0x08008b0d   Thumb Code     0  daddsub_clz.o(x$fpl$dsub)
    x$fpl$f2d                                0x08008cd0   Section       86  f2d.o(x$fpl$f2d)
    x$fpl$ffltu                              0x08008d28   Section       38  fflt_clz.o(x$fpl$ffltu)
    x$fpl$fnaninf                            0x08008d4e   Section      140  fnaninf.o(x$fpl$fnaninf)
    x$fpl$fretinf                            0x08008dda   Section       10  fretinf.o(x$fpl$fretinf)
    x$fpl$printf1                            0x08008de4   Section        4  printf1.o(x$fpl$printf1)
    .constdata                               0x08008de8   Section     6080  lcd.o(.constdata)
    x$fpl$usenofp                            0x08008de8   Section        0  usenofp.o(x$fpl$usenofp)
    .constdata                               0x0800a5a8   Section       40  _printf_hex_int.o(.constdata)
    uc_hextab                                0x0800a5a8   Data          20  _printf_hex_int.o(.constdata)
    lc_hextab                                0x0800a5bc   Data          20  _printf_hex_int.o(.constdata)
    .constdata                               0x0800a5d0   Section      148  bigflt0.o(.constdata)
    tenpwrs_x                                0x0800a5d0   Data          60  bigflt0.o(.constdata)
    tenpwrs_i                                0x0800a60c   Data          64  bigflt0.o(.constdata)
    locale$$data                             0x0800a684   Section       28  lc_numeric_c.o(locale$$data)
    __lcnum_c_name                           0x0800a688   Data           2  lc_numeric_c.o(locale$$data)
    __lcnum_c_start                          0x0800a690   Data           0  lc_numeric_c.o(locale$$data)
    __lcnum_c_point                          0x0800a69c   Data           0  lc_numeric_c.o(locale$$data)
    __lcnum_c_thousands                      0x0800a69e   Data           0  lc_numeric_c.o(locale$$data)
    __lcnum_c_grouping                       0x0800a69f   Data           0  lc_numeric_c.o(locale$$data)
    __lcnum_c_end                            0x0800a6a0   Data           0  lc_numeric_c.o(locale$$data)
    .data                                    0x20000000   Section        4  main.o(.data)
    .data                                    0x20000004   Section       20  system_stm32f10x.o(.data)
    .data                                    0x20000018   Section        4  lcd.o(.data)
    .data                                    0x2000001c   Section        4  delay.o(.data)
    fac_us                                   0x2000001c   Data           1  delay.o(.data)
    fac_ms                                   0x2000001e   Data           2  delay.o(.data)
    .data                                    0x20000020   Section        6  usart.o(.data)
    .data                                    0x20000026   Section       20  stm32f10x_rcc.o(.data)
    APBAHBPrescTable                         0x20000026   Data          16  stm32f10x_rcc.o(.data)
    ADCPrescTable                            0x20000036   Data           4  stm32f10x_rcc.o(.data)
    .bss                                     0x2000003c   Section       44  main.o(.bss)
    .bss                                     0x20000068   Section       14  lcd.o(.bss)
    .bss                                     0x20000076   Section      200  usart.o(.bss)
    .bss                                     0x20000140   Section       96  libspace.o(.bss)
    HEAP                                     0x200001a0   Section      512  startup_stm32f10x_hd.o(HEAP)
    Heap_Mem                                 0x200001a0   Data         512  startup_stm32f10x_hd.o(HEAP)
    STACK                                    0x200003a0   Section     1024  startup_stm32f10x_hd.o(STACK)
    Stack_Mem                                0x200003a0   Data        1024  startup_stm32f10x_hd.o(STACK)
    __initial_sp                             0x200007a0   Data           0  startup_stm32f10x_hd.o(STACK)

    Global Symbols

    Symbol Name                              Value     Ov Type        Size  Object(Section)

    BuildAttributes$$THM_ISAv4$P$D$K$B$S$PE$A:L22UL41UL21$X:L11$S22US41US21$IEEE1$IW$USESV6$~STKCKD$USESV7$~SHL$OTIME$ROPI$IEEEJ$EBA8$UX$STANDARDLIB$REQ8$PRES8$EABIv2 0x00000000   Number         0  anon$$obj.o ABSOLUTE
    __ARM_use_no_argv                        0x00000000   Number         0  main.o ABSOLUTE
    __ARM_exceptions_init                     - Undefined Weak Reference
    __alloca_initialize                       - Undefined Weak Reference
    __cpp_initialize__aeabi_                  - Undefined Weak Reference
    __cxa_finalize                            - Undefined Weak Reference
    __sigvec_lookup                           - Undefined Weak Reference
    _atexit_init                              - Undefined Weak Reference
    _call_atexit_fns                          - Undefined Weak Reference
    _clock_init                               - Undefined Weak Reference
    _fp_trap_init                             - Undefined Weak Reference
    _fp_trap_shutdown                         - Undefined Weak Reference
    _get_lc_collate                           - Undefined Weak Reference
    _get_lc_ctype                             - Undefined Weak Reference
    _get_lc_monetary                          - Undefined Weak Reference
    _get_lc_time                              - Undefined Weak Reference
    _getenv_init                              - Undefined Weak Reference
    _handle_redirection                       - Undefined Weak Reference
    _init_alloc                               - Undefined Weak Reference
    _init_user_alloc                          - Undefined Weak Reference
    _initio                                   - Undefined Weak Reference
    _mutex_acquire                            - Undefined Weak Reference
    _mutex_release                            - Undefined Weak Reference
    _printf_post_padding                      - Undefined Weak Reference
    _printf_pre_padding                       - Undefined Weak Reference
    _printf_truncate_unsigned                 - Undefined Weak Reference
    _rand_init                                - Undefined Weak Reference
    _signal_finish                            - Undefined Weak Reference
    _signal_init                              - Undefined Weak Reference
    _terminate_alloc                          - Undefined Weak Reference
    _terminate_user_alloc                     - Undefined Weak Reference
    _terminateio                              - Undefined Weak Reference
    __Vectors_Size                           0x00000130   Number         0  startup_stm32f10x_hd.o ABSOLUTE
    __Vectors                                0x08000000   Data           4  startup_stm32f10x_hd.o(RESET)
    __Vectors_End                            0x08000130   Data           0  startup_stm32f10x_hd.o(RESET)
    __main                                   0x08000131   Thumb Code     8  __main.o(!!!main)
    __scatterload                            0x08000139   Thumb Code     0  __scatter.o(!!!scatter)
    __scatterload_rt2                        0x08000139   Thumb Code    44  __scatter.o(!!!scatter)
    __scatterload_rt2_thumb_only             0x08000139   Thumb Code     0  __scatter.o(!!!scatter)
    __scatterload_null                       0x08000147   Thumb Code     0  __scatter.o(!!!scatter)
    __scatterload_copy                       0x0800016d   Thumb Code    26  __scatter_copy.o(!!handler_copy)
    __scatterload_zeroinit                   0x08000189   Thumb Code    28  __scatter_zi.o(!!handler_zi)
    _printf_f                                0x080001a5   Thumb Code     0  _printf_f.o(.ARM.Collect$$_printf_percent$$00000003)
    _printf_percent                          0x080001a5   Thumb Code     0  _printf_percent.o(.ARM.Collect$$_printf_percent$$00000000)
    _printf_x                                0x080001ab   Thumb Code     0  _printf_x.o(.ARM.Collect$$_printf_percent$$0000000C)
    _printf_percent_end                      0x080001b1   Thumb Code     0  _printf_percent_end.o(.ARM.Collect$$_printf_percent$$00000017)
    __rt_lib_init                            0x080001b5   Thumb Code     0  libinit.o(.ARM.Collect$$libinit$$00000000)
    __rt_lib_init_fp_1                       0x080001b7   Thumb Code     0  libinit2.o(.ARM.Collect$$libinit$$00000002)
    __rt_lib_init_heap_1                     0x080001b7   Thumb Code     0  libinit2.o(.ARM.Collect$$libinit$$00000008)
    __rt_lib_init_lc_common                  0x080001b7   Thumb Code     0  libinit2.o(.ARM.Collect$$libinit$$0000000D)
    __rt_lib_init_rand_1                     0x080001b7   Thumb Code     0  libinit2.o(.ARM.Collect$$libinit$$0000000C)
    __rt_lib_init_user_alloc_1               0x080001b7   Thumb Code     0  libinit2.o(.ARM.Collect$$libinit$$0000000A)
    __rt_lib_init_lc_collate_1               0x080001bd   Thumb Code     0  libinit2.o(.ARM.Collect$$libinit$$0000000F)
    __rt_lib_init_lc_ctype_1                 0x080001bd   Thumb Code     0  libinit2.o(.ARM.Collect$$libinit$$00000011)
    __rt_lib_init_lc_monetary_1              0x080001bd   Thumb Code     0  libinit2.o(.ARM.Collect$$libinit$$00000013)
    __rt_lib_init_lc_numeric_2               0x080001bd   Thumb Code     0  libinit2.o(.ARM.Collect$$libinit$$00000014)
    __rt_lib_init_alloca_1                   0x080001c7   Thumb Code     0  libinit2.o(.ARM.Collect$$libinit$$0000002C)
    __rt_lib_init_argv_1                     0x080001c7   Thumb Code     0  libinit2.o(.ARM.Collect$$libinit$$0000002A)
    __rt_lib_init_atexit_1                   0x080001c7   Thumb Code     0  libinit2.o(.ARM.Collect$$libinit$$00000019)
    __rt_lib_init_clock_1                    0x080001c7   Thumb Code     0  libinit2.o(.ARM.Collect$$libinit$$0000001F)
    __rt_lib_init_cpp_1                      0x080001c7   Thumb Code     0  libinit2.o(.ARM.Collect$$libinit$$00000030)
    __rt_lib_init_exceptions_1               0x080001c7   Thumb Code     0  libinit2.o(.ARM.Collect$$libinit$$0000002E)
    __rt_lib_init_fp_trap_1                  0x080001c7   Thumb Code     0  libinit2.o(.ARM.Collect$$libinit$$0000001D)
    __rt_lib_init_getenv_1                   0x080001c7   Thumb Code     0  libinit2.o(.ARM.Collect$$libinit$$00000021)
    __rt_lib_init_lc_numeric_1               0x080001c7   Thumb Code     0  libinit2.o(.ARM.Collect$$libinit$$00000015)
    __rt_lib_init_lc_time_1                  0x080001c7   Thumb Code     0  libinit2.o(.ARM.Collect$$libinit$$00000017)
    __rt_lib_init_return                     0x080001c7   Thumb Code     0  libinit2.o(.ARM.Collect$$libinit$$00000031)
    __rt_lib_init_signal_1                   0x080001c7   Thumb Code     0  libinit2.o(.ARM.Collect$$libinit$$0000001B)
    __rt_lib_init_stdio_1                    0x080001c7   Thumb Code     0  libinit2.o(.ARM.Collect$$libinit$$00000023)
    __rt_lib_shutdown                        0x080001c9   Thumb Code     0  libshutdown.o(.ARM.Collect$$libshutdown$$00000000)
    __rt_lib_shutdown_fp_trap_1              0x080001cb   Thumb Code     0  libshutdown2.o(.ARM.Collect$$libshutdown$$00000006)
    __rt_lib_shutdown_heap_1                 0x080001cb   Thumb Code     0  libshutdown2.o(.ARM.Collect$$libshutdown$$0000000E)
    __rt_lib_shutdown_return                 0x080001cb   Thumb Code     0  libshutdown2.o(.ARM.Collect$$libshutdown$$0000000F)
    __rt_lib_shutdown_signal_1               0x080001cb   Thumb Code     0  libshutdown2.o(.ARM.Collect$$libshutdown$$00000009)
    __rt_lib_shutdown_stdio_1                0x080001cb   Thumb Code     0  libshutdown2.o(.ARM.Collect$$libshutdown$$00000003)
    __rt_lib_shutdown_user_alloc_1           0x080001cb   Thumb Code     0  libshutdown2.o(.ARM.Collect$$libshutdown$$0000000B)
    __rt_entry                               0x080001cd   Thumb Code     0  rtentry.o(.ARM.Collect$$rtentry$$00000000)
    __rt_entry_presh_1                       0x080001cd   Thumb Code     0  rtentry2.o(.ARM.Collect$$rtentry$$00000002)
    __rt_entry_sh                            0x080001cd   Thumb Code     0  rtentry4.o(.ARM.Collect$$rtentry$$00000004)
    __rt_entry_li                            0x080001d3   Thumb Code     0  rtentry2.o(.ARM.Collect$$rtentry$$0000000A)
    __rt_entry_postsh_1                      0x080001d3   Thumb Code     0  rtentry2.o(.ARM.Collect$$rtentry$$00000009)
    __rt_entry_main                          0x080001d7   Thumb Code     0  rtentry2.o(.ARM.Collect$$rtentry$$0000000D)
    __rt_entry_postli_1                      0x080001d7   Thumb Code     0  rtentry2.o(.ARM.Collect$$rtentry$$0000000C)
    __rt_exit                                0x080001df   Thumb Code     0  rtexit.o(.ARM.Collect$$rtexit$$00000000)
    __rt_exit_ls                             0x080001e1   Thumb Code     0  rtexit2.o(.ARM.Collect$$rtexit$$00000003)
    __rt_exit_prels_1                        0x080001e1   Thumb Code     0  rtexit2.o(.ARM.Collect$$rtexit$$00000002)
    __rt_exit_exit                           0x080001e5   Thumb Code     0  rtexit2.o(.ARM.Collect$$rtexit$$00000004)
    main                                     0x080001ed   Thumb Code   258  main.o(.text)
    NMI_Handler                              0x08000331   Thumb Code     2  stm32f10x_it.o(.text)
    HardFault_Handler                        0x08000333   Thumb Code     4  stm32f10x_it.o(.text)
    MemManage_Handler                        0x08000337   Thumb Code     4  stm32f10x_it.o(.text)
    BusFault_Handler                         0x0800033b   Thumb Code     4  stm32f10x_it.o(.text)
    UsageFault_Handler                       0x0800033f   Thumb Code     4  stm32f10x_it.o(.text)
    SVC_Handler                              0x08000343   Thumb Code     2  stm32f10x_it.o(.text)
    DebugMon_Handler                         0x08000345   Thumb Code     2  stm32f10x_it.o(.text)
    PendSV_Handler                           0x08000347   Thumb Code     2  stm32f10x_it.o(.text)
    SysTick_Handler                          0x08000349   Thumb Code     2  stm32f10x_it.o(.text)
    SystemInit                               0x0800042b   Thumb Code    78  system_stm32f10x.o(.text)
    SystemCoreClockUpdate                    0x08000479   Thumb Code   142  system_stm32f10x.o(.text)
    LCD_WR_REG                               0x0800052d   Thumb Code    60  lcd.o(.text)
    LCD_WR_DATAX                             0x08000569   Thumb Code    60  lcd.o(.text)
    LCD_RD_DATA                              0x080005a5   Thumb Code   118  lcd.o(.text)
    LCD_WriteReg                             0x0800061b   Thumb Code    68  lcd.o(.text)
    LCD_ReadReg                              0x0800065f   Thumb Code    16  lcd.o(.text)
    LCD_WriteRAM_Prepare                     0x0800066f   Thumb Code    12  lcd.o(.text)
    LCD_WriteRAM                             0x0800067b   Thumb Code    60  lcd.o(.text)
    LCD_BGR2RGB                              0x080006b7   Thumb Code    26  lcd.o(.text)
    LCD_SetCursor                            0x080006d1   Thumb Code   860  lcd.o(.text)
    LCD_ReadPoint                            0x08000a2d   Thumb Code   464  lcd.o(.text)
    LCD_DisplayOn                            0x08000bfd   Thumb Code    80  lcd.o(.text)
    LCD_DisplayOff                           0x08000c4d   Thumb Code    78  lcd.o(.text)
    LCD_Scan_Dir                             0x08000c9b   Thumb Code  1504  lcd.o(.text)
    LCD_DrawPoint                            0x0800127b   Thumb Code    76  lcd.o(.text)
    LCD_Fast_DrawPoint                       0x080012c7   Thumb Code   980  lcd.o(.text)
    LCD_Display_Dir                          0x0800169b   Thumb Code   420  lcd.o(.text)
    LCD_Set_Window                           0x0800183f   Thumb Code  1212  lcd.o(.text)
    LCD_Clear                                0x08001cfb   Thumb Code   164  lcd.o(.text)
    LCD_Init                                 0x08001d9f   Thumb Code 14876  lcd.o(.text)
    LCD_Fill                                 0x080057bb   Thumb Code   226  lcd.o(.text)
    LCD_Color_Fill                           0x0800589d   Thumb Code   140  lcd.o(.text)
    LCD_DrawLine                             0x08005929   Thumb Code   176  lcd.o(.text)
    LCD_DrawRectangle                        0x080059d9   Thumb Code    80  lcd.o(.text)
    LCD_Draw_Circle                          0x08005a29   Thumb Code   176  lcd.o(.text)
    LCD_ShowChar                             0x08005ad9   Thumb Code   272  lcd.o(.text)
    LCD_Pow                                  0x08005be9   Thumb Code    22  lcd.o(.text)
    LCD_ShowNum                              0x08005bff   Thumb Code   148  lcd.o(.text)
    LCD_ShowxNum                             0x08005c93   Thumb Code   190  lcd.o(.text)
    LCD_ShowString                           0x08005d51   Thumb Code   102  lcd.o(.text)
    Adc_Init                                 0x08005dd1   Thumb Code   200  adc.o(.text)
    Get_Adc                                  0x08005e99   Thumb Code    46  adc.o(.text)
    Get_Adc_Average                          0x08005ec7   Thumb Code    46  adc.o(.text)
    delay_init                               0x08005f01   Thumb Code    50  delay.o(.text)
    delay_us                                 0x08005f33   Thumb Code    72  delay.o(.text)
    delay_ms                                 0x08005f7b   Thumb Code    72  delay.o(.text)
    _sys_exit                                0x08005fd5   Thumb Code     6  usart.o(.text)
    fputc                                    0x08005fdb   Thumb Code    24  usart.o(.text)
    uart_init                                0x08005ff3   Thumb Code   158  usart.o(.text)
    USART1_IRQHandler                        0x08006091   Thumb Code   122  usart.o(.text)
    Reset_Handler                            0x0800611d   Thumb Code     8  startup_stm32f10x_hd.o(.text)
    ADC1_2_IRQHandler                        0x08006137   Thumb Code     0  startup_stm32f10x_hd.o(.text)
    ADC3_IRQHandler                          0x08006137   Thumb Code     0  startup_stm32f10x_hd.o(.text)
    CAN1_RX1_IRQHandler                      0x08006137   Thumb Code     0  startup_stm32f10x_hd.o(.text)
    CAN1_SCE_IRQHandler                      0x08006137   Thumb Code     0  startup_stm32f10x_hd.o(.text)
    DMA1_Channel1_IRQHandler                 0x08006137   Thumb Code     0  startup_stm32f10x_hd.o(.text)
    DMA1_Channel2_IRQHandler                 0x08006137   Thumb Code     0  startup_stm32f10x_hd.o(.text)
    DMA1_Channel3_IRQHandler                 0x08006137   Thumb Code     0  startup_stm32f10x_hd.o(.text)
    DMA1_Channel4_IRQHandler                 0x08006137   Thumb Code     0  startup_stm32f10x_hd.o(.text)
    DMA1_Channel5_IRQHandler                 0x08006137   Thumb Code     0  startup_stm32f10x_hd.o(.text)
    DMA1_Channel6_IRQHandler                 0x08006137   Thumb Code     0  startup_stm32f10x_hd.o(.text)
    DMA1_Channel7_IRQHandler                 0x08006137   Thumb Code     0  startup_stm32f10x_hd.o(.text)
    DMA2_Channel1_IRQHandler                 0x08006137   Thumb Code     0  startup_stm32f10x_hd.o(.text)
    DMA2_Channel2_IRQHandler                 0x08006137   Thumb Code     0  startup_stm32f10x_hd.o(.text)
    DMA2_Channel3_IRQHandler                 0x08006137   Thumb Code     0  startup_stm32f10x_hd.o(.text)
    DMA2_Channel4_5_IRQHandler               0x08006137   Thumb Code     0  startup_stm32f10x_hd.o(.text)
    EXTI0_IRQHandler                         0x08006137   Thumb Code     0  startup_stm32f10x_hd.o(.text)
    EXTI15_10_IRQHandler                     0x08006137   Thumb Code     0  startup_stm32f10x_hd.o(.text)
    EXTI1_IRQHandler                         0x08006137   Thumb Code     0  startup_stm32f10x_hd.o(.text)
    EXTI2_IRQHandler                         0x08006137   Thumb Code     0  startup_stm32f10x_hd.o(.text)
    EXTI3_IRQHandler                         0x08006137   Thumb Code     0  startup_stm32f10x_hd.o(.text)
    EXTI4_IRQHandler                         0x08006137   Thumb Code     0  startup_stm32f10x_hd.o(.text)
    EXTI9_5_IRQHandler                       0x08006137   Thumb Code     0  startup_stm32f10x_hd.o(.text)
    FLASH_IRQHandler                         0x08006137   Thumb Code     0  startup_stm32f10x_hd.o(.text)
    FSMC_IRQHandler                          0x08006137   Thumb Code     0  startup_stm32f10x_hd.o(.text)
    I2C1_ER_IRQHandler                       0x08006137   Thumb Code     0  startup_stm32f10x_hd.o(.text)
    I2C1_EV_IRQHandler                       0x08006137   Thumb Code     0  startup_stm32f10x_hd.o(.text)
    I2C2_ER_IRQHandler                       0x08006137   Thumb Code     0  startup_stm32f10x_hd.o(.text)
    I2C2_EV_IRQHandler                       0x08006137   Thumb Code     0  startup_stm32f10x_hd.o(.text)
    PVD_IRQHandler                           0x08006137   Thumb Code     0  startup_stm32f10x_hd.o(.text)
    RCC_IRQHandler                           0x08006137   Thumb Code     0  startup_stm32f10x_hd.o(.text)
    RTCAlarm_IRQHandler                      0x08006137   Thumb Code     0  startup_stm32f10x_hd.o(.text)
    RTC_IRQHandler                           0x08006137   Thumb Code     0  startup_stm32f10x_hd.o(.text)
    SDIO_IRQHandler                          0x08006137   Thumb Code     0  startup_stm32f10x_hd.o(.text)
    SPI1_IRQHandler                          0x08006137   Thumb Code     0  startup_stm32f10x_hd.o(.text)
    SPI2_IRQHandler                          0x08006137   Thumb Code     0  startup_stm32f10x_hd.o(.text)
    SPI3_IRQHandler                          0x08006137   Thumb Code     0  startup_stm32f10x_hd.o(.text)
    TAMPER_IRQHandler                        0x08006137   Thumb Code     0  startup_stm32f10x_hd.o(.text)
    TIM1_BRK_IRQHandler                      0x08006137   Thumb Code     0  startup_stm32f10x_hd.o(.text)
    TIM1_CC_IRQHandler                       0x08006137   Thumb Code     0  startup_stm32f10x_hd.o(.text)
    TIM1_TRG_COM_IRQHandler                  0x08006137   Thumb Code     0  startup_stm32f10x_hd.o(.text)
    TIM1_UP_IRQHandler                       0x08006137   Thumb Code     0  startup_stm32f10x_hd.o(.text)
    TIM2_IRQHandler                          0x08006137   Thumb Code     0  startup_stm32f10x_hd.o(.text)
    TIM3_IRQHandler                          0x08006137   Thumb Code     0  startup_stm32f10x_hd.o(.text)
    TIM4_IRQHandler                          0x08006137   Thumb Code     0  startup_stm32f10x_hd.o(.text)
    TIM5_IRQHandler                          0x08006137   Thumb Code     0  startup_stm32f10x_hd.o(.text)
    TIM6_IRQHandler                          0x08006137   Thumb Code     0  startup_stm32f10x_hd.o(.text)
    TIM7_IRQHandler                          0x08006137   Thumb Code     0  startup_stm32f10x_hd.o(.text)
    TIM8_BRK_IRQHandler                      0x08006137   Thumb Code     0  startup_stm32f10x_hd.o(.text)
    TIM8_CC_IRQHandler                       0x08006137   Thumb Code     0  startup_stm32f10x_hd.o(.text)
    TIM8_TRG_COM_IRQHandler                  0x08006137   Thumb Code     0  startup_stm32f10x_hd.o(.text)
    TIM8_UP_IRQHandler                       0x08006137   Thumb Code     0  startup_stm32f10x_hd.o(.text)
    UART4_IRQHandler                         0x08006137   Thumb Code     0  startup_stm32f10x_hd.o(.text)
    UART5_IRQHandler                         0x08006137   Thumb Code     0  startup_stm32f10x_hd.o(.text)
    USART2_IRQHandler                        0x08006137   Thumb Code     0  startup_stm32f10x_hd.o(.text)
    USART3_IRQHandler                        0x08006137   Thumb Code     0  startup_stm32f10x_hd.o(.text)
    USBWakeUp_IRQHandler                     0x08006137   Thumb Code     0  startup_stm32f10x_hd.o(.text)
    USB_HP_CAN1_TX_IRQHandler                0x08006137   Thumb Code     0  startup_stm32f10x_hd.o(.text)
    USB_LP_CAN1_RX0_IRQHandler               0x08006137   Thumb Code     0  startup_stm32f10x_hd.o(.text)
    WWDG_IRQHandler                          0x08006137   Thumb Code     0  startup_stm32f10x_hd.o(.text)
    __user_initial_stackheap                 0x08006139   Thumb Code     0  startup_stm32f10x_hd.o(.text)
    GPIO_DeInit                              0x0800615d   Thumb Code   172  stm32f10x_gpio.o(.text)
    GPIO_AFIODeInit                          0x08006209   Thumb Code    20  stm32f10x_gpio.o(.text)
    GPIO_Init                                0x0800621d   Thumb Code   278  stm32f10x_gpio.o(.text)
    GPIO_StructInit                          0x08006333   Thumb Code    16  stm32f10x_gpio.o(.text)
    GPIO_ReadInputDataBit                    0x08006343   Thumb Code    18  stm32f10x_gpio.o(.text)
    GPIO_ReadInputData                       0x08006355   Thumb Code     8  stm32f10x_gpio.o(.text)
    GPIO_ReadOutputDataBit                   0x0800635d   Thumb Code    18  stm32f10x_gpio.o(.text)
    GPIO_ReadOutputData                      0x0800636f   Thumb Code     8  stm32f10x_gpio.o(.text)
    GPIO_SetBits                             0x08006377   Thumb Code     4  stm32f10x_gpio.o(.text)
    GPIO_ResetBits                           0x0800637b   Thumb Code     4  stm32f10x_gpio.o(.text)
    GPIO_WriteBit                            0x0800637f   Thumb Code    10  stm32f10x_gpio.o(.text)
    GPIO_Write                               0x08006389   Thumb Code     4  stm32f10x_gpio.o(.text)
    GPIO_PinLockConfig                       0x0800638d   Thumb Code    18  stm32f10x_gpio.o(.text)
    GPIO_EventOutputConfig                   0x0800639f   Thumb Code    26  stm32f10x_gpio.o(.text)
    GPIO_EventOutputCmd                      0x080063b9   Thumb Code     6  stm32f10x_gpio.o(.text)
    GPIO_PinRemapConfig                      0x080063bf   Thumb Code   138  stm32f10x_gpio.o(.text)
    GPIO_EXTILineConfig                      0x08006449   Thumb Code    66  stm32f10x_gpio.o(.text)
    GPIO_ETH_MediaInterfaceConfig            0x0800648b   Thumb Code     8  stm32f10x_gpio.o(.text)
    RCC_DeInit                               0x080064b9   Thumb Code    64  stm32f10x_rcc.o(.text)
    RCC_HSEConfig                            0x080064f9   Thumb Code    70  stm32f10x_rcc.o(.text)
    RCC_GetFlagStatus                        0x0800653f   Thumb Code    56  stm32f10x_rcc.o(.text)
    RCC_WaitForHSEStartUp                    0x08006577   Thumb Code    56  stm32f10x_rcc.o(.text)
    RCC_AdjustHSICalibrationValue            0x080065af   Thumb Code    20  stm32f10x_rcc.o(.text)
    RCC_HSICmd                               0x080065c3   Thumb Code     6  stm32f10x_rcc.o(.text)
    RCC_PLLConfig                            0x080065c9   Thumb Code    24  stm32f10x_rcc.o(.text)
    RCC_PLLCmd                               0x080065e1   Thumb Code     6  stm32f10x_rcc.o(.text)
    RCC_SYSCLKConfig                         0x080065e7   Thumb Code    18  stm32f10x_rcc.o(.text)
    RCC_GetSYSCLKSource                      0x080065f9   Thumb Code    10  stm32f10x_rcc.o(.text)
    RCC_HCLKConfig                           0x08006603   Thumb Code    18  stm32f10x_rcc.o(.text)
    RCC_PCLK1Config                          0x08006615   Thumb Code    18  stm32f10x_rcc.o(.text)
    RCC_PCLK2Config                          0x08006627   Thumb Code    20  stm32f10x_rcc.o(.text)
    RCC_ITConfig                             0x0800663b   Thumb Code    26  stm32f10x_rcc.o(.text)
    RCC_USBCLKConfig                         0x08006655   Thumb Code     8  stm32f10x_rcc.o(.text)
    RCC_ADCCLKConfig                         0x0800665d   Thumb Code    18  stm32f10x_rcc.o(.text)
    RCC_LSEConfig                            0x0800666f   Thumb Code    50  stm32f10x_rcc.o(.text)
    RCC_LSICmd                               0x080066a1   Thumb Code     6  stm32f10x_rcc.o(.text)
    RCC_RTCCLKConfig                         0x080066a7   Thumb Code    12  stm32f10x_rcc.o(.text)
    RCC_RTCCLKCmd                            0x080066b3   Thumb Code     8  stm32f10x_rcc.o(.text)
    RCC_GetClocksFreq                        0x080066bb   Thumb Code   192  stm32f10x_rcc.o(.text)
    RCC_AHBPeriphClockCmd                    0x0800677b   Thumb Code    26  stm32f10x_rcc.o(.text)
    RCC_APB2PeriphClockCmd                   0x08006795   Thumb Code    26  stm32f10x_rcc.o(.text)
    RCC_APB1PeriphClockCmd                   0x080067af   Thumb Code    26  stm32f10x_rcc.o(.text)
    RCC_APB2PeriphResetCmd                   0x080067c9   Thumb Code    26  stm32f10x_rcc.o(.text)
    RCC_APB1PeriphResetCmd                   0x080067e3   Thumb Code    26  stm32f10x_rcc.o(.text)
    RCC_BackupResetCmd                       0x080067fd   Thumb Code     8  stm32f10x_rcc.o(.text)
    RCC_ClockSecuritySystemCmd               0x08006805   Thumb Code     6  stm32f10x_rcc.o(.text)
    RCC_MCOConfig                            0x0800680b   Thumb Code     6  stm32f10x_rcc.o(.text)
    RCC_ClearFlag                            0x08006811   Thumb Code    14  stm32f10x_rcc.o(.text)
    RCC_GetITStatus                          0x0800681f   Thumb Code    20  stm32f10x_rcc.o(.text)
    RCC_ClearITPendingBit                    0x08006833   Thumb Code     6  stm32f10x_rcc.o(.text)
    USART_DeInit                             0x0800685d   Thumb Code   134  stm32f10x_usart.o(.text)
    USART_Init                               0x080068e3   Thumb Code   210  stm32f10x_usart.o(.text)
    USART_StructInit                         0x080069b5   Thumb Code    24  stm32f10x_usart.o(.text)
    USART_ClockInit                          0x080069cd   Thumb Code    34  stm32f10x_usart.o(.text)
    USART_ClockStructInit                    0x080069ef   Thumb Code    12  stm32f10x_usart.o(.text)
    USART_Cmd                                0x080069fb   Thumb Code    24  stm32f10x_usart.o(.text)
    USART_ITConfig                           0x08006a13   Thumb Code    74  stm32f10x_usart.o(.text)
    USART_DMACmd                             0x08006a5d   Thumb Code    18  stm32f10x_usart.o(.text)
    USART_SetAddress                         0x08006a6f   Thumb Code    18  stm32f10x_usart.o(.text)
    USART_WakeUpConfig                       0x08006a81   Thumb Code    18  stm32f10x_usart.o(.text)
    USART_ReceiverWakeUpCmd                  0x08006a93   Thumb Code    24  stm32f10x_usart.o(.text)
    USART_LINBreakDetectLengthConfig         0x08006aab   Thumb Code    18  stm32f10x_usart.o(.text)
    USART_LINCmd                             0x08006abd   Thumb Code    24  stm32f10x_usart.o(.text)
    USART_SendData                           0x08006ad5   Thumb Code     8  stm32f10x_usart.o(.text)
    USART_ReceiveData                        0x08006add   Thumb Code    10  stm32f10x_usart.o(.text)
    USART_SendBreak                          0x08006ae7   Thumb Code    10  stm32f10x_usart.o(.text)
    USART_SetGuardTime                       0x08006af1   Thumb Code    16  stm32f10x_usart.o(.text)
    USART_SetPrescaler                       0x08006b01   Thumb Code    16  stm32f10x_usart.o(.text)
    USART_SmartCardCmd                       0x08006b11   Thumb Code    24  stm32f10x_usart.o(.text)
    USART_SmartCardNACKCmd                   0x08006b29   Thumb Code    24  stm32f10x_usart.o(.text)
    USART_HalfDuplexCmd                      0x08006b41   Thumb Code    24  stm32f10x_usart.o(.text)
    USART_OverSampling8Cmd                   0x08006b59   Thumb Code    22  stm32f10x_usart.o(.text)
    USART_OneBitMethodCmd                    0x08006b6f   Thumb Code    24  stm32f10x_usart.o(.text)
    USART_IrDAConfig                         0x08006b87   Thumb Code    18  stm32f10x_usart.o(.text)
    USART_IrDACmd                            0x08006b99   Thumb Code    24  stm32f10x_usart.o(.text)
    USART_GetFlagStatus                      0x08006bb1   Thumb Code    26  stm32f10x_usart.o(.text)
    USART_ClearFlag                          0x08006bcb   Thumb Code    18  stm32f10x_usart.o(.text)
    USART_GetITStatus                        0x08006bdd   Thumb Code    84  stm32f10x_usart.o(.text)
    USART_ClearITPendingBit                  0x08006c31   Thumb Code    52  stm32f10x_usart.o(.text)
    NVIC_PriorityGroupConfig                 0x08006c65   Thumb Code    10  misc.o(.text)
    NVIC_Init                                0x08006c6f   Thumb Code   100  misc.o(.text)
    NVIC_SetVectorTable                      0x08006cd3   Thumb Code    14  misc.o(.text)
    NVIC_SystemLPConfig                      0x08006ce1   Thumb Code    34  misc.o(.text)
    SysTick_CLKSourceConfig                  0x08006d03   Thumb Code    40  misc.o(.text)
    ADC_DeInit                               0x08006d41   Thumb Code    78  stm32f10x_adc.o(.text)
    ADC_Init                                 0x08006d8f   Thumb Code    70  stm32f10x_adc.o(.text)
    ADC_StructInit                           0x08006dd5   Thumb Code    18  stm32f10x_adc.o(.text)
    ADC_Cmd                                  0x08006de7   Thumb Code    22  stm32f10x_adc.o(.text)
    ADC_DMACmd                               0x08006dfd   Thumb Code    22  stm32f10x_adc.o(.text)
    ADC_ITConfig                             0x08006e13   Thumb Code    24  stm32f10x_adc.o(.text)
    ADC_ResetCalibration                     0x08006e2b   Thumb Code    10  stm32f10x_adc.o(.text)
    ADC_GetResetCalibrationStatus            0x08006e35   Thumb Code    20  stm32f10x_adc.o(.text)
    ADC_StartCalibration                     0x08006e49   Thumb Code    10  stm32f10x_adc.o(.text)
    ADC_GetCalibrationStatus                 0x08006e53   Thumb Code    20  stm32f10x_adc.o(.text)
    ADC_SoftwareStartConvCmd                 0x08006e67   Thumb Code    22  stm32f10x_adc.o(.text)
    ADC_GetSoftwareStartConvStatus           0x08006e7d   Thumb Code    20  stm32f10x_adc.o(.text)
    ADC_DiscModeChannelCountConfig           0x08006e91   Thumb Code    24  stm32f10x_adc.o(.text)
    ADC_DiscModeCmd                          0x08006ea9   Thumb Code    22  stm32f10x_adc.o(.text)
    ADC_RegularChannelConfig                 0x08006ebf   Thumb Code   184  stm32f10x_adc.o(.text)
    ADC_ExternalTrigConvCmd                  0x08006f77   Thumb Code    22  stm32f10x_adc.o(.text)
    ADC_GetConversionValue                   0x08006f8d   Thumb Code     8  stm32f10x_adc.o(.text)
    ADC_GetDualModeConversionValue           0x08006f95   Thumb Code     8  stm32f10x_adc.o(.text)
    ADC_AutoInjectedConvCmd                  0x08006f9d   Thumb Code    22  stm32f10x_adc.o(.text)
    ADC_InjectedDiscModeCmd                  0x08006fb3   Thumb Code    22  stm32f10x_adc.o(.text)
    ADC_ExternalTrigInjectedConvConfig       0x08006fc9   Thumb Code    16  stm32f10x_adc.o(.text)
    ADC_ExternalTrigInjectedConvCmd          0x08006fd9   Thumb Code    22  stm32f10x_adc.o(.text)
    ADC_SoftwareStartInjectedConvCmd         0x08006fef   Thumb Code    22  stm32f10x_adc.o(.text)
    ADC_GetSoftwareStartInjectedConvCmdStatus 0x08007005   Thumb Code    20  stm32f10x_adc.o(.text)
    ADC_InjectedChannelConfig                0x08007019   Thumb Code   130  stm32f10x_adc.o(.text)
    ADC_InjectedSequencerLengthConfig        0x0800709b   Thumb Code    24  stm32f10x_adc.o(.text)
    ADC_SetInjectedOffset                    0x080070b3   Thumb Code    20  stm32f10x_adc.o(.text)
    ADC_GetInjectedConversionValue           0x080070c7   Thumb Code    28  stm32f10x_adc.o(.text)
    ADC_AnalogWatchdogCmd                    0x080070e3   Thumb Code    16  stm32f10x_adc.o(.text)
    ADC_AnalogWatchdogThresholdsConfig       0x080070f3   Thumb Code     6  stm32f10x_adc.o(.text)
    ADC_AnalogWatchdogSingleChannelConfig    0x080070f9   Thumb Code    16  stm32f10x_adc.o(.text)
    ADC_TempSensorVrefintCmd                 0x08007109   Thumb Code    64  stm32f10x_adc.o(.text)
    ADC_GetFlagStatus                        0x08007149   Thumb Code    18  stm32f10x_adc.o(.text)
    ADC_ClearFlag                            0x0800715b   Thumb Code     6  stm32f10x_adc.o(.text)
    ADC_GetITStatus                          0x08007161   Thumb Code    36  stm32f10x_adc.o(.text)
    ADC_ClearITPendingBit                    0x08007185   Thumb Code    10  stm32f10x_adc.o(.text)
    DMA_DeInit                               0x08007191   Thumb Code   324  stm32f10x_dma.o(.text)
    DMA_Init                                 0x080072d5   Thumb Code    60  stm32f10x_dma.o(.text)
    DMA_StructInit                           0x08007311   Thumb Code    26  stm32f10x_dma.o(.text)
    DMA_Cmd                                  0x0800732b   Thumb Code    24  stm32f10x_dma.o(.text)
    DMA_ITConfig                             0x08007343   Thumb Code    18  stm32f10x_dma.o(.text)
    DMA_SetCurrDataCounter                   0x08007355   Thumb Code     4  stm32f10x_dma.o(.text)
    DMA_GetCurrDataCounter                   0x08007359   Thumb Code     8  stm32f10x_dma.o(.text)
    DMA_GetFlagStatus                        0x08007361   Thumb Code    40  stm32f10x_dma.o(.text)
    DMA_ClearFlag                            0x08007389   Thumb Code    22  stm32f10x_dma.o(.text)
    DMA_GetITStatus                          0x0800739f   Thumb Code    40  stm32f10x_dma.o(.text)
    DMA_ClearITPendingBit                    0x080073c7   Thumb Code    22  stm32f10x_dma.o(.text)
    __use_no_semihosting                     0x080073e5   Thumb Code     2  use_no_semi_2.o(.text)
    __2printf                                0x080073e9   Thumb Code    20  noretval__2printf.o(.text)
    __printf                                 0x08007401   Thumb Code   104  __printf.o(.text)
    _printf_int_hex                          0x08007469   Thumb Code    84  _printf_hex_int.o(.text)
    _printf_longlong_hex                     0x08007469   Thumb Code     0  _printf_hex_int.o(.text)
    __use_two_region_memory                  0x080074c1   Thumb Code     2  heapauxi.o(.text)
    __rt_heap_escrow$2region                 0x080074c3   Thumb Code     2  heapauxi.o(.text)
    __rt_heap_expand$2region                 0x080074c5   Thumb Code     2  heapauxi.o(.text)
    __I$use$semihosting                      0x080074c7   Thumb Code     0  use_no_semi.o(.text)
    __use_no_semihosting_swi                 0x080074c7   Thumb Code     2  use_no_semi.o(.text)
    _printf_int_common                       0x080074c9   Thumb Code   178  _printf_intcommon.o(.text)
    __lib_sel_fp_printf                      0x0800757b   Thumb Code     2  _printf_fp_dec.o(.text)
    _printf_fp_dec_real                      0x08007729   Thumb Code   616  _printf_fp_dec.o(.text)
    _printf_char_file                        0x08007991   Thumb Code    32  _printf_char_file.o(.text)
    __rt_locale                              0x080079b5   Thumb Code     8  rt_locale_intlibspace.o(.text)
    _ll_udiv10                               0x080079bd   Thumb Code   138  lludiv10.o(.text)
    _printf_char_common                      0x08007a53   Thumb Code    32  _printf_char_common.o(.text)
    _printf_fp_infnan                        0x08007a79   Thumb Code   112  _printf_fp_infnan.o(.text)
    _btod_etento                             0x08007af9   Thumb Code   212  bigflt0.o(.text)
    ferror                                   0x08007bd1   Thumb Code     8  ferror.o(.text)
    __user_libspace                          0x08007bd9   Thumb Code     8  libspace.o(.text)
    __user_perproc_libspace                  0x08007bd9   Thumb Code     0  libspace.o(.text)
    __user_perthread_libspace                0x08007bd9   Thumb Code     0  libspace.o(.text)
    __user_setup_stackheap                   0x08007be1   Thumb Code    74  sys_stackheap_outer.o(.text)
    exit                                     0x08007c2b   Thumb Code    12  exit.o(.text)
    strcmp                                   0x08007c39   Thumb Code   128  strcmpv7m.o(.text)
    _btod_d2e                                0x08007cb9   Thumb Code    62  btod.o(CL$$btod_d2e)
    _d2e_denorm_low                          0x08007cf7   Thumb Code    70  btod.o(CL$$btod_d2e_denorm_low)
    _d2e_norm_op1                            0x08007d3d   Thumb Code    96  btod.o(CL$$btod_d2e_norm_op1)
    __btod_div_common                        0x08007d9d   Thumb Code   696  btod.o(CL$$btod_div_common)
    _e2e                                     0x080080d5   Thumb Code   198  btod.o(CL$$btod_e2e)
    _btod_ediv                               0x0800819b   Thumb Code    40  btod.o(CL$$btod_ediv)
    _btod_emul                               0x080081c3   Thumb Code    40  btod.o(CL$$btod_emul)
    __btod_mult_common                       0x080081eb   Thumb Code   580  btod.o(CL$$btod_mult_common)
    __ARM_fpclassify                         0x0800842f   Thumb Code    40  fpclassify.o(i.__ARM_fpclassify)
    _get_lc_numeric                          0x08008459   Thumb Code    44  lc_numeric_c.o(locale$$code)
    __aeabi_d2f                              0x08008485   Thumb Code     0  d2f.o(x$fpl$d2f)
    _d2f                                     0x08008485   Thumb Code    98  d2f.o(x$fpl$d2f)
    __aeabi_dadd                             0x080084e9   Thumb Code     0  daddsub_clz.o(x$fpl$dadd)
    _dadd                                    0x080084e9   Thumb Code   332  daddsub_clz.o(x$fpl$dadd)
    __aeabi_ddiv                             0x08008639   Thumb Code     0  ddiv.o(x$fpl$ddiv)
    _ddiv                                    0x08008639   Thumb Code   552  ddiv.o(x$fpl$ddiv)
    __aeabi_dmul                             0x080088e9   Thumb Code     0  dmul.o(x$fpl$dmul)
    _dmul                                    0x080088e9   Thumb Code   332  dmul.o(x$fpl$dmul)
    __fpl_dnaninf                            0x08008a3d   Thumb Code   156  dnaninf.o(x$fpl$dnaninf)
    __fpl_dretinf                            0x08008ad9   Thumb Code    12  dretinf.o(x$fpl$dretinf)
    __aeabi_drsub                            0x08008ae5   Thumb Code     0  daddsub_clz.o(x$fpl$drsb)
    _drsb                                    0x08008ae5   Thumb Code    22  daddsub_clz.o(x$fpl$drsb)
    __aeabi_dsub                             0x08008afd   Thumb Code     0  daddsub_clz.o(x$fpl$dsub)
    _dsub                                    0x08008afd   Thumb Code   464  daddsub_clz.o(x$fpl$dsub)
    __aeabi_f2d                              0x08008cd1   Thumb Code     0  f2d.o(x$fpl$f2d)
    _f2d                                     0x08008cd1   Thumb Code    86  f2d.o(x$fpl$f2d)
    __aeabi_ui2f                             0x08008d29   Thumb Code     0  fflt_clz.o(x$fpl$ffltu)
    _ffltu                                   0x08008d29   Thumb Code    38  fflt_clz.o(x$fpl$ffltu)
    __fpl_fnaninf                            0x08008d4f   Thumb Code   140  fnaninf.o(x$fpl$fnaninf)
    __fpl_fretinf                            0x08008ddb   Thumb Code    10  fretinf.o(x$fpl$fretinf)
    _printf_fp_dec                           0x08008de5   Thumb Code     4  printf1.o(x$fpl$printf1)
    __I$use$fp                               0x08008de8   Number         0  usenofp.o(x$fpl$usenofp)
    asc2_1206                                0x08008de8   Data        1140  lcd.o(.constdata)
    asc2_1608                                0x0800925c   Data        1520  lcd.o(.constdata)
    asc2_2412                                0x0800984c   Data        3420  lcd.o(.constdata)
    Region$$Table$$Base                      0x0800a664   Number         0  anon$$obj.o(Region$$Table)
    Region$$Table$$Limit                     0x0800a684   Number         0  anon$$obj.o(Region$$Table)
    AD_Value                                 0x20000000   Data           4  main.o(.data)
    SystemCoreClock                          0x20000004   Data           4  system_stm32f10x.o(.data)
    AHBPrescTable                            0x20000008   Data          16  system_stm32f10x.o(.data)
    POINT_COLOR                              0x20000018   Data           2  lcd.o(.data)
    BACK_COLOR                               0x2000001a   Data           2  lcd.o(.data)
    __stdout                                 0x20000020   Data           4  usart.o(.data)
    USART_RX_STA                             0x20000024   Data           2  usart.o(.data)
    DMA_InitStructure                        0x2000003c   Data          44  main.o(.bss)
    lcddev                                   0x20000068   Data          14  lcd.o(.bss)
    USART_RX_BUF                             0x20000076   Data         200  usart.o(.bss)
    __libspace_start                         0x20000140   Data          96  libspace.o(.bss)
    __temporary_stack_top$libspace           0x200001a0   Data           0  libspace.o(.bss)



==============================================================================

Memory Map of the image

  Image Entry point : 0x08000131

  Load Region LR_IROM1 (Base: 0x08000000, Size: 0x0000a6dc, Max: 0x00040000, ABSOLUTE)

    Execution Region ER_IROM1 (Base: 0x08000000, Size: 0x0000a6a0, Max: 0x00040000, ABSOLUTE)

    Base Addr    Size         Type   Attr      Idx    E Section Name        Object

    0x08000000   0x00000130   Data   RO          250    RESET               startup_stm32f10x_hd.o
    0x08000130   0x00000008   Code   RO          385  * !!!main             c_w.l(__main.o)
    0x08000138   0x00000034   Code   RO          628    !!!scatter          c_w.l(__scatter.o)
    0x0800016c   0x0000001a   Code   RO          630    !!handler_copy      c_w.l(__scatter_copy.o)
    0x08000186   0x00000002   PAD
    0x08000188   0x0000001c   Code   RO          632    !!handler_zi        c_w.l(__scatter_zi.o)
    0x080001a4   0x00000000   Code   RO          382    .ARM.Collect$$_printf_percent$$00000000  c_w.l(_printf_percent.o)
    0x080001a4   0x00000006   Code   RO          381    .ARM.Collect$$_printf_percent$$00000003  c_w.l(_printf_f.o)
    0x080001aa   0x00000006   Code   RO          380    .ARM.Collect$$_printf_percent$$0000000C  c_w.l(_printf_x.o)
    0x080001b0   0x00000004   Code   RO          420    .ARM.Collect$$_printf_percent$$00000017  c_w.l(_printf_percent_end.o)
    0x080001b4   0x00000002   Code   RO          508    .ARM.Collect$$libinit$$00000000  c_w.l(libinit.o)
    0x080001b6   0x00000000   Code   RO          510    .ARM.Collect$$libinit$$00000002  c_w.l(libinit2.o)
    0x080001b6   0x00000000   Code   RO          513    .ARM.Collect$$libinit$$00000008  c_w.l(libinit2.o)
    0x080001b6   0x00000000   Code   RO          515    .ARM.Collect$$libinit$$0000000A  c_w.l(libinit2.o)
    0x080001b6   0x00000000   Code   RO          517    .ARM.Collect$$libinit$$0000000C  c_w.l(libinit2.o)
    0x080001b6   0x00000006   Code   RO          518    .ARM.Collect$$libinit$$0000000D  c_w.l(libinit2.o)
    0x080001bc   0x00000000   Code   RO          520    .ARM.Collect$$libinit$$0000000F  c_w.l(libinit2.o)
    0x080001bc   0x00000000   Code   RO          522    .ARM.Collect$$libinit$$00000011  c_w.l(libinit2.o)
    0x080001bc   0x00000000   Code   RO          524    .ARM.Collect$$libinit$$00000013  c_w.l(libinit2.o)
    0x080001bc   0x0000000a   Code   RO          525    .ARM.Collect$$libinit$$00000014  c_w.l(libinit2.o)
    0x080001c6   0x00000000   Code   RO          526    .ARM.Collect$$libinit$$00000015  c_w.l(libinit2.o)
    0x080001c6   0x00000000   Code   RO          528    .ARM.Collect$$libinit$$00000017  c_w.l(libinit2.o)
    0x080001c6   0x00000000   Code   RO          530    .ARM.Collect$$libinit$$00000019  c_w.l(libinit2.o)
    0x080001c6   0x00000000   Code   RO          532    .ARM.Collect$$libinit$$0000001B  c_w.l(libinit2.o)
    0x080001c6   0x00000000   Code   RO          534    .ARM.Collect$$libinit$$0000001D  c_w.l(libinit2.o)
    0x080001c6   0x00000000   Code   RO          536    .ARM.Collect$$libinit$$0000001F  c_w.l(libinit2.o)
    0x080001c6   0x00000000   Code   RO          538    .ARM.Collect$$libinit$$00000021  c_w.l(libinit2.o)
    0x080001c6   0x00000000   Code   RO          540    .ARM.Collect$$libinit$$00000023  c_w.l(libinit2.o)
    0x080001c6   0x00000000   Code   RO          544    .ARM.Collect$$libinit$$0000002A  c_w.l(libinit2.o)
    0x080001c6   0x00000000   Code   RO          546    .ARM.Collect$$libinit$$0000002C  c_w.l(libinit2.o)
    0x080001c6   0x00000000   Code   RO          548    .ARM.Collect$$libinit$$0000002E  c_w.l(libinit2.o)
    0x080001c6   0x00000000   Code   RO          550    .ARM.Collect$$libinit$$00000030  c_w.l(libinit2.o)
    0x080001c6   0x00000002   Code   RO          551    .ARM.Collect$$libinit$$00000031  c_w.l(libinit2.o)
    0x080001c8   0x00000002   Code   RO          579    .ARM.Collect$$libshutdown$$00000000  c_w.l(libshutdown.o)
    0x080001ca   0x00000000   Code   RO          589    .ARM.Collect$$libshutdown$$00000003  c_w.l(libshutdown2.o)
    0x080001ca   0x00000000   Code   RO          592    .ARM.Collect$$libshutdown$$00000006  c_w.l(libshutdown2.o)
    0x080001ca   0x00000000   Code   RO          595    .ARM.Collect$$libshutdown$$00000009  c_w.l(libshutdown2.o)
    0x080001ca   0x00000000   Code   RO          597    .ARM.Collect$$libshutdown$$0000000B  c_w.l(libshutdown2.o)
    0x080001ca   0x00000000   Code   RO          600    .ARM.Collect$$libshutdown$$0000000E  c_w.l(libshutdown2.o)
    0x080001ca   0x00000002   Code   RO          601    .ARM.Collect$$libshutdown$$0000000F  c_w.l(libshutdown2.o)
    0x080001cc   0x00000000   Code   RO          413    .ARM.Collect$$rtentry$$00000000  c_w.l(rtentry.o)
    0x080001cc   0x00000000   Code   RO          431    .ARM.Collect$$rtentry$$00000002  c_w.l(rtentry2.o)
    0x080001cc   0x00000006   Code   RO          443    .ARM.Collect$$rtentry$$00000004  c_w.l(rtentry4.o)
    0x080001d2   0x00000000   Code   RO          433    .ARM.Collect$$rtentry$$00000009  c_w.l(rtentry2.o)
    0x080001d2   0x00000004   Code   RO          434    .ARM.Collect$$rtentry$$0000000A  c_w.l(rtentry2.o)
    0x080001d6   0x00000000   Code   RO          436    .ARM.Collect$$rtentry$$0000000C  c_w.l(rtentry2.o)
    0x080001d6   0x00000008   Code   RO          437    .ARM.Collect$$rtentry$$0000000D  c_w.l(rtentry2.o)
    0x080001de   0x00000002   Code   RO          552    .ARM.Collect$$rtexit$$00000000  c_w.l(rtexit.o)
    0x080001e0   0x00000000   Code   RO          559    .ARM.Collect$$rtexit$$00000002  c_w.l(rtexit2.o)
    0x080001e0   0x00000004   Code   RO          560    .ARM.Collect$$rtexit$$00000003  c_w.l(rtexit2.o)
    0x080001e4   0x00000006   Code   RO          561    .ARM.Collect$$rtexit$$00000004  c_w.l(rtexit2.o)
    0x080001ea   0x00000002   PAD
    0x080001ec   0x00000144   Code   RO            1    .text               main.o
    0x08000330   0x0000001a   Code   RO           81    .text               stm32f10x_it.o
    0x0800034a   0x00000002   PAD
    0x0800034c   0x000001e0   Code   RO          116    .text               system_stm32f10x.o
    0x0800052c   0x000058a4   Code   RO          146    .text               lcd.o
    0x08005dd0   0x00000130   Code   RO          176    .text               adc.o
    0x08005f00   0x000000d4   Code   RO          188    .text               delay.o
    0x08005fd4   0x00000148   Code   RO          214    .text               usart.o
    0x0800611c   0x00000040   Code   RO          251    .text               startup_stm32f10x_hd.o
    0x0800615c   0x0000035c   Code   RO          255    .text               stm32f10x_gpio.o
    0x080064b8   0x000003a4   Code   RO          267    .text               stm32f10x_rcc.o
    0x0800685c   0x00000408   Code   RO          281    .text               stm32f10x_usart.o
    0x08006c64   0x000000dc   Code   RO          293    .text               misc.o
    0x08006d40   0x0000044e   Code   RO          305    .text               stm32f10x_adc.o
    0x0800718e   0x00000002   PAD
    0x08007190   0x00000254   Code   RO          317    .text               stm32f10x_dma.o
    0x080073e4   0x00000002   Code   RO          331    .text               c_w.l(use_no_semi_2.o)
    0x080073e6   0x00000002   PAD
    0x080073e8   0x00000018   Code   RO          335    .text               c_w.l(noretval__2printf.o)
    0x08007400   0x00000068   Code   RO          337    .text               c_w.l(__printf.o)
    0x08007468   0x00000058   Code   RO          342    .text               c_w.l(_printf_hex_int.o)
    0x080074c0   0x00000006   Code   RO          383    .text               c_w.l(heapauxi.o)
    0x080074c6   0x00000002   Code   RO          411    .text               c_w.l(use_no_semi.o)
    0x080074c8   0x000000b2   Code   RO          414    .text               c_w.l(_printf_intcommon.o)
    0x0800757a   0x00000416   Code   RO          416    .text               c_w.l(_printf_fp_dec.o)
    0x08007990   0x00000024   Code   RO          418    .text               c_w.l(_printf_char_file.o)
    0x080079b4   0x00000008   Code   RO          448    .text               c_w.l(rt_locale_intlibspace.o)
    0x080079bc   0x0000008a   Code   RO          450    .text               c_w.l(lludiv10.o)
    0x08007a46   0x00000002   PAD
    0x08007a48   0x00000030   Code   RO          452    .text               c_w.l(_printf_char_common.o)
    0x08007a78   0x00000080   Code   RO          454    .text               c_w.l(_printf_fp_infnan.o)
    0x08007af8   0x000000d8   Code   RO          456    .text               c_w.l(bigflt0.o)
    0x08007bd0   0x00000008   Code   RO          481    .text               c_w.l(ferror.o)
    0x08007bd8   0x00000008   Code   RO          492    .text               c_w.l(libspace.o)
    0x08007be0   0x0000004a   Code   RO          495    .text               c_w.l(sys_stackheap_outer.o)
    0x08007c2a   0x0000000c   Code   RO          499    .text               c_w.l(exit.o)
    0x08007c36   0x00000002   PAD
    0x08007c38   0x00000080   Code   RO          501    .text               c_w.l(strcmpv7m.o)
    0x08007cb8   0x0000003e   Code   RO          459    CL$$btod_d2e        c_w.l(btod.o)
    0x08007cf6   0x00000046   Code   RO          461    CL$$btod_d2e_denorm_low  c_w.l(btod.o)
    0x08007d3c   0x00000060   Code   RO          460    CL$$btod_d2e_norm_op1  c_w.l(btod.o)
    0x08007d9c   0x00000338   Code   RO          469    CL$$btod_div_common  c_w.l(btod.o)
    0x080080d4   0x000000c6   Code   RO          466    CL$$btod_e2e        c_w.l(btod.o)
    0x0800819a   0x00000028   Code   RO          463    CL$$btod_ediv       c_w.l(btod.o)
    0x080081c2   0x00000028   Code   RO          462    CL$$btod_emul       c_w.l(btod.o)
    0x080081ea   0x00000244   Code   RO          468    CL$$btod_mult_common  c_w.l(btod.o)
    0x0800842e   0x00000028   Code   RO          490    i.__ARM_fpclassify  m_ws.l(fpclassify.o)
    0x08008456   0x00000002   PAD
    0x08008458   0x0000002c   Code   RO          486    locale$$code        c_w.l(lc_numeric_c.o)
    0x08008484   0x00000062   Code   RO          387    x$fpl$d2f           fz_ws.l(d2f.o)
    0x080084e6   0x00000002   PAD
    0x080084e8   0x00000150   Code   RO          389    x$fpl$dadd          fz_ws.l(daddsub_clz.o)
    0x08008638   0x000002b0   Code   RO          396    x$fpl$ddiv          fz_ws.l(ddiv.o)
    0x080088e8   0x00000154   Code   RO          399    x$fpl$dmul          fz_ws.l(dmul.o)
    0x08008a3c   0x0000009c   Code   RO          421    x$fpl$dnaninf       fz_ws.l(dnaninf.o)
    0x08008ad8   0x0000000c   Code   RO          423    x$fpl$dretinf       fz_ws.l(dretinf.o)
    0x08008ae4   0x00000016   Code   RO          390    x$fpl$drsb          fz_ws.l(daddsub_clz.o)
    0x08008afa   0x00000002   PAD
    0x08008afc   0x000001d4   Code   RO          391    x$fpl$dsub          fz_ws.l(daddsub_clz.o)
    0x08008cd0   0x00000056   Code   RO          401    x$fpl$f2d           fz_ws.l(f2d.o)
    0x08008d26   0x00000002   PAD
    0x08008d28   0x00000026   Code   RO          403    x$fpl$ffltu         fz_ws.l(fflt_clz.o)
    0x08008d4e   0x0000008c   Code   RO          425    x$fpl$fnaninf       fz_ws.l(fnaninf.o)
    0x08008dda   0x0000000a   Code   RO          427    x$fpl$fretinf       fz_ws.l(fretinf.o)
    0x08008de4   0x00000004   Code   RO          409    x$fpl$printf1       fz_ws.l(printf1.o)
    0x08008de8   0x00000000   Code   RO          429    x$fpl$usenofp       fz_ws.l(usenofp.o)
    0x08008de8   0x000017c0   Data   RO          148    .constdata          lcd.o
    0x0800a5a8   0x00000028   Data   RO          343    .constdata          c_w.l(_printf_hex_int.o)
    0x0800a5d0   0x00000094   Data   RO          457    .constdata          c_w.l(bigflt0.o)
    0x0800a664   0x00000020   Data   RO          626    Region$$Table       anon$$obj.o
    0x0800a684   0x0000001c   Data   RO          485    locale$$data        c_w.l(lc_numeric_c.o)


    Execution Region RW_IRAM1 (Base: 0x20000000, Size: 0x000007a0, Max: 0x0000c000, ABSOLUTE)

    Base Addr    Size         Type   Attr      Idx    E Section Name        Object

    0x20000000   0x00000004   Data   RW            3    .data               main.o
    0x20000004   0x00000014   Data   RW          117    .data               system_stm32f10x.o
    0x20000018   0x00000004   Data   RW          149    .data               lcd.o
    0x2000001c   0x00000004   Data   RW          189    .data               delay.o
    0x20000020   0x00000006   Data   RW          216    .data               usart.o
    0x20000026   0x00000014   Data   RW          268    .data               stm32f10x_rcc.o
    0x2000003a   0x00000002   PAD
    0x2000003c   0x0000002c   Zero   RW            2    .bss                main.o
    0x20000068   0x0000000e   Zero   RW          147    .bss                lcd.o
    0x20000076   0x000000c8   Zero   RW          215    .bss                usart.o
    0x2000013e   0x00000002   PAD
    0x20000140   0x00000060   Zero   RW          493    .bss                c_w.l(libspace.o)
    0x200001a0   0x00000200   Zero   RW          249    HEAP                startup_stm32f10x_hd.o
    0x200003a0   0x00000400   Zero   RW          248    STACK               startup_stm32f10x_hd.o


==============================================================================

Image component sizes


      Code (inc. data)   RO Data    RW Data    ZI Data      Debug   Object Name

       304         12          0          0          0       1103   adc.o
         0          0          0          0          0         32   core_cm3.o
       212         18          0          4          0       1015   delay.o
     22692        204       6080          4         14      23728   lcd.o
       324         66          0          4         44     252488   main.o
       220         22          0          0          0       1793   misc.o
        64         26        304          0       1536        792   startup_stm32f10x_hd.o
      1102         26          0          0          0      10829   stm32f10x_adc.o
       596          8          0          0          0       4322   stm32f10x_dma.o
       860         38          0          0          0       5641   stm32f10x_gpio.o
        26          0          0          0          0       1178   stm32f10x_it.o
       932         36          0         20          0       8812   stm32f10x_rcc.o
      1032         22          0          0          0       8364   stm32f10x_usart.o
       480         38          0         20          0       1731   system_stm32f10x.o
       328         18          0          6        200       3158   usart.o

    ----------------------------------------------------------------------
     29176        534       6416         60       1796     324986   Object Totals
         0          0         32          0          0          0   (incl. Generated)
         4          0          0          2          2          0   (incl. Padding)

    ----------------------------------------------------------------------

      Code (inc. data)   RO Data    RW Data    ZI Data      Debug   Library Member Name

         8          0          0          0          0         68   __main.o
       104          0          0          0          0         84   __printf.o
        52          8          0          0          0          0   __scatter.o
        26          0          0          0          0          0   __scatter_copy.o
        28          0          0          0          0          0   __scatter_zi.o
        48          6          0          0          0         96   _printf_char_common.o
        36          4          0          0          0         80   _printf_char_file.o
         6          0          0          0          0          0   _printf_f.o
      1046          0          0          0          0        216   _printf_fp_dec.o
       128         16          0          0          0         84   _printf_fp_infnan.o
        88          4         40          0          0         88   _printf_hex_int.o
       178          0          0          0          0         88   _printf_intcommon.o
         0          0          0          0          0          0   _printf_percent.o
         4          0          0          0          0          0   _printf_percent_end.o
         6          0          0          0          0          0   _printf_x.o
       216          4        148          0          0         96   bigflt0.o
      1910        128          0          0          0        672   btod.o
        12          0          0          0          0         72   exit.o
         8          0          0          0          0         68   ferror.o
         6          0          0          0          0        152   heapauxi.o
        44         10         28          0          0         76   lc_numeric_c.o
         2          0          0          0          0          0   libinit.o
        18          0          0          0          0          0   libinit2.o
         2          0          0          0          0          0   libshutdown.o
         2          0          0          0          0          0   libshutdown2.o
         8          4          0          0         96         68   libspace.o
       138          0          0          0          0         80   lludiv10.o
        24          4          0          0          0         84   noretval__2printf.o
         8          4          0          0          0         68   rt_locale_intlibspace.o
         0          0          0          0          0          0   rtentry.o
        12          0          0          0          0          0   rtentry2.o
         6          0          0          0          0          0   rtentry4.o
         2          0          0          0          0          0   rtexit.o
        10          0          0          0          0          0   rtexit2.o
       128          0          0          0          0         68   strcmpv7m.o
        74          0          0          0          0         80   sys_stackheap_outer.o
         2          0          0          0          0         68   use_no_semi.o
         2          0          0          0          0         68   use_no_semi_2.o
        98          4          0          0          0         92   d2f.o
       826         16          0          0          0        348   daddsub_clz.o
       688        140          0          0          0        208   ddiv.o
       340         12          0          0          0        104   dmul.o
       156          4          0          0          0         92   dnaninf.o
        12          0          0          0          0         68   dretinf.o
        86          4          0          0          0         84   f2d.o
        38          0          0          0          0         68   fflt_clz.o
       140          4          0          0          0         84   fnaninf.o
        10          0          0          0          0         68   fretinf.o
         4          0          0          0          0         68   printf1.o
         0          0          0          0          0          0   usenofp.o
        40          0          0          0          0         68   fpclassify.o

    ----------------------------------------------------------------------
      6848        376        216          0         96       3876   Library Totals
        18          0          0          0          0          0   (incl. Padding)

    ----------------------------------------------------------------------

      Code (inc. data)   RO Data    RW Data    ZI Data      Debug   Library Name

      4392        192        216          0         96       2524   c_w.l
      2398        184          0          0          0       1284   fz_ws.l
        40          0          0          0          0         68   m_ws.l

    ----------------------------------------------------------------------
      6848        376        216          0         96       3876   Library Totals

    ----------------------------------------------------------------------

==============================================================================


      Code (inc. data)   RO Data    RW Data    ZI Data      Debug   

     36024        910       6632         60       1892     325634   Grand Totals
     36024        910       6632         60       1892     325634   ELF Image Totals
     36024        910       6632         60          0          0   ROM Totals

==============================================================================

    Total RO  Size (Code + RO Data)                42656 (  41.66kB)
    Total RW  Size (RW Data + ZI Data)              1952 (   1.91kB)
    Total ROM Size (Code + RO Data + RW Data)      42716 (  41.71kB)

==============================================================================

